###############################################################################
#
# IAR ELF Linker V9.20.4.327/W64 for ARM                  19/May/2022  20:08:23
# Copyright 2007-2022 IAR Systems AB.
#
#    Output file  =
#        C:\Users\papuz\OneDrive\Desktop\IMSI_Project\WorkSpace\DFT_BLE\Debug\Exe\DFT_BLE.out
#    Map file     =
#        C:\Users\papuz\OneDrive\Desktop\IMSI_Project\WorkSpace\DFT_BLE\Debug\List\DFT_BLE.map
#    Command line =
#        -f
#        C:\Users\papuz\OneDrive\Desktop\IMSI_Project\WorkSpace\DFT_BLE\Debug\Exe\DFT_BLE.out.rsp
#        (C:\Users\papuz\OneDrive\Desktop\IMSI_Project\WorkSpace\DFT_BLE\Debug\Obj\AD5940lib\ad5940.o
#        C:\Users\papuz\OneDrive\Desktop\IMSI_Project\WorkSpace\DFT_BLE\Debug\Obj\Application\AD5940Main.o
#        "C:\Users\papuz\OneDrive\Desktop\IMSI_Project\WorkSpace\DFT_BLE\Debug\Obj\CMSIS-Pack\BLE
#        Bluetooth low energy\adi_ble_logevent.o"
#        "C:\Users\papuz\OneDrive\Desktop\IMSI_Project\WorkSpace\DFT_BLE\Debug\Obj\CMSIS-Pack\BLE
#        Bluetooth low energy\adi_ble_noos.o"
#        "C:\Users\papuz\OneDrive\Desktop\IMSI_Project\WorkSpace\DFT_BLE\Debug\Obj\CMSIS-Pack\BLE
#        Bluetooth low energy\adi_ble_radio.o"
#        "C:\Users\papuz\OneDrive\Desktop\IMSI_Project\WorkSpace\DFT_BLE\Debug\Obj\CMSIS-Pack\BLE
#        Bluetooth low energy\adi_ble_transport.o"
#        "C:\Users\papuz\OneDrive\Desktop\IMSI_Project\WorkSpace\DFT_BLE\Debug\Obj\CMSIS-Pack\Device.Drivers
#        DMA\adi_dma.o"
#        "C:\Users\papuz\OneDrive\Desktop\IMSI_Project\WorkSpace\DFT_BLE\Debug\Obj\CMSIS-Pack\Device.Drivers
#        GPIO\adi_gpio.o"
#        C:\Users\papuz\OneDrive\Desktop\IMSI_Project\WorkSpace\DFT_BLE\Debug\Obj\Initialize\adi_initialize.o
#        "C:\Users\papuz\OneDrive\Desktop\IMSI_Project\WorkSpace\DFT_BLE\Debug\Obj\CMSIS-Pack\Device.Drivers
#        Power\adi_pwr.o"
#        "C:\Users\papuz\OneDrive\Desktop\IMSI_Project\WorkSpace\DFT_BLE\Debug\Obj\CMSIS-Pack\Device.Drivers
#        SPI\adi_spi.o"
#        "C:\Users\papuz\OneDrive\Desktop\IMSI_Project\WorkSpace\DFT_BLE\Debug\Obj\CMSIS-Pack\Device.Drivers
#        TMR\adi_tmr.o"
#        C:\Users\papuz\OneDrive\Desktop\IMSI_Project\WorkSpace\DFT_BLE\Debug\Obj\AD5940lib\ADICUP3029Port.o
#        C:\Users\papuz\OneDrive\Desktop\IMSI_Project\WorkSpace\DFT_BLE\Debug\Obj\Application\main.o
#        C:\Users\papuz\OneDrive\Desktop\IMSI_Project\WorkSpace\DFT_BLE\Debug\Obj\Initialize\pinmux_config.o
#        "C:\Users\papuz\OneDrive\Desktop\IMSI_Project\WorkSpace\DFT_BLE\Debug\Obj\CMSIS-Pack\Device
#        Startup\startup_ADuCM3029.o"
#        "C:\Users\papuz\OneDrive\Desktop\IMSI_Project\WorkSpace\DFT_BLE\Debug\Obj\CMSIS-Pack\Device
#        Startup\system_ADuCM3029.o"
#        C:\Users\papuz\OneDrive\Desktop\IMSI_Project\WorkSpace\DFT_BLE\Debug\Obj\Application\UARTCmd.o
#        --redirect _Printf=_PrintfFullNoMb --redirect _Scanf=_ScanfFullNoMb
#        --no_out_extension -o
#        C:\Users\papuz\OneDrive\Desktop\IMSI_Project\WorkSpace\DFT_BLE\Debug\Exe\DFT_BLE.out
#        --map
#        C:\Users\papuz\OneDrive\Desktop\IMSI_Project\WorkSpace\DFT_BLE\Debug\List\DFT_BLE.map
#        --config
#        C:/Users/papuz/IAR-CMSIS-Packs/AnalogDevices/ADuCM302x_DFP/3.2.0/\ARM\config\linker\AnalogDevices\ADuCM3029.icf
#        --semihosting --entry __iar_program_start --vfe --text_out locale)
#
###############################################################################

*******************************************************************************
*** RUNTIME MODEL ATTRIBUTES
***

CppFlavor       = *
__CPP_Runtime   = 1
__SystemLibrary = DLib
__dlib_version  = 6


*******************************************************************************
*** HEAP SELECTION
***

The basic heap was selected because some modules are built with
size limitations (and not runtime checking), and --advanced_heap
was not specified.


*******************************************************************************
*** PLACEMENT SUMMARY
***

"A3":  place at address 0x180 { ro section .security_options };
define block CHECKSUM with size = 4, alignment = 4 { ro section .checksum };
"A4":  place at address 0x7fc { block CHECKSUM };
"A5":  place at start of [from 0x0 to 0x17f] { ro section .intvec };
"P2":  place in [from 0x800 to 0x3'ffff] { ro };
define block CSTACK with size = 1K, alignment = 8 { };
"A6":  place at end of [from 0x2000'0000 to 0x2000'1fff] { block CSTACK };
define block HEAP with size = 512, alignment = 8 { };
"P3":  place in [from 0x2000'0000 to 0x2000'1fff] { rw, block HEAP };
initialize by copy { rw };

No sections matched the following patterns:

  ro section .checksum                 in block CHECKSUM
  ro section CRC_ReadProtectedKeyHash  in "A1"
  ro section NumCRCPages               in "A2"
  ro section Page0_region              in "P1"
  ro section ReadProtectedKeyHash      in "A0"
  rw section bank1_retained_ram        in "P5"
  rw section never_retained_ram        in "P6"
  section ISRAM_REGION                 in "P4"


  Section            Kind         Address    Size  Object
  -------            ----         -------    ----  ------
"A5":                                       0x140
  .intvec            ro code          0x0   0x140  startup_ADuCM3029.o [4]
                                  - 0x140   0x140

"A3":                                        0x20
  .security_options  const          0x180    0x20  system_ADuCM3029.o [4]
                                  - 0x1a0    0x20

"A4":                                         0x4
  CHECKSUM                          0x7fc     0x4  <Block>
    CHECKSUM         uninit         0x7fc     0x4  <Block tail>
                                  - 0x800     0x4

"P2":                                      0x62a1
  .text              ro code        0x800   0xf12  xprintffull_nomb.o [11]
  .text              ro code       0x1712    0x3a  packbits_init_single.o [13]
  .text              ro code       0x174c    0x16  strchr.o [13]
  .text              ro code       0x1762     0xa  xsprout.o [11]
  .text              ro code       0x176c    0x40  xfail_s.o [11]
  .text              ro code       0x17ac    0x36  strlen.o [13]
  .text              ro code       0x17e4    0x58  memchr.o [13]
  .text              ro code       0x183c    0xa6  ABImemcpy.o [13]
  .text              ro code       0x18e4    0x70  frexp.o [12]
  .text              ro code       0x1954    0x34  DblCmpLe.o [12]
  .text              ro code       0x1988    0x34  DblCmpGe.o [12]
  .text              ro code       0x19bc   0x13a  ldexp.o [12]
  .text              ro code       0x1af8    0x36  DblToS32.o [12]
  .text              ro code       0x1b30    0x22  S32ToDbl.o [12]
  .text              ro code       0x1b54   0x24e  DblAddSub.o [12]
  .text              ro code       0x1da4   0x246  DblDiv.o [12]
  .text              ro code       0x1fec    0x22  DblToU32.o [12]
  .text              ro code       0x2010    0x1c  U32ToDbl.o [12]
  .text              ro code       0x202c   0x1aa  DblMul.o [12]
  .text              ro code       0x21d8   0x230  I64DivMod.o [13]
  .text              ro code       0x2408     0x6  abort.o [11]
  .text              ro code       0x2410     0x2  I64DivZer.o [13]
  .text              ro code       0x2414    0x14  exit.o [14]
  .text              ro code       0x2428   0xa14  adi_ble_radio.o [3]
  .text              ro code       0x2e3c   0x354  adi_ble_transport.o [3]
  .text              ro code       0x3190   0x196  adi_ble_noos.o [3]
  .text              ro code       0x3328    0x66  ABImemset.o [13]
  .text              ro code       0x3390   0x1c8  adi_gpio.o [6]
  .text              ro code       0x3558   0x720  adi_spi.o [8]
  .text              ro code       0x3c78   0x28a  adi_tmr.o [9]
  .text              ro code       0x3f04   0x168  adi_dma.o [5]
  .text              ro code       0x406c   0x1e8  adi_pwr.o [7]
  .text              ro code       0x4254   0xa02  ad5940.o [1]
  .text              ro code       0x4c58   0x1c8  ADICUP3029Port.o [1]
  .text              ro code       0x4e20    0x1c  FltCmpEq.o [12]
  .text              ro code       0x4e3c    0x22  I64Shl.o [13]
  .text              ro code       0x4e60    0x5a  S64ToFlt.o [12]
  .text              ro code       0x4ebc    0xd8  FltMul.o [12]
  .text              ro code       0x4f94   0x118  FltDiv.o [12]
  .text              ro code       0x50ac   0x162  FltAddSub.o [12]
  .text              ro code       0x5210    0x18  FltToU32.o [12]
  .text              ro code       0x5228   0x4c4  main.o [2]
  .text              ro code       0x56ec     0xe  adi_initialize.o [10]
  .text              ro code       0x56fc   0x1ac  AD5940Main.o [2]
  .text              ro code       0x58a8   0x454  UARTCmd.o [2]
  .text              ro code       0x5cfc    0x28  printf.o [11]
  .text              ro code       0x5d24    0x10  pinmux_config.o [10]
  .text              ro code       0x5d34    0x12  strcmp.o [13]
  .text              ro code       0x5d46    0x96  iar_Stolx.o [11]
  .text              ro code       0x5ddc    0x48  FltToDbl.o [12]
  .text              ro code       0x5e24    0x24  S32ToFlt.o [12]
  .text              ro code       0x5e48    0xf2  sqrt.o [12]
  .text              ro code       0x5f3c    0x68  DblToFlt.o [12]
  .text              ro code       0x5fa4    0xbc  atan2_32.o [12]
  .text              ro code       0x6060    0x28  FltCmpLe.o [12]
  .text              ro code       0x6088    0x40  sprintf.o [11]
  .text              ro code       0x60c8    0x1e  strcat.o [11]
  .text              ro code       0x60e8   0x144  iar_Stoulx.o [11]
  .text              ro code       0x622c   0x118  iar_Atan32.o [12]
  .rodata            const         0x6344    0x70  ad5940.o [1]
  .text              ro code       0x63b4    0x6c  system_ADuCM3029.o [4]
  .rodata            const         0x6420    0x50  iar_Stoulx.o [11]
  .rodata            const         0x6470    0x48  main.o [2]
  .text              ro code       0x64b8    0x38  zero_init3.o [13]
  .rodata            const         0x64f0    0x30  main.o [2]
  .rodata            const         0x6520    0x2c  AD5940Main.o [2]
  .rodata            const         0x654c    0x2c  main.o [2]
  .rodata            const         0x6578    0x2c  main.o [2]
  .rodata            const         0x65a4    0x2c  main.o [2]
  .rodata            const         0x65d0    0x2c  UARTCmd.o [2]
  .text              ro code       0x65fc    0x28  data_init.o [13]
  .rodata            const         0x6624    0x24  main.o [2]
  .rodata            const         0x6648    0x24  main.o [2]
  .rodata            const         0x666c    0x24  main.o [2]
  .iar.init_table    const         0x6690    0x20  - Linker created -
  .rodata            const         0x66b0    0x20  main.o [2]
  .rodata            const         0x66d0    0x20  main.o [2]
  .rodata            const         0x66f0    0x20  main.o [2]
  .rodata            const         0x6710    0x20  main.o [2]
  .text              ro code       0x6730    0x20  startup_ADuCM3029.o [4]
  .text              ro code       0x6750    0x1e  cmain.o [13]
  .text              ro code       0x676e     0x4  low_level_init.o [11]
  .text              ro code       0x6772     0x4  exit.o [11]
  .text              ro code       0x6778     0xa  cexit.o [13]
  .rodata            const         0x6784    0x1c  main.o [2]
  .rodata            const         0x67a0    0x1c  main.o [2]
  .rodata            const         0x67bc    0x1c  main.o [2]
  .rodata            const         0x67d8    0x1c  UARTCmd.o [2]
  .text              ro code       0x67f4    0x1c  cstartup_M.o [13]
  .rodata            const         0x6810    0x18  main.o [2]
  .text              ro code       0x6828    0x16  xprout.o [11]
  .rodata            const         0x6840    0x14  AD5940Main.o [2]
  .rodata            const         0x6854    0x14  main.o [2]
  .rodata            const         0x6868    0x14  main.o [2]
  .rodata            const         0x687c    0x14  main.o [2]
  .rodata            const         0x6890    0x14  main.o [2]
  .rodata            const         0x68a4    0x14  UARTCmd.o [2]
  .rodata            const         0x68b8    0x14  UARTCmd.o [2]
  .rodata            const         0x68cc    0x10  main.o [2]
  .rodata            const         0x68dc    0x10  main.o [2]
  .rodata            const         0x68ec    0x10  main.o [2]
  .rodata            const         0x68fc    0x10  main.o [2]
  .rodata            const         0x690c    0x10  UARTCmd.o [2]
  .rodata            const         0x691c     0xc  adi_spi.o [8]
  .rodata            const         0x6928     0x8  UARTCmd.o [2]
  .rodata            const         0x6930     0x8  UARTCmd.o [2]
  .rodata            const         0x6938     0x8  UARTCmd.o [2]
  .rodata            const         0x6940     0x8  UARTCmd.o [2]
  .rodata            const         0x6948     0x4  adi_dma.o [5]
  .rodata            const         0x694c     0x4  adi_dma.o [5]
  .rodata            const         0x6950     0x4  adi_tmr.o [9]
  .text              ro code       0x6954     0x4  startup_ADuCM3029.o [4]
  .text              ro code       0x6958     0x4  startup_ADuCM3029.o [4]
  .text              ro code       0x695c     0x4  startup_ADuCM3029.o [4]
  .text              ro code       0x6960     0x4  startup_ADuCM3029.o [4]
  .text              ro code       0x6964     0x4  startup_ADuCM3029.o [4]
  .text              ro code       0x6968     0x4  startup_ADuCM3029.o [4]
  .text              ro code       0x696c     0x4  startup_ADuCM3029.o [4]
  .text              ro code       0x6970     0x4  startup_ADuCM3029.o [4]
  .text              ro code       0x6974     0x4  startup_ADuCM3029.o [4]
  .text              ro code       0x6978     0x4  startup_ADuCM3029.o [4]
  .text              ro code       0x697c     0x4  startup_ADuCM3029.o [4]
  .text              ro code       0x6980     0x4  startup_ADuCM3029.o [4]
  .text              ro code       0x6984     0x4  startup_ADuCM3029.o [4]
  .text              ro code       0x6988     0x4  startup_ADuCM3029.o [4]
  .text              ro code       0x698c     0x4  startup_ADuCM3029.o [4]
  .text              ro code       0x6990     0x4  startup_ADuCM3029.o [4]
  .text              ro code       0x6994     0x4  startup_ADuCM3029.o [4]
  .text              ro code       0x6998     0x4  startup_ADuCM3029.o [4]
  .text              ro code       0x699c     0x4  startup_ADuCM3029.o [4]
  .text              ro code       0x69a0     0x4  startup_ADuCM3029.o [4]
  .text              ro code       0x69a4     0x4  startup_ADuCM3029.o [4]
  .text              ro code       0x69a8     0x4  startup_ADuCM3029.o [4]
  .text              ro code       0x69ac     0x4  startup_ADuCM3029.o [4]
  .text              ro code       0x69b0     0x4  startup_ADuCM3029.o [4]
  .text              ro code       0x69b4     0x4  startup_ADuCM3029.o [4]
  .text              ro code       0x69b8     0x4  startup_ADuCM3029.o [4]
  .text              ro code       0x69bc     0x4  startup_ADuCM3029.o [4]
  .text              ro code       0x69c0     0x4  startup_ADuCM3029.o [4]
  .text              ro code       0x69c4     0x4  startup_ADuCM3029.o [4]
  .text              ro code       0x69c8     0x4  startup_ADuCM3029.o [4]
  .text              ro code       0x69cc     0x4  startup_ADuCM3029.o [4]
  .text              ro code       0x69d0     0x4  startup_ADuCM3029.o [4]
  .text              ro code       0x69d4     0x4  startup_ADuCM3029.o [4]
  .text              ro code       0x69d8     0x4  startup_ADuCM3029.o [4]
  .text              ro code       0x69dc     0x4  startup_ADuCM3029.o [4]
  .text              ro code       0x69e0     0x4  startup_ADuCM3029.o [4]
  .text              ro code       0x69e4     0x4  startup_ADuCM3029.o [4]
  .text              ro code       0x69e8     0x4  startup_ADuCM3029.o [4]
  .text              ro code       0x69ec     0x4  startup_ADuCM3029.o [4]
  .text              ro code       0x69f0     0x4  startup_ADuCM3029.o [4]
  .text              ro code       0x69f4     0x4  startup_ADuCM3029.o [4]
  .text              ro code       0x69f8     0x4  startup_ADuCM3029.o [4]
  .text              ro code       0x69fc     0x4  startup_ADuCM3029.o [4]
  .text              ro code       0x6a00     0x4  startup_ADuCM3029.o [4]
  .rodata            const         0x6a04     0x0  zero_init3.o [13]
  .rodata            const         0x6a04     0x0  packbits_init_single.o [13]
  Initializer bytes  const         0x6a04    0x9d  <for P3-1>
                                 - 0x6aa1  0x62a1

"P3", part 1 of 2:                           0xbc
  P3-1                        0x2000'0000    0xbc  <Init block>
    .data            inited   0x2000'0000     0xc  adi_ble_noos.o [3]
    .data            inited   0x2000'000c     0x4  adi_ble_radio.o [3]
    .data            inited   0x2000'0010     0x4  adi_ble_transport.o [3]
    .data            inited   0x2000'0014    0x10  adi_ble_transport.o [3]
    .data            inited   0x2000'0024    0x10  adi_gpio.o [6]
    .data            inited   0x2000'0034    0x3c  adi_spi.o [8]
    .data            inited   0x2000'0070     0x8  adi_tmr.o [9]
    .data            inited   0x2000'0078     0x8  adi_tmr.o [9]
    .data            inited   0x2000'0080     0x8  adi_tmr.o [9]
    .data            inited   0x2000'0088     0x8  adi_tmr.o [9]
    .data            inited   0x2000'0090     0x8  adi_tmr.o [9]
    .data            inited   0x2000'0098     0xc  adi_tmr.o [9]
    .data            inited   0x2000'00a4    0x18  UARTCmd.o [2]
                            - 0x2000'00bc    0xbc

"P3", part 2 of 2:                          0xacc
  .bss               zero     0x2000'0400   0x400  adi_dma.o [5]
  .bss               zero     0x2000'0800   0x114  adi_ble_radio.o [3]
  .bss               zero     0x2000'0914    0xe0  adi_dma.o [5]
  .bss               zero     0x2000'09f4    0x84  adi_ble_transport.o [3]
  .bss               zero     0x2000'0a78    0x80  UARTCmd.o [2]
  .bss               zero     0x2000'0af8    0x1c  ad5940.o [1]
  .bss               zero     0x2000'0b14    0x14  AD5940Main.o [2]
  .bss               zero     0x2000'0b28     0xc  adi_tmr.o [9]
  .bss               zero     0x2000'0b34     0xc  adi_tmr.o [9]
  .bss               zero     0x2000'0b40     0x4  adi_ble_noos.o [3]
  .bss               zero     0x2000'0b44     0x4  adi_ble_noos.o [3]
  .bss               zero     0x2000'0b48     0x4  adi_pwr.o [7]
  .bss               zero     0x2000'0b4c     0x4  adi_pwr.o [7]
  .bss               zero     0x2000'0b50     0x4  adi_pwr.o [7]
  .bss               zero     0x2000'0b54     0x4  ADICUP3029Port.o [1]
  .bss               zero     0x2000'0b58     0x4  UARTCmd.o [2]
  .bss               zero     0x2000'0b5c     0x4  UARTCmd.o [2]
  .bss               zero     0x2000'0b60     0x4  UARTCmd.o [2]
  .bss               zero     0x2000'0b64     0x4  UARTCmd.o [2]
  .bss               zero     0x2000'0b68     0x4  UARTCmd.o [2]
  .bss               zero     0x2000'0b6c     0x4  UARTCmd.o [2]
  .bss               zero     0x2000'0b70     0x4  UARTCmd.o [2]
  .bss               zero     0x2000'0b74     0x4  UARTCmd.o [2]
  .bss               zero     0x2000'0b78     0x4  UARTCmd.o [2]
  .bss               zero     0x2000'0b7c     0x4  xfail_s.o [11]
  .bss               zero     0x2000'0b80     0x1  ad5940.o [1]
  .bss               zero     0x2000'0b81     0x1  adi_ble_noos.o [3]
  .bss               zero     0x2000'0b82     0x1  adi_ble_noos.o [3]
  .bss               zero     0x2000'0b83     0x1  main.o [2]
  .bss               zero     0x2000'0b84     0x1  main.o [2]
                            - 0x2000'0b85   0xac9

"A6":                                       0x400
  CSTACK                      0x2000'1c00   0x400  <Block>
    CSTACK           uninit   0x2000'1c00   0x400  <Block tail>
                            - 0x2000'2000   0x400

Unused ranges:

         From           To      Size
         ----           --      ----
       0x6aa1     0x3'ffff  0x3'955f
  0x2000'0b88  0x2000'1bff    0x1078


*******************************************************************************
*** INIT TABLE
***

          Address      Size
          -------      ----
Zero (__iar_zero_init3)
    1 destination range, total size 0x785:
          0x2000'0400  0x785

Copy/packbits (__iar_packbits_init_single3)
    1 source range, total size 0x9d (83% of destination):
               0x6a04   0x9d
    1 destination range, total size 0xbc:
          0x2000'0000   0xbc



*******************************************************************************
*** MODULE SUMMARY
***

    Module                  ro code  ro data  rw data
    ------                  -------  -------  -------
command line/config:
    -------------------------------------------------
    Total:

C:\Users\papuz\OneDrive\Desktop\IMSI_Project\WorkSpace\DFT_BLE\Debug\Obj\AD5940lib: [1]
    ADICUP3029Port.o            456                 4
    ad5940.o                  2'562      112       29
    -------------------------------------------------
    Total:                    3'018      112       33

C:\Users\papuz\OneDrive\Desktop\IMSI_Project\WorkSpace\DFT_BLE\Debug\Obj\Application: [2]
    AD5940Main.o                428       64       20
    UARTCmd.o                 1'108      181      188
    main.o                    1'220      740        2
    -------------------------------------------------
    Total:                    2'756      985      210

C:\Users\papuz\OneDrive\Desktop\IMSI_Project\WorkSpace\DFT_BLE\Debug\Obj\CMSIS-Pack\BLE Bluetooth low energy: [3]
    adi_ble_noos.o              406       10       22
    adi_ble_radio.o           2'580        3      280
    adi_ble_transport.o         852       17      152
    -------------------------------------------------
    Total:                    3'838       30      454

C:\Users\papuz\OneDrive\Desktop\IMSI_Project\WorkSpace\DFT_BLE\Debug\Obj\CMSIS-Pack\Device Startup: [4]
    startup_ADuCM3029.o         528
    system_ADuCM3029.o          108       32
    -------------------------------------------------
    Total:                      636       32

C:\Users\papuz\OneDrive\Desktop\IMSI_Project\WorkSpace\DFT_BLE\Debug\Obj\CMSIS-Pack\Device.Drivers DMA: [5]
    adi_dma.o                   360        8    1'248
    -------------------------------------------------
    Total:                      360        8    1'248

C:\Users\papuz\OneDrive\Desktop\IMSI_Project\WorkSpace\DFT_BLE\Debug\Obj\CMSIS-Pack\Device.Drivers GPIO: [6]
    adi_gpio.o                  456       13       16
    -------------------------------------------------
    Total:                      456       13       16

C:\Users\papuz\OneDrive\Desktop\IMSI_Project\WorkSpace\DFT_BLE\Debug\Obj\CMSIS-Pack\Device.Drivers Power: [7]
    adi_pwr.o                   488                12
    -------------------------------------------------
    Total:                      488                12

C:\Users\papuz\OneDrive\Desktop\IMSI_Project\WorkSpace\DFT_BLE\Debug\Obj\CMSIS-Pack\Device.Drivers SPI: [8]
    adi_spi.o                 1'824       62       60
    -------------------------------------------------
    Total:                    1'824       62       60

C:\Users\papuz\OneDrive\Desktop\IMSI_Project\WorkSpace\DFT_BLE\Debug\Obj\CMSIS-Pack\Device.Drivers TMR: [9]
    adi_tmr.o                   650       47       76
    -------------------------------------------------
    Total:                      650       47       76

C:\Users\papuz\OneDrive\Desktop\IMSI_Project\WorkSpace\DFT_BLE\Debug\Obj\Initialize: [10]
    adi_initialize.o             14
    pinmux_config.o              16
    -------------------------------------------------
    Total:                       30

dl7M_tln.a: [11]
    abort.o                       6
    exit.o                        4
    iar_Stolx.o                 150
    iar_Stoulx.o                324       80
    low_level_init.o              4
    printf.o                     40
    sprintf.o                    64
    strcat.o                     30
    xfail_s.o                    64                 4
    xprintffull_nomb.o        3'858
    xprout.o                     22
    xsprout.o                    10
    -------------------------------------------------
    Total:                    4'576       80        4

m7M_tl.a: [12]
    DblAddSub.o                 590
    DblCmpGe.o                   52
    DblCmpLe.o                   52
    DblDiv.o                    582
    DblMul.o                    426
    DblToFlt.o                  104
    DblToS32.o                   54
    DblToU32.o                   34
    FltAddSub.o                 354
    FltCmpEq.o                   28
    FltCmpLe.o                   40
    FltDiv.o                    280
    FltMul.o                    216
    FltToDbl.o                   72
    FltToU32.o                   24
    S32ToDbl.o                   34
    S32ToFlt.o                   36
    S64ToFlt.o                   90
    U32ToDbl.o                   28
    atan2_32.o                  188
    frexp.o                     112
    iar_Atan32.o                280
    ldexp.o                     314
    sqrt.o                      242
    -------------------------------------------------
    Total:                    4'232

rt7M_tl.a: [13]
    ABImemcpy.o                 166
    ABImemset.o                 102
    I64DivMod.o                 560
    I64DivZer.o                   2
    I64Shl.o                     34
    cexit.o                      10
    cmain.o                      30
    cstartup_M.o                 28
    data_init.o                  40
    memchr.o                     88
    packbits_init_single.o       58
    strchr.o                     22
    strcmp.o                     18
    strlen.o                     54
    zero_init3.o                 56
    -------------------------------------------------
    Total:                    1'268

shb_l.a: [14]
    exit.o                       20
    -------------------------------------------------
    Total:                       20

    Gaps                         44        4      836
    Linker created                        32    1'028
-----------------------------------------------------
    Grand Total:             24'196    1'405    3'977


*******************************************************************************
*** ENTRY LIST
***

Entry                       Address   Size  Type      Object
-----                       -------   ----  ----      ------
.iar.init_table$$Base        0x6690          --   Gb  - Linker created -
.iar.init_table$$Limit       0x66b0          --   Gb  - Linker created -
?main                        0x6751         Code  Gb  cmain.o [13]
AD5940PlatformCfg            0x56fd   0xd0  Code  Lc  AD5940Main.o [2]
AD5940_ADCBaseCfgS           0x47c9   0x1c  Code  Gb  ad5940.o [1]
AD5940_ADCConvtCtrlS         0x483b   0x28  Code  Gb  ad5940.o [1]
AD5940_ADCDigCompCfgS        0x4871   0x2e  Code  Gb  ad5940.o [1]
AD5940_ADCFilterCfgS         0x47e5   0x56  Code  Gb  ad5940.o [1]
AD5940_AFECtrlS              0x45ad   0x58  Code  Gb  ad5940.o [1]
AD5940_AFEPwrBW              0x4605   0x12  Code  Gb  ad5940.o [1]
AD5940_AGPIOCfg              0x4bd5   0x26  Code  Gb  ad5940.o [1]
AD5940_AGPIOFuncCfg          0x4bfb    0xc  Code  Gb  ad5940.o [1]
AD5940_AGPIOIen              0x4c13    0xc  Code  Gb  ad5940.o [1]
AD5940_AGPIOOen              0x4c07    0xc  Code  Gb  ad5940.o [1]
AD5940_AGPIOPen              0x4c1f    0xc  Code  Gb  ad5940.o [1]
AD5940_CLKCfg                0x49df  0x112  Code  Gb  ad5940.o [1]
AD5940_CsClr                 0x4cc5    0xa  Code  Gb  ADICUP3029Port.o [1]
AD5940_CsSet                 0x4ccf    0xa  Code  Gb  ADICUP3029Port.o [1]
AD5940_DFTCfgS               0x48c3   0x50  Code  Gb  ad5940.o [1]
AD5940_DSPCfgS               0x472b   0x2c  Code  Gb  ad5940.o [1]
AD5940_Delay10us             0x4ce9   0x46  Code  Gb  ADICUP3029Port.o [1]
AD5940_FIFOCfg               0x4913   0x58  Code  Gb  ad5940.o [1]
AD5940_HFOSC32MHzCtrl        0x4af1   0x7e  Code  Gb  ad5940.o [1]
AD5940_HWReset               0x4c3d   0x1a  Code  Gb  ad5940.o [1]
AD5940_INTCCfg               0x4b6f   0x34  Code  Gb  ad5940.o [1]
AD5940_INTCClrFlag           0x4ba3    0xe  Code  Gb  ad5940.o [1]
AD5940_INTCTestFlag          0x4bb1   0x24  Code  Gb  ad5940.o [1]
AD5940_Initialize            0x4529   0x82  Code  Gb  ad5940.o [1]
AD5940_MCUResourceInit       0x4d2f   0x7e  Code  Gb  ADICUP3029Port.o [1]
AD5940_MainBLE               0x5855   0x34  Code  Gb  AD5940Main.o [2]
AD5940_ReadAfeResult         0x4757   0x72  Code  Gb  ad5940.o [1]
AD5940_ReadReg               0x450d   0x1c  Code  Gb  ad5940.o [1]
AD5940_ReadWrite16B          0x43e9   0x2c  Code  Lc  ad5940.o [1]
AD5940_ReadWrite32B          0x4415   0x3e  Code  Lc  ad5940.o [1]
AD5940_ReadWrite8B           0x43d1   0x18  Code  Lc  ad5940.o [1]
AD5940_ReadWriteNBytes       0x4c75   0x50  Code  Gb  ADICUP3029Port.o [1]
AD5940_RstClr                0x4ce1    0x8  Code  Gb  ADICUP3029Port.o [1]
AD5940_RstSet                0x4cd9    0x8  Code  Gb  ADICUP3029Port.o [1]
AD5940_SEQCfg                0x496b   0x74  Code  Gb  ad5940.o [1]
AD5940_SEQGenGetRegDefault
                             0x42af   0x10  Code  Lc  ad5940.o [1]
AD5940_SEQGenInsert          0x4255   0x28  Code  Gb  ad5940.o [1]
AD5940_SEQGenSearchReg       0x427d   0x32  Code  Lc  ad5940.o [1]
AD5940_SEQReadReg            0x4305   0x3c  Code  Lc  ad5940.o [1]
AD5940_SEQRegInfoInsert
                             0x42bf   0x46  Code  Lc  ad5940.o [1]
AD5940_SEQWriteReg           0x4341   0x7c  Code  Lc  ad5940.o [1]
AD5940_SPIReadReg            0x449d   0x54  Code  Lc  ad5940.o [1]
AD5940_SPIWriteReg           0x4453   0x4a  Code  Lc  ad5940.o [1]
AD5940_SleepKeyCtrlS         0x4c2b    0xe  Code  Gb  ad5940.o [1]
AD5940_StatisticCfgS         0x489f   0x24  Code  Gb  ad5940.o [1]
AD5940_StructInit            0x43bd    0xe  Code  Gb  ad5940.o [1]
AD5940_WGCfgS                0x4617   0xa8  Code  Gb  ad5940.o [1]
AD5940_WGFreqWordCal         0x46bf   0x6a  Code  Gb  ad5940.o [1]
AD5940_WriteReg              0x44f1   0x1c  Code  Gb  ad5940.o [1]
ApplicationCallback          0x5541   0x84  Code  Lc  main.o [2]
BLECmd_Process               0x5a93   0x5e  Code  Gb  UARTCmd.o [2]
Battery_Voltage_Int_Handler
                             0x40f9   0x26  Code  Gb  adi_pwr.o [7]
BleCallback                  0x3299    0x8  Code  Lc  adi_ble_noos.o [3]
CHECKSUM$$Base                0x7fc          --   Gb  - Linker created -
CHECKSUM$$Limit               0x800          --   Gb  - Linker created -
CSTACK$$Base            0x2000'1c00          --   Gb  - Linker created -
CSTACK$$Limit           0x2000'2000          --   Gb  - Linker created -
ClearEventPending            0x32a7    0x8  Code  Lc  adi_ble_noos.o [3]
Cli_start                    0x58c7   0x12  Code  Gb  UARTCmd.o [2]
Cli_stop                     0x58d9   0x10  Code  Gb  UARTCmd.o [2]
CommonIntHandler             0x3e57   0x62  Code  Lc  adi_tmr.o [9]
CommonInterruptHandler       0x34d9   0x5c  Code  Lc  adi_gpio.o [6]
Crystal_osc_Int_Handler
                             0x40a5   0x54  Code  Gb  adi_pwr.o [7]
DFT_config                   0x57cd   0x88  Code  Gb  AD5940Main.o [2]
DMA_DevData             0x2000'0914   0xe0  Data  Lc  adi_dma.o [5]
DMA_Err_Int_Handler          0x3fc1   0x7c  Code  Gb  adi_dma.o [5]
DMA_SPI0_RX_Int_Handler
                             0x3bc9   0x24  Code  Gb  adi_spi.o [8]
DMA_SPI0_TX_Int_Handler
                             0x3bbf    0xa  Code  Gb  adi_spi.o [8]
DMA_SPI1_RX_Int_Handler
                             0x3bf7   0x24  Code  Gb  adi_spi.o [8]
DMA_SPI1_TX_Int_Handler
                             0x3bed    0xa  Code  Gb  adi_spi.o [8]
DMA_SPI2_RX_Int_Handler
                             0x3c25   0x24  Code  Gb  adi_spi.o [8]
DMA_SPI2_TX_Int_Handler
                             0x3c1b    0xa  Code  Gb  adi_spi.o [8]
Ext_Int0_Handler             0x4dad    0xe  Code  Gb  ADICUP3029Port.o [1]
Function_DFT                 0x5af1  0x19a  Code  Gb  UARTCmd.o [2]
GPIO_A_Int_Handler           0x3541    0xc  Code  Gb  adi_gpio.o [6]
GPIO_B_Int_Handler           0x354d    0xc  Code  Gb  adi_gpio.o [6]
GP_Tmr0_Int_Handler          0x3ee5    0xa  Code  Gb  adi_tmr.o [9]
GP_Tmr1_Int_Handler          0x3eef    0xa  Code  Gb  adi_tmr.o [9]
GP_Tmr2_Int_Handler          0x3ef9    0xa  Code  Gb  adi_tmr.o [9]
InitBluetoothLowEnergy       0x54b7   0x88  Code  Gb  main.o [2]
IsEventPending               0x32a1    0x6  Code  Lc  adi_ble_noos.o [3]
IsTimerDone                  0x32b9    0x6  Code  Lc  adi_ble_noos.o [3]
MCUPlatformInit              0x5265   0x4a  Code  Gb  main.o [2]
Mag                     0x2000'0b58    0x4  Data  Lc  UARTCmd.o [2]
PLL_Int_Handler              0x406d   0x38  Code  Gb  adi_pwr.o [7]
Ph                      0x2000'0b5c    0x4  Data  Lc  UARTCmd.o [2]
RadioTransaction             0x3013  0x164  Code  Lc  adi_ble_transport.o [3]
Received_Data                0x55c5   0x5a  Code  Gb  main.o [2]
Region$$Table$$Base          0x6690          --   Gb  - Linker created -
Region$$Table$$Limit         0x66b0          --   Gb  - Linker created -
RxDmaErrorCallback           0x3b0d   0x46  Code  Lc  adi_spi.o [8]
SET_CMDPKT_CMDCODE           0x243d    0x4  Code  Lc  adi_ble_radio.o [3]
SET_CMDPKT_LEN               0x2439    0x4  Code  Lc  adi_ble_radio.o [3]
SET_CMDPKT_OPCODE            0x2429    0x6  Code  Lc  adi_ble_radio.o [3]
SET_CMDPKT_VENDORCODE        0x242f    0xa  Code  Lc  adi_ble_radio.o [3]
SPI0_Int_Handler             0x3b9b    0xc  Code  Gb  adi_spi.o [8]
SPI1_Int_Handler             0x3ba7    0xc  Code  Gb  adi_spi.o [8]
SPI2_Int_Handler             0x3bb3    0xc  Code  Gb  adi_spi.o [8]
SeqGenDB                0x2000'0af8   0x1c  Data  Gb  ad5940.o [1]
SetAdvertisingMode           0x544d   0x6a  Code  Gb  main.o [2]
StartTimer                   0x32bf   0x3e  Code  Lc  adi_ble_noos.o [3]
StartTransaction             0x375b  0x28e  Code  Lc  adi_spi.o [8]
StopTimer                    0x3311   0x16  Code  Lc  adi_ble_noos.o [3]
Str2Num                      0x599f   0x12  Code  Lc  UARTCmd.o [2]
SystemInit                   0x63b5   0x2c  Code  Gb  system_ADuCM3029.o [4]
TimerCallback                0x32b1    0x8  Code  Lc  adi_ble_noos.o [3]
TransportCallback            0x3005    0xe  Code  Gb  adi_ble_transport.o [3]
TxDmaErrorCallback           0x3b55   0x46  Code  Lc  adi_spi.o [8]
UARTCmd_MatchCommand         0x5947   0x58  Code  Gb  UARTCmd.o [2]
UARTCmd_Process              0x5a0d   0x86  Code  Gb  UARTCmd.o [2]
UARTCmd_RemoveSpaces         0x58e9   0x5e  Code  Gb  UARTCmd.o [2]
UARTCmd_TranslateParas       0x59b1   0x5c  Code  Gb  UARTCmd.o [2]
UART_Int_Handler             0x53f9   0x54  Code  Gb  main.o [2]
UrtCfg                       0x52af  0x13c  Code  Gb  main.o [2]
Vreg_over_Int_Handler        0x411f   0x3a  Code  Gb  adi_pwr.o [7]
WaitForStatusBit             0x3e2b   0x2c  Code  Lc  adi_tmr.o [9]
_LitobFullNoMb               0x1519  0x10c  Code  Lc  xprintffull_nomb.o [11]
_PrintfFullNoMb               0x801  0xce8  Code  Gb  xprintffull_nomb.o [11]
_Prout                       0x6829   0x16  Code  Gb  xprout.o [11]
_PutcharFullNoMb             0x167d   0x20  Code  Lc  xprintffull_nomb.o [11]
_PutcharsFullNoMb            0x169d   0x2e  Code  Lc  xprintffull_nomb.o [11]
_SProut                      0x1763    0xa  Code  Gb  xsprout.o [11]
__NVIC_ClearPendingIRQ       0x2e81   0x1c  Code  Lc  adi_ble_transport.o [3]
__NVIC_DisableIRQ            0x2e5b   0x26  Code  Lc  adi_ble_transport.o [3]
__NVIC_DisableIRQ            0x3577   0x26  Code  Lc  adi_spi.o [8]
__NVIC_DisableIRQ            0x3c95   0x24  Code  Lc  adi_tmr.o [9]
__NVIC_EnableIRQ             0x2e3d   0x1e  Code  Lc  adi_ble_transport.o [3]
__NVIC_EnableIRQ             0x3f05   0x1c  Code  Lc  adi_dma.o [5]
__NVIC_EnableIRQ             0x3391   0x1c  Code  Lc  adi_gpio.o [6]
__NVIC_EnableIRQ             0x3559   0x1e  Code  Lc  adi_spi.o [8]
__NVIC_EnableIRQ             0x3c79   0x1c  Code  Lc  adi_tmr.o [9]
__NVIC_EnableIRQ             0x4c59   0x1c  Code  Lc  ADICUP3029Port.o [1]
__NVIC_EnableIRQ             0x5229   0x1e  Code  Lc  main.o [2]
__NVIC_SystemReset           0x58a9   0x1e  Code  Lc  UARTCmd.o [2]
__Vectors                       0x0          --   Gb  startup_ADuCM3029.o [4]
__Vectors_End                 0x140         Data  Gb  startup_ADuCM3029.o [4]
__Vectors_Size {Abs}          0x140          --   Gb  startup_ADuCM3029.o [4]
__aeabi_cdcmple              0x1955         Code  Gb  DblCmpLe.o [12]
__aeabi_cdrcmple             0x1989         Code  Gb  DblCmpGe.o [12]
__aeabi_cfcmpeq              0x4e21         Code  Gb  FltCmpEq.o [12]
__aeabi_cfcmple              0x6061         Code  Gb  FltCmpLe.o [12]
__aeabi_d2f                  0x5f3d         Code  Gb  DblToFlt.o [12]
__aeabi_d2iz                 0x1af9         Code  Gb  DblToS32.o [12]
__aeabi_d2uiz                0x1fed         Code  Gb  DblToU32.o [12]
__aeabi_ddiv                 0x1da5         Code  Gb  DblDiv.o [12]
__aeabi_dmul                 0x202d         Code  Gb  DblMul.o [12]
__aeabi_dsub                 0x1cc1         Code  Gb  DblAddSub.o [12]
__aeabi_f2d                  0x5ddd         Code  Gb  FltToDbl.o [12]
__aeabi_f2uiz                0x5211         Code  Gb  FltToU32.o [12]
__aeabi_fadd                 0x50ad         Code  Gb  FltAddSub.o [12]
__aeabi_fdiv                 0x4f95         Code  Gb  FltDiv.o [12]
__aeabi_fmul                 0x4ebd         Code  Gb  FltMul.o [12]
__aeabi_i2d                  0x1b31         Code  Gb  S32ToDbl.o [12]
__aeabi_i2f                  0x5e25         Code  Gb  S32ToFlt.o [12]
__aeabi_l2f                  0x4e61         Code  Gb  S64ToFlt.o [12]
__aeabi_ldiv0                0x2411         Code  Gb  I64DivZer.o [13]
__aeabi_llsl                 0x4e3d         Code  Gb  I64Shl.o [13]
__aeabi_memcpy               0x183d         Code  Gb  ABImemcpy.o [13]
__aeabi_memcpy4              0x185d         Code  Gb  ABImemcpy.o [13]
__aeabi_memcpy8              0x185d         Code  Gb  ABImemcpy.o [13]
__aeabi_memset               0x3329         Code  Gb  ABImemset.o [13]
__aeabi_ui2d                 0x2011         Code  Gb  U32ToDbl.o [12]
__aeabi_uldivmod             0x21d9         Code  Gb  I64DivMod.o [13]
__cmain                      0x6751         Code  Gb  cmain.o [13]
__exit                       0x2415   0x14  Code  Gb  exit.o [14]
__iar_Atan32                 0x622d   0xda  Code  Gb  iar_Atan32.o [12]
__iar_Fail_s                 0x176d   0x1c  Code  Gb  xfail_s.o [11]
__iar_Memchr                 0x17e5         Code  Gb  memchr.o [13]
__iar_Memset                 0x3329         Code  Gb  ABImemset.o [13]
__iar_Memset_word            0x3331         Code  Gb  ABImemset.o [13]
__iar_Stolx                  0x5d47   0x92  Code  Gb  iar_Stolx.o [11]
__iar_Stoulx                 0x60e9  0x13e  Code  Gb  iar_Stoulx.o [11]
__iar_Strchr                 0x174d         Code  Gb  strchr.o [13]
__iar_atan2_32               0x5fa5   0xbc  Code  Gb  atan2_32.o [12]
__iar_data_init3             0x65fd   0x28  Code  Gb  data_init.o [13]
__iar_frexp                  0x18f1         Code  Gb  frexp.o [12]
__iar_frexp64                0x18e5         Code  Gb  frexp.o [12]
__iar_frexpl                 0x18f1         Code  Gb  frexp.o [12]
__iar_ldexp64                0x19bd         Code  Gb  ldexp.o [12]
__iar_packbits_init_single3
                             0x1713   0x3a  Code  Gb  packbits_init_single.o [13]
__iar_program_start          0x67f5         Code  Gb  cstartup_M.o [13]
__iar_scalbln64              0x19bd         Code  Gb  ldexp.o [12]
__iar_scalbn64               0x19bd         Code  Gb  ldexp.o [12]
__iar_sqrt64                 0x5e49         Code  Gb  sqrt.o [12]
__iar_zero_init3             0x64b9   0x38  Code  Gb  zero_init3.o [13]
__low_level_init             0x676f    0x4  Code  Gb  low_level_init.o [11]
__vector_table                  0x0         Data  Gb  startup_ADuCM3029.o [4]
__vector_table_0x1c            0x1c         Data  Gb  startup_ADuCM3029.o [4]
_call_main                   0x675d         Code  Gb  cmain.o [13]
_exit                        0x6779         Code  Gb  cexit.o [13]
a                            0x6324   0x20  Data  Lc  iar_Atan32.o [12]
aTimerALoadConfig       0x2000'0080    0x8  Data  Lc  adi_tmr.o [9]
aTimerCtlConfig         0x2000'0070    0x8  Data  Lc  adi_tmr.o [9]
aTimerLoadConfig        0x2000'0078    0x8  Data  Lc  adi_tmr.o [9]
aTimerPwmCtlConfig      0x2000'0088    0x8  Data  Lc  adi_tmr.o [9]
aTimerPwmMatchConfig    0x2000'0090    0x8  Data  Lc  adi_tmr.o [9]
abort                        0x2409    0x6  Code  Gb  abort.o [11]
adi_ble_DispatchEvents       0x31d5    0xc  Code  Gb  adi_ble_noos.o [3]
adi_ble_GetConnectionInfo
                             0x2e05   0x16  Code  Gb  adi_ble_radio.o [3]
adi_ble_GetCurCmd            0x2e2f    0xa  Code  Gb  adi_ble_radio.o [3]
adi_ble_GetImmediateAlertLevel
                             0x2e1b    0xa  Code  Gb  adi_ble_radio.o [3]
adi_ble_GetLinkLossAlertLevel
                             0x2e25    0xa  Code  Gb  adi_ble_radio.o [3]
adi_ble_Init                 0x3191   0x44  Code  Gb  adi_ble_noos.o [3]
adi_ble_WaitForEventWithTimeout
                             0x31e1   0xa0  Code  Gb  adi_ble_noos.o [3]
adi_ble_WaitForResponseWithTimeout
                             0x3281   0x16  Code  Gb  adi_ble_noos.o [3]
adi_dma_Init                 0x3f21   0x58  Code  Gb  adi_dma.o [5]
adi_dma_RegisterCallback
                             0x3f79   0x48  Code  Gb  adi_dma.o [5]
adi_gpio_Device         0x2000'0024   0x10  Data  Lc  adi_gpio.o [6]
adi_gpio_GetData             0x3497   0x12  Code  Gb  adi_gpio.o [6]
adi_gpio_Init                0x33ad   0x38  Code  Gb  adi_gpio.o [6]
adi_gpio_InputEnable         0x344d   0x2e  Code  Gb  adi_gpio.o [6]
adi_gpio_OutputEnable        0x341f   0x2e  Code  Gb  adi_gpio.o [6]
adi_gpio_RegisterCallback
                             0x34a9   0x30  Code  Gb  adi_gpio.o [6]
adi_gpio_SetGroupInterruptPins
                             0x33e5   0x2c  Code  Gb  adi_gpio.o [6]
adi_gpio_SetGroupInterruptPolarity
                             0x3411    0xe  Code  Gb  adi_gpio.o [6]
adi_gpio_SetHigh             0x347b    0xe  Code  Gb  adi_gpio.o [6]
adi_gpio_SetLow              0x3489    0xe  Code  Gb  adi_gpio.o [6]
adi_initComponents           0x56ed    0xe  Code  Gb  adi_initialize.o [10]
adi_initpinmux               0x5d25   0x10  Code  Gb  pinmux_config.o [10]
adi_pwr_EnterLowPowerMode
                             0x4159   0xae  Code  Gb  adi_pwr.o [7]
adi_pwr_ExitLowPowerMode
                             0x4207   0x2a  Code  Gb  adi_pwr.o [7]
adi_radio_DE_SendData        0x2643   0x58  Code  Gb  adi_ble_radio.o [3]
adi_radio_GetEvent           0x2db3   0x52  Code  Gb  adi_ble_radio.o [3]
adi_radio_GetMode            0x255b   0x26  Code  Gb  adi_ble_radio.o [3]
adi_radio_Init               0x2441   0x34  Code  Gb  adi_ble_radio.o [3]
adi_radio_RegisterDevice
                             0x2475   0x44  Code  Gb  adi_ble_radio.o [3]
adi_radio_Register_DataExchangeServer
                             0x261d   0x26  Code  Gb  adi_ble_radio.o [3]
adi_radio_SetLocalBluetoothDevName
                             0x2581   0x9c  Code  Gb  adi_ble_radio.o [3]
adi_radio_SetMode            0x24b9   0xa2  Code  Gb  adi_ble_radio.o [3]
adi_spi_MasterReadWrite
                             0x363d   0x2a  Code  Gb  adi_spi.o [8]
adi_spi_MasterSubmitBuffer
                             0x3667   0xf4  Code  Gb  adi_spi.o [8]
adi_spi_Open                 0x359d   0x98  Code  Gb  adi_spi.o [8]
adi_spi_SetChipSelect        0x3635    0x8  Code  Gb  adi_spi.o [8]
adi_system_EnableRetention
                             0x63e1   0x28  Code  Gb  system_ADuCM3029.o [4]
adi_tal_Init                 0x2e9d  0x136  Code  Gb  adi_ble_transport.o [3]
adi_tal_Read                 0x2ff3   0x12  Code  Gb  adi_ble_transport.o [3]
adi_tal_Write                0x2fd3   0x20  Code  Gb  adi_ble_transport.o [3]
adi_tmr_ConfigTimer          0x3d59   0x7e  Code  Gb  adi_tmr.o [9]
adi_tmr_Enable               0x3dd7   0x54  Code  Gb  adi_tmr.o [9]
adi_tmr_Init                 0x3cb9   0xa0  Code  Gb  adi_tmr.o [9]
adi_tmr_callbacks       0x2000'0b28    0xc  Data  Lc  adi_tmr.o [9]
adi_tmr_interrupt            0x6950    0x4  Data  Lc  adi_tmr.o [9]
adi_tmr_parameters      0x2000'0b34    0xc  Data  Lc  adi_tmr.o [9]
adi_tmr_registers       0x2000'0098    0xc  Data  Lc  adi_tmr.o [9]
atan2f                       0x5fa5   0xbc  Code  Gb  atan2_32.o [12]
b                       0x2000'0b64    0x4  Data  Gb  UARTCmd.o [2]
bIsS2silicon            0x2000'0b80    0x1  Data  Lc  ad5940.o [1]
bler_handle_event            0x2a1d  0x396  Code  Lc  adi_ble_radio.o [3]
bler_handle_packet           0x281b   0x14  Code  Lc  adi_ble_radio.o [3]
bler_handle_response         0x282f  0x1ee  Code  Lc  adi_ble_radio.o [3]
bler_parse_event             0x27d5   0x46  Code  Lc  adi_ble_radio.o [3]
bler_parse_packet            0x2727   0x5a  Code  Lc  adi_ble_radio.o [3]
bler_parse_response          0x2781   0x54  Code  Lc  adi_ble_radio.o [3]
bler_process_cmd             0x26a1   0x86  Code  Lc  adi_ble_radio.o [3]
common_SPI_Int_Handler       0x39e9  0x122  Code  Lc  adi_spi.o [8]
count                   0x2000'0b60    0x4  Data  Lc  UARTCmd.o [2]
digits                       0x6448   0x28  Data  Lc  iar_Stoulx.o [11]
eDataPacket             0x2000'0b14   0x14  Data  Gb  AD5940Main.o [2]
exit                         0x6773    0x4  Code  Gb  exit.o [11]
frexp                        0x18e5         Code  Gb  frexp.o [12]
frexpl                       0x18e5         Code  Gb  frexp.o [12]
gBLERadio               0x2000'0800  0x114  Data  Gb  adi_ble_radio.o [3]
gChannelControlDataArray
                        0x2000'0400  0x400  Data  Lc  adi_dma.o [5]
gSPICfg                      0x691c    0xc  Data  Lc  adi_spi.o [8]
gTransportData          0x2000'09f4   0x84  Data  Lc  adi_ble_transport.o [3]
gbConnected             0x2000'0b83    0x1  Data  Gb  main.o [2]
gbEventHappened         0x2000'0b82    0x1  Data  Lc  adi_ble_noos.o [3]
gbTimeoutHappened       0x2000'0b81    0x1  Data  Lc  adi_ble_noos.o [3]
geMode                  0x2000'0b84    0x1  Data  Gb  main.o [2]
gnLowPowerIntOccFlag    0x2000'0b50    0x4  Data  Lc  adi_pwr.o [7]
gpPowcbParam            0x2000'0b4c    0x4  Data  Lc  adi_pwr.o [7]
gpfCallbackFunction     0x2000'0b48    0x4  Data  Lc  adi_pwr.o [7]
ldexp                        0x19bd         Code  Gb  ldexp.o [12]
ldexpl                       0x19bd         Code  Gb  ldexp.o [12]
line_buffer             0x2000'0a78   0x80  Data  Gb  UARTCmd.o [2]
line_buffer_index       0x2000'0b68    0x4  Data  Gb  UARTCmd.o [2]
main                         0x5247   0x1e  Code  Gb  main.o [2]
memchr                       0x17e5         Code  Gb  memchr.o [13]
ndigs                        0x6420   0x28  Data  Lc  iar_Stoulx.o [11]
pApplicationCallback    0x2000'0b40    0x4  Data  Lc  adi_ble_noos.o [3]
pApplicationParameter   0x2000'0b44    0x4  Data  Lc  adi_ble_noos.o [3]
pBLERadio               0x2000'000c    0x4  Data  Gb  adi_ble_radio.o [3]
pDMA_DevData                 0x694c    0x4  Data  Lc  adi_dma.o [5]
pObjFound               0x2000'0b70    0x4  Data  Gb  UARTCmd.o [2]
pPrimaryCCD                  0x6948    0x4  Data  Gb  adi_dma.o [5]
pTransportData          0x2000'0010    0x4  Data  Lc  adi_ble_transport.o [3]
parameter1              0x2000'0b74    0x4  Data  Gb  UARTCmd.o [2]
parameter2              0x2000'0b78    0x4  Data  Gb  UARTCmd.o [2]
printf                       0x5cfd   0x28  Code  Gb  printf.o [11]
putchar                      0x53eb    0xe  Code  Gb  main.o [2]
sTimer                  0x2000'0000    0xc  Data  Lc  adi_ble_noos.o [3]
sTransceive             0x2000'0014   0x10  Data  Lc  adi_ble_transport.o [3]
scalbln                      0x19bd         Code  Gb  ldexp.o [12]
scalblnl                     0x19bd         Code  Gb  ldexp.o [12]
scalbn                       0x19bd         Code  Gb  ldexp.o [12]
scalbnl                      0x19bd         Code  Gb  ldexp.o [12]
scale                        0x1625   0x46  Code  Lc  xprintffull_nomb.o [11]
sec_hand                0x2000'0b7c    0x4  Data  Lc  xfail_s.o [11]
spi_device_info         0x2000'0034   0x3c  Data  Lc  adi_spi.o [8]
sprintf                      0x6089   0x40  Code  Gb  sprintf.o [11]
sqrt                         0x5e49         Code  Gb  sqrt.o [12]
sqrtl                        0x5e49         Code  Gb  sqrt.o [12]
strcat                       0x60c9   0x1e  Code  Gb  strcat.o [11]
strchr                       0x174d         Code  Gb  strchr.o [13]
strcmp                       0x5d35         Code  Gb  strcmp.o [13]
strlen                       0x17ad         Code  Gb  strlen.o [13]
strtol                       0x5dd9    0x4  Code  Gb  iar_Stolx.o [11]
token_count             0x2000'0b6c    0x4  Data  Gb  UARTCmd.o [2]
uart_cmd_table          0x2000'00a4   0x18  Data  Gb  UARTCmd.o [2]
ucInterrupted           0x2000'0b54    0x4  Data  Lc  ADICUP3029Port.o [1]


[1] = C:\Users\papuz\OneDrive\Desktop\IMSI_Project\WorkSpace\DFT_BLE\Debug\Obj\AD5940lib
[2] = C:\Users\papuz\OneDrive\Desktop\IMSI_Project\WorkSpace\DFT_BLE\Debug\Obj\Application
[3] = C:\Users\papuz\OneDrive\Desktop\IMSI_Project\WorkSpace\DFT_BLE\Debug\Obj\CMSIS-Pack\BLE Bluetooth low energy
[4] = C:\Users\papuz\OneDrive\Desktop\IMSI_Project\WorkSpace\DFT_BLE\Debug\Obj\CMSIS-Pack\Device Startup
[5] = C:\Users\papuz\OneDrive\Desktop\IMSI_Project\WorkSpace\DFT_BLE\Debug\Obj\CMSIS-Pack\Device.Drivers DMA
[6] = C:\Users\papuz\OneDrive\Desktop\IMSI_Project\WorkSpace\DFT_BLE\Debug\Obj\CMSIS-Pack\Device.Drivers GPIO
[7] = C:\Users\papuz\OneDrive\Desktop\IMSI_Project\WorkSpace\DFT_BLE\Debug\Obj\CMSIS-Pack\Device.Drivers Power
[8] = C:\Users\papuz\OneDrive\Desktop\IMSI_Project\WorkSpace\DFT_BLE\Debug\Obj\CMSIS-Pack\Device.Drivers SPI
[9] = C:\Users\papuz\OneDrive\Desktop\IMSI_Project\WorkSpace\DFT_BLE\Debug\Obj\CMSIS-Pack\Device.Drivers TMR
[10] = C:\Users\papuz\OneDrive\Desktop\IMSI_Project\WorkSpace\DFT_BLE\Debug\Obj\Initialize
[11] = dl7M_tln.a
[12] = m7M_tl.a
[13] = rt7M_tl.a
[14] = shb_l.a

  24'196 bytes of readonly  code memory
   1'405 bytes of readonly  data memory
   3'977 bytes of readwrite data memory

Errors: none
Warnings: none
