###############################################################################
#
# IAR ELF Linker V9.20.4.327/W64 for ARM                  12/May/2022  20:04:22
# Copyright 2007-2022 IAR Systems AB.
#
#    Output file  =
#        C:\Users\papuz\OneDrive\Desktop\IMSI_Project\WorkSpace\DFT_BLE\Debug\Exe\DFT_BLE.out
#    Map file     =
#        C:\Users\papuz\OneDrive\Desktop\IMSI_Project\WorkSpace\DFT_BLE\Debug\List\DFT_BLE.map
#    Command line =
#        -f
#        C:\Users\papuz\OneDrive\Desktop\IMSI_Project\WorkSpace\DFT_BLE\Debug\Exe\DFT_BLE.out.rsp
#        (C:\Users\papuz\OneDrive\Desktop\IMSI_Project\WorkSpace\DFT_BLE\Debug\Obj\AD5940lib\ad5940.o
#        C:\Users\papuz\OneDrive\Desktop\IMSI_Project\WorkSpace\DFT_BLE\Debug\Obj\Application\AD5940Main.o
#        "C:\Users\papuz\OneDrive\Desktop\IMSI_Project\WorkSpace\DFT_BLE\Debug\Obj\CMSIS-Pack\BLE
#        Bluetooth low energy\adi_ble_logevent.o"
#        "C:\Users\papuz\OneDrive\Desktop\IMSI_Project\WorkSpace\DFT_BLE\Debug\Obj\CMSIS-Pack\BLE
#        Bluetooth low energy\adi_ble_noos.o"
#        "C:\Users\papuz\OneDrive\Desktop\IMSI_Project\WorkSpace\DFT_BLE\Debug\Obj\CMSIS-Pack\BLE
#        Bluetooth low energy\adi_ble_radio.o"
#        "C:\Users\papuz\OneDrive\Desktop\IMSI_Project\WorkSpace\DFT_BLE\Debug\Obj\CMSIS-Pack\BLE
#        Bluetooth low energy\adi_ble_transport.o"
#        "C:\Users\papuz\OneDrive\Desktop\IMSI_Project\WorkSpace\DFT_BLE\Debug\Obj\CMSIS-Pack\Device.Drivers
#        DMA\adi_dma.o"
#        "C:\Users\papuz\OneDrive\Desktop\IMSI_Project\WorkSpace\DFT_BLE\Debug\Obj\CMSIS-Pack\Device.Drivers
#        GPIO\adi_gpio.o"
#        C:\Users\papuz\OneDrive\Desktop\IMSI_Project\WorkSpace\DFT_BLE\Debug\Obj\Initialize\adi_initialize.o
#        "C:\Users\papuz\OneDrive\Desktop\IMSI_Project\WorkSpace\DFT_BLE\Debug\Obj\CMSIS-Pack\Device.Drivers
#        Power\adi_pwr.o"
#        "C:\Users\papuz\OneDrive\Desktop\IMSI_Project\WorkSpace\DFT_BLE\Debug\Obj\CMSIS-Pack\Device.Drivers
#        SPI\adi_spi.o"
#        "C:\Users\papuz\OneDrive\Desktop\IMSI_Project\WorkSpace\DFT_BLE\Debug\Obj\CMSIS-Pack\Device.Drivers
#        TMR\adi_tmr.o"
#        C:\Users\papuz\OneDrive\Desktop\IMSI_Project\WorkSpace\DFT_BLE\Debug\Obj\AD5940lib\ADICUP3029Port.o
#        C:\Users\papuz\OneDrive\Desktop\IMSI_Project\WorkSpace\DFT_BLE\Debug\Obj\Application\main.o
#        C:\Users\papuz\OneDrive\Desktop\IMSI_Project\WorkSpace\DFT_BLE\Debug\Obj\Initialize\pinmux_config.o
#        "C:\Users\papuz\OneDrive\Desktop\IMSI_Project\WorkSpace\DFT_BLE\Debug\Obj\CMSIS-Pack\Device
#        Startup\startup_ADuCM3029.o"
#        "C:\Users\papuz\OneDrive\Desktop\IMSI_Project\WorkSpace\DFT_BLE\Debug\Obj\CMSIS-Pack\Device
#        Startup\system_ADuCM3029.o"
#        C:\Users\papuz\OneDrive\Desktop\IMSI_Project\WorkSpace\DFT_BLE\Debug\Obj\Application\UARTCmd.o
#        --redirect _Printf=_PrintfFullNoMb --redirect _Scanf=_ScanfFullNoMb
#        --no_out_extension -o
#        C:\Users\papuz\OneDrive\Desktop\IMSI_Project\WorkSpace\DFT_BLE\Debug\Exe\DFT_BLE.out
#        --map
#        C:\Users\papuz\OneDrive\Desktop\IMSI_Project\WorkSpace\DFT_BLE\Debug\List\DFT_BLE.map
#        --config
#        C:/Users/papuz/IAR-CMSIS-Packs/AnalogDevices/ADuCM302x_DFP/3.2.0/\ARM\config\linker\AnalogDevices\ADuCM3029.icf
#        --semihosting --entry __iar_program_start --vfe --text_out locale)
#
###############################################################################

*******************************************************************************
*** RUNTIME MODEL ATTRIBUTES
***

CppFlavor       = *
__CPP_Runtime   = 1
__SystemLibrary = DLib
__dlib_version  = 6


*******************************************************************************
*** HEAP SELECTION
***

The basic heap was selected because some modules are built with
size limitations (and not runtime checking), and --advanced_heap
was not specified.


*******************************************************************************
*** PLACEMENT SUMMARY
***

"A3":  place at address 0x180 { ro section .security_options };
define block CHECKSUM with size = 4, alignment = 4 { ro section .checksum };
"A4":  place at address 0x7fc { block CHECKSUM };
"A5":  place at start of [from 0x0 to 0x17f] { ro section .intvec };
"P2":  place in [from 0x800 to 0x3'ffff] { ro };
define block CSTACK with size = 1K, alignment = 8 { };
"A6":  place at end of [from 0x2000'0000 to 0x2000'1fff] { block CSTACK };
define block HEAP with size = 512, alignment = 8 { };
"P3":  place in [from 0x2000'0000 to 0x2000'1fff] { rw, block HEAP };
initialize by copy { rw };

No sections matched the following patterns:

  ro section .checksum                 in block CHECKSUM
  ro section CRC_ReadProtectedKeyHash  in "A1"
  ro section NumCRCPages               in "A2"
  ro section Page0_region              in "P1"
  ro section ReadProtectedKeyHash      in "A0"
  rw section bank1_retained_ram        in "P5"
  rw section never_retained_ram        in "P6"
  section ISRAM_REGION                 in "P4"


  Section            Kind         Address    Size  Object
  -------            ----         -------    ----  ------
"A5":                                       0x140
  .intvec            ro code          0x0   0x140  startup_ADuCM3029.o [4]
                                  - 0x140   0x140

"A3":                                        0x20
  .security_options  const          0x180    0x20  system_ADuCM3029.o [4]
                                  - 0x1a0    0x20

"A4":                                         0x4
  CHECKSUM                          0x7fc     0x4  <Block>
    CHECKSUM         uninit         0x7fc     0x4  <Block tail>
                                  - 0x800     0x4

"P2":                                      0x5be1
  .text              ro code        0x800   0xf12  xprintffull_nomb.o [11]
  .text              ro code       0x1712    0x3a  packbits_init_single.o [13]
  .text              ro code       0x174c    0x16  strchr.o [13]
  .text              ro code       0x1764    0x40  xfail_s.o [11]
  .text              ro code       0x17a4    0x36  strlen.o [13]
  .text              ro code       0x17dc    0x58  memchr.o [13]
  .text              ro code       0x1834    0xa6  ABImemcpy.o [13]
  .text              ro code       0x18dc    0x70  frexp.o [12]
  .text              ro code       0x194c    0x34  DblCmpLe.o [12]
  .text              ro code       0x1980    0x34  DblCmpGe.o [12]
  .text              ro code       0x19b4   0x13a  ldexp.o [12]
  .text              ro code       0x1af0    0x36  DblToS32.o [12]
  .text              ro code       0x1b28    0x22  S32ToDbl.o [12]
  .text              ro code       0x1b4c   0x24e  DblAddSub.o [12]
  .text              ro code       0x1d9c   0x246  DblDiv.o [12]
  .text              ro code       0x1fe4    0x22  DblToU32.o [12]
  .text              ro code       0x2008    0x1c  U32ToDbl.o [12]
  .text              ro code       0x2024   0x1aa  DblMul.o [12]
  .text              ro code       0x21d0   0x230  I64DivMod.o [13]
  .text              ro code       0x2400     0x6  abort.o [11]
  .text              ro code       0x2408     0x2  I64DivZer.o [13]
  .text              ro code       0x240c    0x14  exit.o [14]
  .text              ro code       0x2420   0xa14  adi_ble_radio.o [3]
  .text              ro code       0x2e34   0x354  adi_ble_transport.o [3]
  .text              ro code       0x3188   0x196  adi_ble_noos.o [3]
  .text              ro code       0x3320    0x66  ABImemset.o [13]
  .text              ro code       0x3388   0x1c8  adi_gpio.o [6]
  .text              ro code       0x3550   0x720  adi_spi.o [8]
  .text              ro code       0x3c70   0x28a  adi_tmr.o [9]
  .text              ro code       0x3efc   0x168  adi_dma.o [5]
  .text              ro code       0x4064   0x1e8  adi_pwr.o [7]
  .text              ro code       0x424c   0x96a  ad5940.o [1]
  .text              ro code       0x4bb8   0x1c8  ADICUP3029Port.o [1]
  .text              ro code       0x4d80    0x1c  FltCmpEq.o [12]
  .text              ro code       0x4d9c    0x22  I64Shl.o [13]
  .text              ro code       0x4dc0    0x5a  S64ToFlt.o [12]
  .text              ro code       0x4e1c    0xd8  FltMul.o [12]
  .text              ro code       0x4ef4   0x118  FltDiv.o [12]
  .text              ro code       0x500c   0x162  FltAddSub.o [12]
  .text              ro code       0x5170    0x18  FltToU32.o [12]
  .text              ro code       0x5188   0x460  main.o [2]
  .text              ro code       0x55e8     0xe  adi_initialize.o [10]
  .text              ro code       0x55f8   0x234  AD5940Main.o [2]
  .text              ro code       0x582c   0x200  UARTCmd.o [2]
  .text              ro code       0x5a2c    0x28  printf.o [11]
  .text              ro code       0x5a54    0x10  pinmux_config.o [10]
  .text              ro code       0x5a64     0x4  time_trampoline.o [11]
  .text              ro code       0x5a68    0x12  strcmp.o [13]
  .text              ro code       0x5a7a    0x96  iar_Stolx.o [11]
  .text              ro code       0x5b10    0x14  time64.o [14]
  .text              ro code       0x5b24   0x144  iar_Stoulx.o [11]
  .rodata            const         0x5c68    0x70  ad5940.o [1]
  .text              ro code       0x5cd8    0x6c  system_ADuCM3029.o [4]
  .rodata            const         0x5d44    0x50  iar_Stoulx.o [11]
  .rodata            const         0x5d94    0x48  main.o [2]
  .text              ro code       0x5ddc    0x38  zero_init3.o [13]
  .rodata            const         0x5e14    0x30  main.o [2]
  .rodata            const         0x5e44    0x2c  AD5940Main.o [2]
  .rodata            const         0x5e70    0x2c  main.o [2]
  .rodata            const         0x5e9c    0x2c  main.o [2]
  .rodata            const         0x5ec8    0x2c  main.o [2]
  .text              ro code       0x5ef4    0x28  data_init.o [13]
  .rodata            const         0x5f1c    0x24  main.o [2]
  .rodata            const         0x5f40    0x24  main.o [2]
  .rodata            const         0x5f64    0x24  main.o [2]
  .iar.init_table    const         0x5f88    0x20  - Linker created -
  .rodata            const         0x5fa8    0x20  main.o [2]
  .rodata            const         0x5fc8    0x20  main.o [2]
  .rodata            const         0x5fe8    0x20  main.o [2]
  .rodata            const         0x6008    0x20  main.o [2]
  .rodata            const         0x6028    0x20  main.o [2]
  .text              ro code       0x6048    0x20  startup_ADuCM3029.o [4]
  .text              ro code       0x6068    0x1e  cmain.o [13]
  .text              ro code       0x6086     0x4  low_level_init.o [11]
  .text              ro code       0x608a     0x4  exit.o [11]
  .text              ro code       0x6090     0xa  cexit.o [13]
  .rodata            const         0x609c    0x1c  AD5940Main.o [2]
  .rodata            const         0x60b8    0x1c  main.o [2]
  .rodata            const         0x60d4    0x1c  main.o [2]
  .rodata            const         0x60f0    0x1c  main.o [2]
  .text              ro code       0x610c    0x1c  cstartup_M.o [13]
  .rodata            const         0x6128    0x18  AD5940Main.o [2]
  .rodata            const         0x6140    0x18  main.o [2]
  .text              ro code       0x6158    0x16  xprout.o [11]
  .rodata            const         0x6170    0x14  AD5940Main.o [2]
  .rodata            const         0x6184    0x14  main.o [2]
  .rodata            const         0x6198    0x14  main.o [2]
  .rodata            const         0x61ac    0x14  main.o [2]
  .rodata            const         0x61c0    0x14  main.o [2]
  .rodata            const         0x61d4    0x14  UARTCmd.o [2]
  .rodata            const         0x61e8    0x14  UARTCmd.o [2]
  .rodata            const         0x61fc    0x10  main.o [2]
  .rodata            const         0x620c    0x10  main.o [2]
  .rodata            const         0x621c    0x10  main.o [2]
  .rodata            const         0x622c    0x10  main.o [2]
  .rodata            const         0x623c    0x10  UARTCmd.o [2]
  .rodata            const         0x624c     0xc  AD5940Main.o [2]
  .rodata            const         0x6258     0xc  AD5940Main.o [2]
  .rodata            const         0x6264     0xc  adi_spi.o [8]
  .rodata            const         0x6270     0x8  main.o [2]
  .rodata            const         0x6278     0x8  UARTCmd.o [2]
  .rodata            const         0x6280     0x8  UARTCmd.o [2]
  .rodata            const         0x6288     0x4  adi_dma.o [5]
  .rodata            const         0x628c     0x4  adi_dma.o [5]
  .rodata            const         0x6290     0x4  adi_tmr.o [9]
  .text              ro code       0x6294     0x4  startup_ADuCM3029.o [4]
  .text              ro code       0x6298     0x4  startup_ADuCM3029.o [4]
  .text              ro code       0x629c     0x4  startup_ADuCM3029.o [4]
  .text              ro code       0x62a0     0x4  startup_ADuCM3029.o [4]
  .text              ro code       0x62a4     0x4  startup_ADuCM3029.o [4]
  .text              ro code       0x62a8     0x4  startup_ADuCM3029.o [4]
  .text              ro code       0x62ac     0x4  startup_ADuCM3029.o [4]
  .text              ro code       0x62b0     0x4  startup_ADuCM3029.o [4]
  .text              ro code       0x62b4     0x4  startup_ADuCM3029.o [4]
  .text              ro code       0x62b8     0x4  startup_ADuCM3029.o [4]
  .text              ro code       0x62bc     0x4  startup_ADuCM3029.o [4]
  .text              ro code       0x62c0     0x4  startup_ADuCM3029.o [4]
  .text              ro code       0x62c4     0x4  startup_ADuCM3029.o [4]
  .text              ro code       0x62c8     0x4  startup_ADuCM3029.o [4]
  .text              ro code       0x62cc     0x4  startup_ADuCM3029.o [4]
  .text              ro code       0x62d0     0x4  startup_ADuCM3029.o [4]
  .text              ro code       0x62d4     0x4  startup_ADuCM3029.o [4]
  .text              ro code       0x62d8     0x4  startup_ADuCM3029.o [4]
  .text              ro code       0x62dc     0x4  startup_ADuCM3029.o [4]
  .text              ro code       0x62e0     0x4  startup_ADuCM3029.o [4]
  .text              ro code       0x62e4     0x4  startup_ADuCM3029.o [4]
  .text              ro code       0x62e8     0x4  startup_ADuCM3029.o [4]
  .text              ro code       0x62ec     0x4  startup_ADuCM3029.o [4]
  .text              ro code       0x62f0     0x4  startup_ADuCM3029.o [4]
  .text              ro code       0x62f4     0x4  startup_ADuCM3029.o [4]
  .text              ro code       0x62f8     0x4  startup_ADuCM3029.o [4]
  .text              ro code       0x62fc     0x4  startup_ADuCM3029.o [4]
  .text              ro code       0x6300     0x4  startup_ADuCM3029.o [4]
  .text              ro code       0x6304     0x4  startup_ADuCM3029.o [4]
  .text              ro code       0x6308     0x4  startup_ADuCM3029.o [4]
  .text              ro code       0x630c     0x4  startup_ADuCM3029.o [4]
  .text              ro code       0x6310     0x4  startup_ADuCM3029.o [4]
  .text              ro code       0x6314     0x4  startup_ADuCM3029.o [4]
  .text              ro code       0x6318     0x4  startup_ADuCM3029.o [4]
  .text              ro code       0x631c     0x4  startup_ADuCM3029.o [4]
  .text              ro code       0x6320     0x4  startup_ADuCM3029.o [4]
  .text              ro code       0x6324     0x4  startup_ADuCM3029.o [4]
  .text              ro code       0x6328     0x4  startup_ADuCM3029.o [4]
  .text              ro code       0x632c     0x4  startup_ADuCM3029.o [4]
  .text              ro code       0x6330     0x4  startup_ADuCM3029.o [4]
  .text              ro code       0x6334     0x4  startup_ADuCM3029.o [4]
  .text              ro code       0x6338     0x4  startup_ADuCM3029.o [4]
  .text              ro code       0x633c     0x4  startup_ADuCM3029.o [4]
  .text              ro code       0x6340     0x4  startup_ADuCM3029.o [4]
  .rodata            const         0x6344     0x0  zero_init3.o [13]
  .rodata            const         0x6344     0x0  packbits_init_single.o [13]
  Initializer bytes  const         0x6344    0x9d  <for P3-1>
                                 - 0x63e1  0x5be1

"P3", part 1 of 2:                           0xbc
  P3-1                        0x2000'0000    0xbc  <Init block>
    .data            inited   0x2000'0000     0xc  adi_ble_noos.o [3]
    .data            inited   0x2000'000c     0x4  adi_ble_radio.o [3]
    .data            inited   0x2000'0010     0x4  adi_ble_transport.o [3]
    .data            inited   0x2000'0014    0x10  adi_ble_transport.o [3]
    .data            inited   0x2000'0024    0x10  adi_gpio.o [6]
    .data            inited   0x2000'0034    0x3c  adi_spi.o [8]
    .data            inited   0x2000'0070     0x8  adi_tmr.o [9]
    .data            inited   0x2000'0078     0x8  adi_tmr.o [9]
    .data            inited   0x2000'0080     0x8  adi_tmr.o [9]
    .data            inited   0x2000'0088     0x8  adi_tmr.o [9]
    .data            inited   0x2000'0090     0x8  adi_tmr.o [9]
    .data            inited   0x2000'0098     0xc  adi_tmr.o [9]
    .data            inited   0x2000'00a4    0x18  UARTCmd.o [2]
                            - 0x2000'00bc    0xbc

"P3", part 2 of 2:                          0xac0
  .bss               zero     0x2000'0400   0x400  adi_dma.o [5]
  .bss               zero     0x2000'0800   0x114  adi_ble_radio.o [3]
  .bss               zero     0x2000'0914    0xe0  adi_dma.o [5]
  .bss               zero     0x2000'09f4    0x84  adi_ble_transport.o [3]
  .bss               zero     0x2000'0a78    0x80  UARTCmd.o [2]
  .bss               zero     0x2000'0af8    0x1c  ad5940.o [1]
  .bss               zero     0x2000'0b14    0x14  AD5940Main.o [2]
  .bss               zero     0x2000'0b28     0xc  adi_tmr.o [9]
  .bss               zero     0x2000'0b34     0xc  adi_tmr.o [9]
  .bss               zero     0x2000'0b40     0x4  adi_ble_noos.o [3]
  .bss               zero     0x2000'0b44     0x4  adi_ble_noos.o [3]
  .bss               zero     0x2000'0b48     0x4  adi_pwr.o [7]
  .bss               zero     0x2000'0b4c     0x4  adi_pwr.o [7]
  .bss               zero     0x2000'0b50     0x4  adi_pwr.o [7]
  .bss               zero     0x2000'0b54     0x4  ADICUP3029Port.o [1]
  .bss               zero     0x2000'0b58     0x4  UARTCmd.o [2]
  .bss               zero     0x2000'0b5c     0x4  UARTCmd.o [2]
  .bss               zero     0x2000'0b60     0x4  UARTCmd.o [2]
  .bss               zero     0x2000'0b64     0x4  UARTCmd.o [2]
  .bss               zero     0x2000'0b68     0x4  UARTCmd.o [2]
  .bss               zero     0x2000'0b6c     0x4  UARTCmd.o [2]
  .bss               zero     0x2000'0b70     0x4  xfail_s.o [11]
  .bss               zero     0x2000'0b74     0x1  ad5940.o [1]
  .bss               zero     0x2000'0b75     0x1  adi_ble_noos.o [3]
  .bss               zero     0x2000'0b76     0x1  adi_ble_noos.o [3]
  .bss               zero     0x2000'0b77     0x1  main.o [2]
  .bss               zero     0x2000'0b78     0x1  main.o [2]
                            - 0x2000'0b79   0xabd

"A6":                                       0x400
  CSTACK                      0x2000'1c00   0x400  <Block>
    CSTACK           uninit   0x2000'1c00   0x400  <Block tail>
                            - 0x2000'2000   0x400

Unused ranges:

         From           To      Size
         ----           --      ----
       0x63e1     0x3'ffff  0x3'9c1f
  0x2000'0b7c  0x2000'1bff    0x1084


*******************************************************************************
*** INIT TABLE
***

          Address      Size
          -------      ----
Zero (__iar_zero_init3)
    1 destination range, total size 0x779:
          0x2000'0400  0x779

Copy/packbits (__iar_packbits_init_single3)
    1 source range, total size 0x9d (83% of destination):
               0x6344   0x9d
    1 destination range, total size 0xbc:
          0x2000'0000   0xbc



*******************************************************************************
*** MODULE SUMMARY
***

    Module                  ro code  ro data  rw data
    ------                  -------  -------  -------
command line/config:
    -------------------------------------------------
    Total:

C:\Users\papuz\OneDrive\Desktop\IMSI_Project\WorkSpace\DFT_BLE\Debug\Obj\AD5940lib: [1]
    ADICUP3029Port.o            456                 4
    ad5940.o                  2'410      112       29
    -------------------------------------------------
    Total:                    2'866      112       33

C:\Users\papuz\OneDrive\Desktop\IMSI_Project\WorkSpace\DFT_BLE\Debug\Obj\Application: [2]
    AD5940Main.o                564      140       20
    UARTCmd.o                   512       93      176
    main.o                    1'120      780        2
    -------------------------------------------------
    Total:                    2'196    1'013      198

C:\Users\papuz\OneDrive\Desktop\IMSI_Project\WorkSpace\DFT_BLE\Debug\Obj\CMSIS-Pack\BLE Bluetooth low energy: [3]
    adi_ble_noos.o              406       10       22
    adi_ble_radio.o           2'580        3      280
    adi_ble_transport.o         852       17      152
    -------------------------------------------------
    Total:                    3'838       30      454

C:\Users\papuz\OneDrive\Desktop\IMSI_Project\WorkSpace\DFT_BLE\Debug\Obj\CMSIS-Pack\Device Startup: [4]
    startup_ADuCM3029.o         528
    system_ADuCM3029.o          108       32
    -------------------------------------------------
    Total:                      636       32

C:\Users\papuz\OneDrive\Desktop\IMSI_Project\WorkSpace\DFT_BLE\Debug\Obj\CMSIS-Pack\Device.Drivers DMA: [5]
    adi_dma.o                   360        8    1'248
    -------------------------------------------------
    Total:                      360        8    1'248

C:\Users\papuz\OneDrive\Desktop\IMSI_Project\WorkSpace\DFT_BLE\Debug\Obj\CMSIS-Pack\Device.Drivers GPIO: [6]
    adi_gpio.o                  456       13       16
    -------------------------------------------------
    Total:                      456       13       16

C:\Users\papuz\OneDrive\Desktop\IMSI_Project\WorkSpace\DFT_BLE\Debug\Obj\CMSIS-Pack\Device.Drivers Power: [7]
    adi_pwr.o                   488                12
    -------------------------------------------------
    Total:                      488                12

C:\Users\papuz\OneDrive\Desktop\IMSI_Project\WorkSpace\DFT_BLE\Debug\Obj\CMSIS-Pack\Device.Drivers SPI: [8]
    adi_spi.o                 1'824       62       60
    -------------------------------------------------
    Total:                    1'824       62       60

C:\Users\papuz\OneDrive\Desktop\IMSI_Project\WorkSpace\DFT_BLE\Debug\Obj\CMSIS-Pack\Device.Drivers TMR: [9]
    adi_tmr.o                   650       47       76
    -------------------------------------------------
    Total:                      650       47       76

C:\Users\papuz\OneDrive\Desktop\IMSI_Project\WorkSpace\DFT_BLE\Debug\Obj\Initialize: [10]
    adi_initialize.o             14
    pinmux_config.o              16
    -------------------------------------------------
    Total:                       30

dl7M_tln.a: [11]
    abort.o                       6
    exit.o                        4
    iar_Stolx.o                 150
    iar_Stoulx.o                324       80
    low_level_init.o              4
    printf.o                     40
    time_trampoline.o             4
    xfail_s.o                    64                 4
    xprintffull_nomb.o        3'858
    xprout.o                     22
    -------------------------------------------------
    Total:                    4'476       80        4

m7M_tl.a: [12]
    DblAddSub.o                 590
    DblCmpGe.o                   52
    DblCmpLe.o                   52
    DblDiv.o                    582
    DblMul.o                    426
    DblToS32.o                   54
    DblToU32.o                   34
    FltAddSub.o                 354
    FltCmpEq.o                   28
    FltDiv.o                    280
    FltMul.o                    216
    FltToU32.o                   24
    S32ToDbl.o                   34
    S64ToFlt.o                   90
    U32ToDbl.o                   28
    frexp.o                     112
    ldexp.o                     314
    -------------------------------------------------
    Total:                    3'270

rt7M_tl.a: [13]
    ABImemcpy.o                 166
    ABImemset.o                 102
    I64DivMod.o                 560
    I64DivZer.o                   2
    I64Shl.o                     34
    cexit.o                      10
    cmain.o                      30
    cstartup_M.o                 28
    data_init.o                  40
    memchr.o                     88
    packbits_init_single.o       58
    strchr.o                     22
    strcmp.o                     18
    strlen.o                     54
    zero_init3.o                 56
    -------------------------------------------------
    Total:                    1'268

shb_l.a: [14]
    exit.o                       20
    time64.o                     20
    -------------------------------------------------
    Total:                       40

    Gaps                         42        4      836
    Linker created                        32    1'028
-----------------------------------------------------
    Grand Total:             22'440    1'433    3'965


*******************************************************************************
*** ENTRY LIST
***

Entry                       Address   Size  Type      Object
-----                       -------   ----  ----      ------
.iar.init_table$$Base        0x5f88          --   Gb  - Linker created -
.iar.init_table$$Limit       0x5fa8          --   Gb  - Linker created -
?main                        0x6069         Code  Gb  cmain.o [13]
AD5940PlatformCfg            0x55f9   0xd0  Code  Lc  AD5940Main.o [2]
AD5940_ADCBaseCfgS           0x474f   0x1c  Code  Gb  ad5940.o [1]
AD5940_ADCConvtCtrlS         0x47c1   0x28  Code  Gb  ad5940.o [1]
AD5940_ADCDigCompCfgS        0x47f5   0x2e  Code  Gb  ad5940.o [1]
AD5940_ADCFilterCfgS         0x476b   0x56  Code  Gb  ad5940.o [1]
AD5940_AFECtrlS              0x45a5   0x58  Code  Gb  ad5940.o [1]
AD5940_AFEPwrBW              0x45fd   0x12  Code  Gb  ad5940.o [1]
AD5940_AGPIOCfg              0x4b35   0x26  Code  Gb  ad5940.o [1]
AD5940_AGPIOFuncCfg          0x4b5b    0xc  Code  Gb  ad5940.o [1]
AD5940_AGPIOIen              0x4b73    0xc  Code  Gb  ad5940.o [1]
AD5940_AGPIOOen              0x4b67    0xc  Code  Gb  ad5940.o [1]
AD5940_AGPIOPen              0x4b7f    0xc  Code  Gb  ad5940.o [1]
AD5940_CLKCfg                0x4963  0x112  Code  Gb  ad5940.o [1]
AD5940_CsClr                 0x4c25    0xa  Code  Gb  ADICUP3029Port.o [1]
AD5940_CsSet                 0x4c2f    0xa  Code  Gb  ADICUP3029Port.o [1]
AD5940_DFTCfgS               0x4847   0x50  Code  Gb  ad5940.o [1]
AD5940_DSPCfgS               0x4723   0x2c  Code  Gb  ad5940.o [1]
AD5940_Delay10us             0x4c49   0x46  Code  Gb  ADICUP3029Port.o [1]
AD5940_FIFOCfg               0x4897   0x58  Code  Gb  ad5940.o [1]
AD5940_HFOSC32MHzCtrl        0x4a75   0x7e  Code  Gb  ad5940.o [1]
AD5940_HWReset               0x4b9d   0x1a  Code  Gb  ad5940.o [1]
AD5940_INTCCfg               0x4af3   0x34  Code  Gb  ad5940.o [1]
AD5940_INTCClrFlag           0x4b27    0xe  Code  Gb  ad5940.o [1]
AD5940_Initialize            0x4521   0x82  Code  Gb  ad5940.o [1]
AD5940_MCUResourceInit       0x4c8f   0x7e  Code  Gb  ADICUP3029Port.o [1]
AD5940_MainBLE               0x5751   0xa8  Code  Gb  AD5940Main.o [2]
AD5940_ReadReg               0x4505   0x1c  Code  Gb  ad5940.o [1]
AD5940_ReadWrite16B          0x43e1   0x2c  Code  Lc  ad5940.o [1]
AD5940_ReadWrite32B          0x440d   0x3e  Code  Lc  ad5940.o [1]
AD5940_ReadWrite8B           0x43c9   0x18  Code  Lc  ad5940.o [1]
AD5940_ReadWriteNBytes       0x4bd5   0x50  Code  Gb  ADICUP3029Port.o [1]
AD5940_RstClr                0x4c41    0x8  Code  Gb  ADICUP3029Port.o [1]
AD5940_RstSet                0x4c39    0x8  Code  Gb  ADICUP3029Port.o [1]
AD5940_SEQCfg                0x48ef   0x74  Code  Gb  ad5940.o [1]
AD5940_SEQGenGetRegDefault
                             0x42a7   0x10  Code  Lc  ad5940.o [1]
AD5940_SEQGenInsert          0x424d   0x28  Code  Gb  ad5940.o [1]
AD5940_SEQGenSearchReg       0x4275   0x32  Code  Lc  ad5940.o [1]
AD5940_SEQReadReg            0x42fd   0x3c  Code  Lc  ad5940.o [1]
AD5940_SEQRegInfoInsert
                             0x42b7   0x46  Code  Lc  ad5940.o [1]
AD5940_SEQWriteReg           0x4339   0x7c  Code  Lc  ad5940.o [1]
AD5940_SPIReadReg            0x4495   0x54  Code  Lc  ad5940.o [1]
AD5940_SPIWriteReg           0x444b   0x4a  Code  Lc  ad5940.o [1]
AD5940_SleepKeyCtrlS         0x4b8b    0xe  Code  Gb  ad5940.o [1]
AD5940_StatisticCfgS         0x4823   0x24  Code  Gb  ad5940.o [1]
AD5940_StructInit            0x43b5    0xe  Code  Gb  ad5940.o [1]
AD5940_WGCfgS                0x460f   0xa8  Code  Gb  ad5940.o [1]
AD5940_WGFreqWordCal         0x46b7   0x6a  Code  Gb  ad5940.o [1]
AD5940_WriteReg              0x44e9   0x1c  Code  Gb  ad5940.o [1]
ApplicationCallback          0x5495   0x8c  Code  Lc  main.o [2]
Battery_Voltage_Int_Handler
                             0x40f1   0x26  Code  Gb  adi_pwr.o [7]
BleCallback                  0x3291    0x8  Code  Lc  adi_ble_noos.o [3]
CHECKSUM$$Base                0x7fc          --   Gb  - Linker created -
CHECKSUM$$Limit               0x800          --   Gb  - Linker created -
CSTACK$$Base            0x2000'1c00          --   Gb  - Linker created -
CSTACK$$Limit           0x2000'2000          --   Gb  - Linker created -
ClearEventPending            0x329f    0x8  Code  Lc  adi_ble_noos.o [3]
Cli_start                    0x5847   0x10  Code  Gb  UARTCmd.o [2]
Cli_stop                     0x5857    0xe  Code  Gb  UARTCmd.o [2]
CommonIntHandler             0x3e4f   0x62  Code  Lc  adi_tmr.o [9]
CommonInterruptHandler       0x34d1   0x5c  Code  Lc  adi_gpio.o [6]
Crystal_osc_Int_Handler
                             0x409d   0x54  Code  Gb  adi_pwr.o [7]
DFT_config                   0x56c9   0x88  Code  Gb  AD5940Main.o [2]
DMA_DevData             0x2000'0914   0xe0  Data  Lc  adi_dma.o [5]
DMA_Err_Int_Handler          0x3fb9   0x7c  Code  Gb  adi_dma.o [5]
DMA_SPI0_RX_Int_Handler
                             0x3bc1   0x24  Code  Gb  adi_spi.o [8]
DMA_SPI0_TX_Int_Handler
                             0x3bb7    0xa  Code  Gb  adi_spi.o [8]
DMA_SPI1_RX_Int_Handler
                             0x3bef   0x24  Code  Gb  adi_spi.o [8]
DMA_SPI1_TX_Int_Handler
                             0x3be5    0xa  Code  Gb  adi_spi.o [8]
DMA_SPI2_RX_Int_Handler
                             0x3c1d   0x24  Code  Gb  adi_spi.o [8]
DMA_SPI2_TX_Int_Handler
                             0x3c13    0xa  Code  Gb  adi_spi.o [8]
Ext_Int0_Handler             0x4d0d    0xe  Code  Gb  ADICUP3029Port.o [1]
GPIO_A_Int_Handler           0x3539    0xc  Code  Gb  adi_gpio.o [6]
GPIO_B_Int_Handler           0x3545    0xc  Code  Gb  adi_gpio.o [6]
GP_Tmr0_Int_Handler          0x3edd    0xa  Code  Gb  adi_tmr.o [9]
GP_Tmr1_Int_Handler          0x3ee7    0xa  Code  Gb  adi_tmr.o [9]
GP_Tmr2_Int_Handler          0x3ef1    0xa  Code  Gb  adi_tmr.o [9]
InitBluetoothLowEnergy       0x540b   0x88  Code  Gb  main.o [2]
IsEventPending               0x3299    0x6  Code  Lc  adi_ble_noos.o [3]
IsTimerDone                  0x32b1    0x6  Code  Lc  adi_ble_noos.o [3]
MCUPlatformInit              0x51c1   0x4a  Code  Gb  main.o [2]
PLL_Int_Handler              0x4065   0x38  Code  Gb  adi_pwr.o [7]
RadioTransaction             0x300b  0x164  Code  Lc  adi_ble_transport.o [3]
Region$$Table$$Base          0x5f88          --   Gb  - Linker created -
Region$$Table$$Limit         0x5fa8          --   Gb  - Linker created -
RxDmaErrorCallback           0x3b05   0x46  Code  Lc  adi_spi.o [8]
SET_CMDPKT_CMDCODE           0x2435    0x4  Code  Lc  adi_ble_radio.o [3]
SET_CMDPKT_LEN               0x2431    0x4  Code  Lc  adi_ble_radio.o [3]
SET_CMDPKT_OPCODE            0x2421    0x6  Code  Lc  adi_ble_radio.o [3]
SET_CMDPKT_VENDORCODE        0x2427    0xa  Code  Lc  adi_ble_radio.o [3]
SPI0_Int_Handler             0x3b93    0xc  Code  Gb  adi_spi.o [8]
SPI1_Int_Handler             0x3b9f    0xc  Code  Gb  adi_spi.o [8]
SPI2_Int_Handler             0x3bab    0xc  Code  Gb  adi_spi.o [8]
SeqGenDB                0x2000'0af8   0x1c  Data  Gb  ad5940.o [1]
SetAdvertisingMode           0x53a1   0x6a  Code  Gb  main.o [2]
StartTimer                   0x32b7   0x3e  Code  Lc  adi_ble_noos.o [3]
StartTransaction             0x3753  0x28e  Code  Lc  adi_spi.o [8]
StopTimer                    0x3309   0x16  Code  Lc  adi_ble_noos.o [3]
Str2Num                      0x590d   0x12  Code  Lc  UARTCmd.o [2]
SystemInit                   0x5cd9   0x2c  Code  Gb  system_ADuCM3029.o [4]
TimerCallback                0x32a9    0x8  Code  Lc  adi_ble_noos.o [3]
TransportCallback            0x2ffd    0xe  Code  Gb  adi_ble_transport.o [3]
TxDmaErrorCallback           0x3b4d   0x46  Code  Lc  adi_spi.o [8]
UARTCmd_MatchCommand         0x58bb   0x52  Code  Gb  UARTCmd.o [2]
UARTCmd_Process              0x597b   0x86  Code  Gb  UARTCmd.o [2]
UARTCmd_RemoveSpaces         0x5865   0x56  Code  Gb  UARTCmd.o [2]
UARTCmd_TranslateParas       0x591f   0x5c  Code  Gb  UARTCmd.o [2]
UART_Int_Handler             0x534d   0x54  Code  Gb  main.o [2]
UrtCfg                       0x520b  0x134  Code  Gb  main.o [2]
Vreg_over_Int_Handler        0x4117   0x3a  Code  Gb  adi_pwr.o [7]
WaitForStatusBit             0x3e23   0x2c  Code  Lc  adi_tmr.o [9]
_LitobFullNoMb               0x1519  0x10c  Code  Lc  xprintffull_nomb.o [11]
_PrintfFullNoMb               0x801  0xce8  Code  Gb  xprintffull_nomb.o [11]
_Prout                       0x6159   0x16  Code  Gb  xprout.o [11]
_PutcharFullNoMb             0x167d   0x20  Code  Lc  xprintffull_nomb.o [11]
_PutcharsFullNoMb            0x169d   0x2e  Code  Lc  xprintffull_nomb.o [11]
__NVIC_ClearPendingIRQ       0x2e79   0x1c  Code  Lc  adi_ble_transport.o [3]
__NVIC_DisableIRQ            0x2e53   0x26  Code  Lc  adi_ble_transport.o [3]
__NVIC_DisableIRQ            0x356f   0x26  Code  Lc  adi_spi.o [8]
__NVIC_DisableIRQ            0x3c8d   0x24  Code  Lc  adi_tmr.o [9]
__NVIC_EnableIRQ             0x2e35   0x1e  Code  Lc  adi_ble_transport.o [3]
__NVIC_EnableIRQ             0x3efd   0x1c  Code  Lc  adi_dma.o [5]
__NVIC_EnableIRQ             0x3389   0x1c  Code  Lc  adi_gpio.o [6]
__NVIC_EnableIRQ             0x3551   0x1e  Code  Lc  adi_spi.o [8]
__NVIC_EnableIRQ             0x3c71   0x1c  Code  Lc  adi_tmr.o [9]
__NVIC_EnableIRQ             0x4bb9   0x1c  Code  Lc  ADICUP3029Port.o [1]
__NVIC_EnableIRQ             0x5189   0x1e  Code  Lc  main.o [2]
__NVIC_SystemReset           0x582d   0x1a  Code  Lc  UARTCmd.o [2]
__Vectors                       0x0          --   Gb  startup_ADuCM3029.o [4]
__Vectors_End                 0x140         Data  Gb  startup_ADuCM3029.o [4]
__Vectors_Size {Abs}          0x140          --   Gb  startup_ADuCM3029.o [4]
__aeabi_cdcmple              0x194d         Code  Gb  DblCmpLe.o [12]
__aeabi_cdrcmple             0x1981         Code  Gb  DblCmpGe.o [12]
__aeabi_cfcmpeq              0x4d81         Code  Gb  FltCmpEq.o [12]
__aeabi_d2iz                 0x1af1         Code  Gb  DblToS32.o [12]
__aeabi_d2uiz                0x1fe5         Code  Gb  DblToU32.o [12]
__aeabi_ddiv                 0x1d9d         Code  Gb  DblDiv.o [12]
__aeabi_dmul                 0x2025         Code  Gb  DblMul.o [12]
__aeabi_dsub                 0x1cb9         Code  Gb  DblAddSub.o [12]
__aeabi_f2uiz                0x5171         Code  Gb  FltToU32.o [12]
__aeabi_fadd                 0x500d         Code  Gb  FltAddSub.o [12]
__aeabi_fdiv                 0x4ef5         Code  Gb  FltDiv.o [12]
__aeabi_fmul                 0x4e1d         Code  Gb  FltMul.o [12]
__aeabi_i2d                  0x1b29         Code  Gb  S32ToDbl.o [12]
__aeabi_l2f                  0x4dc1         Code  Gb  S64ToFlt.o [12]
__aeabi_ldiv0                0x2409         Code  Gb  I64DivZer.o [13]
__aeabi_llsl                 0x4d9d         Code  Gb  I64Shl.o [13]
__aeabi_memcpy               0x1835         Code  Gb  ABImemcpy.o [13]
__aeabi_memcpy4              0x1855         Code  Gb  ABImemcpy.o [13]
__aeabi_memcpy8              0x1855         Code  Gb  ABImemcpy.o [13]
__aeabi_memset               0x3321         Code  Gb  ABImemset.o [13]
__aeabi_ui2d                 0x2009         Code  Gb  U32ToDbl.o [12]
__aeabi_uldivmod             0x21d1         Code  Gb  I64DivMod.o [13]
__cmain                      0x6069         Code  Gb  cmain.o [13]
__exit                       0x240d   0x14  Code  Gb  exit.o [14]
__iar_Fail_s                 0x1765   0x1c  Code  Gb  xfail_s.o [11]
__iar_Memchr                 0x17dd         Code  Gb  memchr.o [13]
__iar_Memset                 0x3321         Code  Gb  ABImemset.o [13]
__iar_Memset_word            0x3329         Code  Gb  ABImemset.o [13]
__iar_Stolx                  0x5a7b   0x92  Code  Gb  iar_Stolx.o [11]
__iar_Stoulx                 0x5b25  0x13e  Code  Gb  iar_Stoulx.o [11]
__iar_Strchr                 0x174d         Code  Gb  strchr.o [13]
__iar_data_init3             0x5ef5   0x28  Code  Gb  data_init.o [13]
__iar_frexp                  0x18e9         Code  Gb  frexp.o [12]
__iar_frexp64                0x18dd         Code  Gb  frexp.o [12]
__iar_frexpl                 0x18e9         Code  Gb  frexp.o [12]
__iar_ldexp64                0x19b5         Code  Gb  ldexp.o [12]
__iar_packbits_init_single3
                             0x1713   0x3a  Code  Gb  packbits_init_single.o [13]
__iar_program_start          0x610d         Code  Gb  cstartup_M.o [13]
__iar_scalbln64              0x19b5         Code  Gb  ldexp.o [12]
__iar_scalbn64               0x19b5         Code  Gb  ldexp.o [12]
__iar_zero_init3             0x5ddd   0x38  Code  Gb  zero_init3.o [13]
__low_level_init             0x6087    0x4  Code  Gb  low_level_init.o [11]
__time64                     0x5b11   0x14  Code  Gb  time64.o [14]
__vector_table                  0x0         Data  Gb  startup_ADuCM3029.o [4]
__vector_table_0x1c            0x1c         Data  Gb  startup_ADuCM3029.o [4]
_call_main                   0x6075         Code  Gb  cmain.o [13]
_exit                        0x6091         Code  Gb  cexit.o [13]
aTimerALoadConfig       0x2000'0080    0x8  Data  Lc  adi_tmr.o [9]
aTimerCtlConfig         0x2000'0070    0x8  Data  Lc  adi_tmr.o [9]
aTimerLoadConfig        0x2000'0078    0x8  Data  Lc  adi_tmr.o [9]
aTimerPwmCtlConfig      0x2000'0088    0x8  Data  Lc  adi_tmr.o [9]
aTimerPwmMatchConfig    0x2000'0090    0x8  Data  Lc  adi_tmr.o [9]
abort                        0x2401    0x6  Code  Gb  abort.o [11]
adi_ble_DispatchEvents       0x31cd    0xc  Code  Gb  adi_ble_noos.o [3]
adi_ble_GetConnectionInfo
                             0x2dfd   0x16  Code  Gb  adi_ble_radio.o [3]
adi_ble_GetCurCmd            0x2e27    0xa  Code  Gb  adi_ble_radio.o [3]
adi_ble_GetImmediateAlertLevel
                             0x2e13    0xa  Code  Gb  adi_ble_radio.o [3]
adi_ble_GetLinkLossAlertLevel
                             0x2e1d    0xa  Code  Gb  adi_ble_radio.o [3]
adi_ble_Init                 0x3189   0x44  Code  Gb  adi_ble_noos.o [3]
adi_ble_WaitForEventWithTimeout
                             0x31d9   0xa0  Code  Gb  adi_ble_noos.o [3]
adi_ble_WaitForResponseWithTimeout
                             0x3279   0x16  Code  Gb  adi_ble_noos.o [3]
adi_dma_Init                 0x3f19   0x58  Code  Gb  adi_dma.o [5]
adi_dma_RegisterCallback
                             0x3f71   0x48  Code  Gb  adi_dma.o [5]
adi_gpio_Device         0x2000'0024   0x10  Data  Lc  adi_gpio.o [6]
adi_gpio_GetData             0x348f   0x12  Code  Gb  adi_gpio.o [6]
adi_gpio_Init                0x33a5   0x38  Code  Gb  adi_gpio.o [6]
adi_gpio_InputEnable         0x3445   0x2e  Code  Gb  adi_gpio.o [6]
adi_gpio_OutputEnable        0x3417   0x2e  Code  Gb  adi_gpio.o [6]
adi_gpio_RegisterCallback
                             0x34a1   0x30  Code  Gb  adi_gpio.o [6]
adi_gpio_SetGroupInterruptPins
                             0x33dd   0x2c  Code  Gb  adi_gpio.o [6]
adi_gpio_SetGroupInterruptPolarity
                             0x3409    0xe  Code  Gb  adi_gpio.o [6]
adi_gpio_SetHigh             0x3473    0xe  Code  Gb  adi_gpio.o [6]
adi_gpio_SetLow              0x3481    0xe  Code  Gb  adi_gpio.o [6]
adi_initComponents           0x55e9    0xe  Code  Gb  adi_initialize.o [10]
adi_initpinmux               0x5a55   0x10  Code  Gb  pinmux_config.o [10]
adi_pwr_EnterLowPowerMode
                             0x4151   0xae  Code  Gb  adi_pwr.o [7]
adi_pwr_ExitLowPowerMode
                             0x41ff   0x2a  Code  Gb  adi_pwr.o [7]
adi_radio_DE_SendData        0x263b   0x58  Code  Gb  adi_ble_radio.o [3]
adi_radio_GetEvent           0x2dab   0x52  Code  Gb  adi_ble_radio.o [3]
adi_radio_GetMode            0x2553   0x26  Code  Gb  adi_ble_radio.o [3]
adi_radio_Init               0x2439   0x34  Code  Gb  adi_ble_radio.o [3]
adi_radio_RegisterDevice
                             0x246d   0x44  Code  Gb  adi_ble_radio.o [3]
adi_radio_Register_DataExchangeServer
                             0x2615   0x26  Code  Gb  adi_ble_radio.o [3]
adi_radio_SetLocalBluetoothDevName
                             0x2579   0x9c  Code  Gb  adi_ble_radio.o [3]
adi_radio_SetMode            0x24b1   0xa2  Code  Gb  adi_ble_radio.o [3]
adi_spi_MasterReadWrite
                             0x3635   0x2a  Code  Gb  adi_spi.o [8]
adi_spi_MasterSubmitBuffer
                             0x365f   0xf4  Code  Gb  adi_spi.o [8]
adi_spi_Open                 0x3595   0x98  Code  Gb  adi_spi.o [8]
adi_spi_SetChipSelect        0x362d    0x8  Code  Gb  adi_spi.o [8]
adi_system_EnableRetention
                             0x5d05   0x28  Code  Gb  system_ADuCM3029.o [4]
adi_tal_Init                 0x2e95  0x136  Code  Gb  adi_ble_transport.o [3]
adi_tal_Read                 0x2feb   0x12  Code  Gb  adi_ble_transport.o [3]
adi_tal_Write                0x2fcb   0x20  Code  Gb  adi_ble_transport.o [3]
adi_tmr_ConfigTimer          0x3d51   0x7e  Code  Gb  adi_tmr.o [9]
adi_tmr_Enable               0x3dcf   0x54  Code  Gb  adi_tmr.o [9]
adi_tmr_Init                 0x3cb1   0xa0  Code  Gb  adi_tmr.o [9]
adi_tmr_callbacks       0x2000'0b28    0xc  Data  Lc  adi_tmr.o [9]
adi_tmr_interrupt            0x6290    0x4  Data  Lc  adi_tmr.o [9]
adi_tmr_parameters      0x2000'0b34    0xc  Data  Lc  adi_tmr.o [9]
adi_tmr_registers       0x2000'0098    0xc  Data  Lc  adi_tmr.o [9]
b                       0x2000'0b58    0x4  Data  Gb  UARTCmd.o [2]
bIsS2silicon            0x2000'0b74    0x1  Data  Lc  ad5940.o [1]
bler_handle_event            0x2a15  0x396  Code  Lc  adi_ble_radio.o [3]
bler_handle_packet           0x2813   0x14  Code  Lc  adi_ble_radio.o [3]
bler_handle_response         0x2827  0x1ee  Code  Lc  adi_ble_radio.o [3]
bler_parse_event             0x27cd   0x46  Code  Lc  adi_ble_radio.o [3]
bler_parse_packet            0x271f   0x5a  Code  Lc  adi_ble_radio.o [3]
bler_parse_response          0x2779   0x54  Code  Lc  adi_ble_radio.o [3]
bler_process_cmd             0x2699   0x86  Code  Lc  adi_ble_radio.o [3]
common_SPI_Int_Handler       0x39e1  0x122  Code  Lc  adi_spi.o [8]
digits                       0x5d6c   0x28  Data  Lc  iar_Stoulx.o [11]
eDataPacket             0x2000'0b14   0x14  Data  Lc  AD5940Main.o [2]
exit                         0x608b    0x4  Code  Gb  exit.o [11]
frexp                        0x18dd         Code  Gb  frexp.o [12]
frexpl                       0x18dd         Code  Gb  frexp.o [12]
gBLERadio               0x2000'0800  0x114  Data  Lc  adi_ble_radio.o [3]
gChannelControlDataArray
                        0x2000'0400  0x400  Data  Lc  adi_dma.o [5]
gSPICfg                      0x6264    0xc  Data  Lc  adi_spi.o [8]
gTransportData          0x2000'09f4   0x84  Data  Lc  adi_ble_transport.o [3]
gbConnected             0x2000'0b77    0x1  Data  Gb  main.o [2]
gbEventHappened         0x2000'0b76    0x1  Data  Lc  adi_ble_noos.o [3]
gbTimeoutHappened       0x2000'0b75    0x1  Data  Lc  adi_ble_noos.o [3]
geMode                  0x2000'0b78    0x1  Data  Gb  main.o [2]
gnLowPowerIntOccFlag    0x2000'0b50    0x4  Data  Lc  adi_pwr.o [7]
gpPowcbParam            0x2000'0b4c    0x4  Data  Lc  adi_pwr.o [7]
gpfCallbackFunction     0x2000'0b48    0x4  Data  Lc  adi_pwr.o [7]
ldexp                        0x19b5         Code  Gb  ldexp.o [12]
ldexpl                       0x19b5         Code  Gb  ldexp.o [12]
line_buffer             0x2000'0a78   0x80  Data  Gb  UARTCmd.o [2]
line_buffer_index       0x2000'0b5c    0x4  Data  Gb  UARTCmd.o [2]
main                         0x51a7   0x1a  Code  Gb  main.o [2]
memchr                       0x17dd         Code  Gb  memchr.o [13]
ndigs                        0x5d44   0x28  Data  Lc  iar_Stoulx.o [11]
pApplicationCallback    0x2000'0b40    0x4  Data  Lc  adi_ble_noos.o [3]
pApplicationParameter   0x2000'0b44    0x4  Data  Lc  adi_ble_noos.o [3]
pBLERadio               0x2000'000c    0x4  Data  Lc  adi_ble_radio.o [3]
pDMA_DevData                 0x628c    0x4  Data  Lc  adi_dma.o [5]
pObjFound               0x2000'0b64    0x4  Data  Gb  UARTCmd.o [2]
pPrimaryCCD                  0x6288    0x4  Data  Gb  adi_dma.o [5]
pTransportData          0x2000'0010    0x4  Data  Lc  adi_ble_transport.o [3]
parameter1              0x2000'0b68    0x4  Data  Gb  UARTCmd.o [2]
parameter2              0x2000'0b6c    0x4  Data  Gb  UARTCmd.o [2]
printf                       0x5a2d   0x28  Code  Gb  printf.o [11]
putchar                      0x533f    0xe  Code  Gb  main.o [2]
sHelloWorld                  0x6258    0xc  Data  Lc  AD5940Main.o [2]
sTimer                  0x2000'0000    0xc  Data  Lc  adi_ble_noos.o [3]
sTransceive             0x2000'0014   0x10  Data  Lc  adi_ble_transport.o [3]
scalbln                      0x19b5         Code  Gb  ldexp.o [12]
scalblnl                     0x19b5         Code  Gb  ldexp.o [12]
scalbn                       0x19b5         Code  Gb  ldexp.o [12]
scalbnl                      0x19b5         Code  Gb  ldexp.o [12]
scale                        0x1625   0x46  Code  Lc  xprintffull_nomb.o [11]
sec_hand                0x2000'0b70    0x4  Data  Lc  xfail_s.o [11]
spi_device_info         0x2000'0034   0x3c  Data  Lc  adi_spi.o [8]
strchr                       0x174d         Code  Gb  strchr.o [13]
strcmp                       0x5a69         Code  Gb  strcmp.o [13]
strlen                       0x17a5         Code  Gb  strlen.o [13]
strtol                       0x5b0d    0x4  Code  Gb  iar_Stolx.o [11]
time                         0x5a65    0x4  Code  Gb  time_trampoline.o [11]
token_count             0x2000'0b60    0x4  Data  Gb  UARTCmd.o [2]
uart_cmd_table          0x2000'00a4   0x18  Data  Gb  UARTCmd.o [2]
ucInterrupted           0x2000'0b54    0x4  Data  Lc  ADICUP3029Port.o [1]


[1] = C:\Users\papuz\OneDrive\Desktop\IMSI_Project\WorkSpace\DFT_BLE\Debug\Obj\AD5940lib
[2] = C:\Users\papuz\OneDrive\Desktop\IMSI_Project\WorkSpace\DFT_BLE\Debug\Obj\Application
[3] = C:\Users\papuz\OneDrive\Desktop\IMSI_Project\WorkSpace\DFT_BLE\Debug\Obj\CMSIS-Pack\BLE Bluetooth low energy
[4] = C:\Users\papuz\OneDrive\Desktop\IMSI_Project\WorkSpace\DFT_BLE\Debug\Obj\CMSIS-Pack\Device Startup
[5] = C:\Users\papuz\OneDrive\Desktop\IMSI_Project\WorkSpace\DFT_BLE\Debug\Obj\CMSIS-Pack\Device.Drivers DMA
[6] = C:\Users\papuz\OneDrive\Desktop\IMSI_Project\WorkSpace\DFT_BLE\Debug\Obj\CMSIS-Pack\Device.Drivers GPIO
[7] = C:\Users\papuz\OneDrive\Desktop\IMSI_Project\WorkSpace\DFT_BLE\Debug\Obj\CMSIS-Pack\Device.Drivers Power
[8] = C:\Users\papuz\OneDrive\Desktop\IMSI_Project\WorkSpace\DFT_BLE\Debug\Obj\CMSIS-Pack\Device.Drivers SPI
[9] = C:\Users\papuz\OneDrive\Desktop\IMSI_Project\WorkSpace\DFT_BLE\Debug\Obj\CMSIS-Pack\Device.Drivers TMR
[10] = C:\Users\papuz\OneDrive\Desktop\IMSI_Project\WorkSpace\DFT_BLE\Debug\Obj\Initialize
[11] = dl7M_tln.a
[12] = m7M_tl.a
[13] = rt7M_tl.a
[14] = shb_l.a

  22'440 bytes of readonly  code memory
   1'433 bytes of readonly  data memory
   3'965 bytes of readwrite data memory

Errors: none
Warnings: none
