###############################################################################
#
# IAR ELF Linker V9.20.4.327/W64 for ARM                  11/Apr/2022  15:45:57
# Copyright 2007-2022 IAR Systems AB.
#
#    Output file  =
#        C:\Users\papuz\OneDrive\Desktop\IMSI_Project\WorkSpace\DFT_Start_Stop\Debug\Exe\DFT_Start_Stop.out
#    Map file     =
#        C:\Users\papuz\OneDrive\Desktop\IMSI_Project\WorkSpace\DFT_Start_Stop\Debug\List\DFT_Start_Stop.map
#    Command line =
#        -f
#        C:\Users\papuz\OneDrive\Desktop\IMSI_Project\WorkSpace\DFT_Start_Stop\Debug\Exe\DFT_Start_Stop.out.rsp
#        (C:\Users\papuz\OneDrive\Desktop\IMSI_Project\WorkSpace\DFT_Start_Stop\Debug\Obj\AD5940lib\ad5940.o
#        C:\Users\papuz\OneDrive\Desktop\IMSI_Project\WorkSpace\DFT_Start_Stop\Debug\Obj\Application\AD5940Main.o
#        C:\Users\papuz\OneDrive\Desktop\IMSI_Project\WorkSpace\DFT_Start_Stop\Debug\Obj\AD5940lib\ADICUP3029Port.o
#        C:\Users\papuz\OneDrive\Desktop\IMSI_Project\WorkSpace\DFT_Start_Stop\Debug\Obj\Application\main.o
#        "C:\Users\papuz\OneDrive\Desktop\IMSI_Project\WorkSpace\DFT_Start_Stop\Debug\Obj\CMSIS-Pack\Device
#        Startup\startup_ADuCM3029.o"
#        "C:\Users\papuz\OneDrive\Desktop\IMSI_Project\WorkSpace\DFT_Start_Stop\Debug\Obj\CMSIS-Pack\Device
#        Startup\system_ADuCM3029.o"
#        C:\Users\papuz\OneDrive\Desktop\IMSI_Project\WorkSpace\DFT_Start_Stop\Debug\Obj\Application\UARTCmd.o
#        --no_out_extension -o
#        C:\Users\papuz\OneDrive\Desktop\IMSI_Project\WorkSpace\DFT_Start_Stop\Debug\Exe\DFT_Start_Stop.out
#        --map
#        C:\Users\papuz\OneDrive\Desktop\IMSI_Project\WorkSpace\DFT_Start_Stop\Debug\List\DFT_Start_Stop.map
#        --config
#        C:/Users/papuz/IAR-CMSIS-Packs/AnalogDevices/ADuCM302x_DFP/3.2.0/\ARM\config\linker\AnalogDevices\ADuCM3029.icf
#        --semihosting --entry __iar_program_start --vfe --text_out locale)
#
###############################################################################

*******************************************************************************
*** RUNTIME MODEL ATTRIBUTES
***

CppFlavor       = *
__CPP_Runtime   = 1
__SystemLibrary = DLib
__dlib_version  = 6


*******************************************************************************
*** HEAP SELECTION
***

The basic heap was selected because some modules are built with
size limitations (and not runtime checking), and --advanced_heap
was not specified.


*******************************************************************************
*** PLACEMENT SUMMARY
***

"A3":  place at address 0x180 { ro section .security_options };
define block CHECKSUM with size = 4, alignment = 4 { ro section .checksum };
"A4":  place at address 0x7fc { block CHECKSUM };
"A5":  place at start of [from 0x0 to 0x17f] { ro section .intvec };
"P2":  place in [from 0x800 to 0x3'ffff] { ro };
define block CSTACK with size = 1K, alignment = 8 { };
"A6":  place at end of [from 0x2000'0000 to 0x2000'1fff] { block CSTACK };
define block HEAP with size = 512, alignment = 8 { };
"P3":  place in [from 0x2000'0000 to 0x2000'1fff] { rw, block HEAP };
initialize by copy { rw };

No sections matched the following patterns:

  ro section .checksum                 in block CHECKSUM
  ro section CRC_ReadProtectedKeyHash  in "A1"
  ro section NumCRCPages               in "A2"
  ro section Page0_region              in "P1"
  ro section ReadProtectedKeyHash      in "A0"
  rw section bank1_retained_ram        in "P5"
  rw section never_retained_ram        in "P6"
  section ISRAM_REGION                 in "P4"


  Section            Kind         Address    Size  Object
  -------            ----         -------    ----  ------
"A5":                                       0x140
  .intvec            ro code          0x0   0x140  startup_ADuCM3029.o [3]
                                  - 0x140   0x140

"A3":                                        0x20
  .security_options  const          0x180    0x20  system_ADuCM3029.o [3]
                                  - 0x1a0    0x20

"A4":                                         0x4
  CHECKSUM                          0x7fc     0x4  <Block>
    CHECKSUM         uninit         0x7fc     0x4  <Block tail>
                                  - 0x800     0x4

"P2":                                      0x47bf
  .text              ro code        0x800   0xf64  ad5940.o [1]
  .text              ro code       0x1764    0x66  ABImemset.o [6]
  .text              ro code       0x17cc   0x1c8  ADICUP3029Port.o [1]
  .text              ro code       0x1994    0xa6  ABImemcpy.o [6]
  .text              ro code       0x1a3c    0x1c  FltCmpEq.o [5]
  .text              ro code       0x1a58    0x22  I64Shl.o [6]
  .text              ro code       0x1a7c    0x5a  S64ToFlt.o [5]
  .text              ro code       0x1ad8    0xd8  FltMul.o [5]
  .text              ro code       0x1bb0   0x118  FltDiv.o [5]
  .text              ro code       0x1cc8   0x162  FltAddSub.o [5]
  .text              ro code       0x1e2c    0x18  FltToU32.o [5]
  .text              ro code       0x1e44    0x28  FltCmpLe.o [5]
  .text              ro code       0x1e6c    0x1a  U32ToFlt.o [5]
  .text              ro code       0x1e88   0xf12  xprintffull_nomb.o [4]
  .text              ro code       0x2d9c    0x16  strchr.o [6]
  .text              ro code       0x2db4    0x40  xfail_s.o [4]
  .text              ro code       0x2df4    0x36  strlen.o [6]
  .text              ro code       0x2e2c    0x58  memchr.o [6]
  .text              ro code       0x2e84    0x70  frexp.o [5]
  .text              ro code       0x2ef4    0x34  DblCmpLe.o [5]
  .text              ro code       0x2f28    0x34  DblCmpGe.o [5]
  .text              ro code       0x2f5c   0x13a  ldexp.o [5]
  .text              ro code       0x3098    0x36  DblToS32.o [5]
  .text              ro code       0x30d0    0x22  S32ToDbl.o [5]
  .text              ro code       0x30f4   0x24e  DblAddSub.o [5]
  .text              ro code       0x3344   0x246  DblDiv.o [5]
  .text              ro code       0x358c    0x22  DblToU32.o [5]
  .text              ro code       0x35b0    0x1c  U32ToDbl.o [5]
  .text              ro code       0x35cc   0x1aa  DblMul.o [5]
  .text              ro code       0x3778   0x230  I64DivMod.o [6]
  .text              ro code       0x39a8     0x6  abort.o [4]
  .text              ro code       0x39b0     0x2  I64DivZer.o [6]
  .text              ro code       0x39b4    0x14  exit.o [7]
  .text              ro code       0x39c8   0x4e4  UARTCmd.o [2]
  .text              ro code       0x3eac    0x28  printf.o [4]
  .text              ro code       0x3ed4    0x12  strcmp.o [6]
  .text              ro code       0x3ee6    0x96  iar_Stolx.o [4]
  .text              ro code       0x3f7c    0x24  S32ToFlt.o [5]
  .text              ro code       0x3fa0    0x48  FltToDbl.o [5]
  .text              ro code       0x3fe8    0xf2  sqrt.o [5]
  .text              ro code       0x40dc    0x68  DblToFlt.o [5]
  .text              ro code       0x4144    0xbc  atan2_32.o [5]
  .text              ro code       0x4200   0x144  iar_Stoulx.o [4]
  .text              ro code       0x4344   0x118  iar_Atan32.o [5]
  .text              ro code       0x445c   0x26c  main.o [2]
  .text              ro code       0x46c8   0x190  AD5940Main.o [2]
  .text              ro code       0x4858    0x78  lz77_init_single.o [6]
  .rodata            const         0x48d0    0x70  ad5940.o [1]
  .text              ro code       0x4940    0x6c  system_ADuCM3029.o [3]
  .rodata            const         0x49ac    0x50  iar_Stoulx.o [4]
  .rodata            const         0x49fc    0x44  UARTCmd.o [2]
  .rodata            const         0x4a40    0x38  UARTCmd.o [2]
  .text              ro code       0x4a78    0x38  zero_init3.o [6]
  .rodata            const         0x4ab0    0x34  UARTCmd.o [2]
  .rodata            const         0x4ae4    0x2c  UARTCmd.o [2]
  .rodata            const         0x4b10    0x28  UARTCmd.o [2]
  .text              ro code       0x4b38    0x28  data_init.o [6]
  .rodata            const         0x4b60    0x24  UARTCmd.o [2]
  .rodata            const         0x4b84    0x24  UARTCmd.o [2]
  .rodata            const         0x4ba8    0x24  UARTCmd.o [2]
  .iar.init_table    const         0x4bcc    0x20  - Linker created -
  .rodata            const         0x4bec    0x20  UARTCmd.o [2]
  .text              ro code       0x4c0c    0x20  startup_ADuCM3029.o [3]
  .text              ro code       0x4c2c    0x1e  cmain.o [6]
  .text              ro code       0x4c4a     0x4  low_level_init.o [4]
  .text              ro code       0x4c4e     0x4  exit.o [4]
  .text              ro code       0x4c54     0xa  cexit.o [6]
  .rodata            const         0x4c60    0x1c  main.o [2]
  .rodata            const         0x4c7c    0x1c  UARTCmd.o [2]
  .rodata            const         0x4c98    0x1c  UARTCmd.o [2]
  .rodata            const         0x4cb4    0x1c  UARTCmd.o [2]
  .rodata            const         0x4cd0    0x1c  UARTCmd.o [2]
  .rodata            const         0x4cec    0x1c  UARTCmd.o [2]
  .text              ro code       0x4d08    0x1c  cstartup_M.o [6]
  .rodata            const         0x4d24    0x18  UARTCmd.o [2]
  .text              ro code       0x4d3c    0x16  xprout.o [4]
  .rodata            const         0x4d54    0x14  UARTCmd.o [2]
  .rodata            const         0x4d68    0x14  UARTCmd.o [2]
  .rodata            const         0x4d7c    0x14  UARTCmd.o [2]
  .rodata            const         0x4d90    0x10  UARTCmd.o [2]
  .rodata            const         0x4da0    0x10  UARTCmd.o [2]
  .rodata            const         0x4db0     0xc  main.o [2]
  .rodata            const         0x4dbc     0xc  UARTCmd.o [2]
  .rodata            const         0x4dc8     0xc  UARTCmd.o [2]
  .rodata            const         0x4dd4     0xc  UARTCmd.o [2]
  .rodata            const         0x4de0     0xc  UARTCmd.o [2]
  .rodata            const         0x4dec     0x8  ad5940.o [1]
  .rodata            const         0x4df4     0x8  UARTCmd.o [2]
  .rodata            const         0x4dfc     0x8  UARTCmd.o [2]
  .rodata            const         0x4e04     0x8  UARTCmd.o [2]
  .rodata            const         0x4e0c     0x8  UARTCmd.o [2]
  .rodata            const         0x4e14     0x8  UARTCmd.o [2]
  .rodata            const         0x4e1c     0x8  UARTCmd.o [2]
  .rodata            const         0x4e24     0x8  UARTCmd.o [2]
  .rodata            const         0x4e2c     0x8  UARTCmd.o [2]
  .rodata            const         0x4e34     0x8  UARTCmd.o [2]
  .rodata            const         0x4e3c     0x8  UARTCmd.o [2]
  .rodata            const         0x4e44     0x8  UARTCmd.o [2]
  .rodata            const         0x4e4c     0x8  UARTCmd.o [2]
  .rodata            const         0x4e54     0x4  ad5940.o [1]
  .rodata            const         0x4e58     0x4  ad5940.o [1]
  .text              ro code       0x4e5c     0x4  startup_ADuCM3029.o [3]
  .text              ro code       0x4e60     0x4  startup_ADuCM3029.o [3]
  .text              ro code       0x4e64     0x4  startup_ADuCM3029.o [3]
  .text              ro code       0x4e68     0x4  startup_ADuCM3029.o [3]
  .text              ro code       0x4e6c     0x4  startup_ADuCM3029.o [3]
  .text              ro code       0x4e70     0x4  startup_ADuCM3029.o [3]
  .text              ro code       0x4e74     0x4  startup_ADuCM3029.o [3]
  .text              ro code       0x4e78     0x4  startup_ADuCM3029.o [3]
  .text              ro code       0x4e7c     0x4  startup_ADuCM3029.o [3]
  .text              ro code       0x4e80     0x4  startup_ADuCM3029.o [3]
  .text              ro code       0x4e84     0x4  startup_ADuCM3029.o [3]
  .text              ro code       0x4e88     0x4  startup_ADuCM3029.o [3]
  .text              ro code       0x4e8c     0x4  startup_ADuCM3029.o [3]
  .text              ro code       0x4e90     0x4  startup_ADuCM3029.o [3]
  .text              ro code       0x4e94     0x4  startup_ADuCM3029.o [3]
  .text              ro code       0x4e98     0x4  startup_ADuCM3029.o [3]
  .text              ro code       0x4e9c     0x4  startup_ADuCM3029.o [3]
  .text              ro code       0x4ea0     0x4  startup_ADuCM3029.o [3]
  .text              ro code       0x4ea4     0x4  startup_ADuCM3029.o [3]
  .text              ro code       0x4ea8     0x4  startup_ADuCM3029.o [3]
  .text              ro code       0x4eac     0x4  startup_ADuCM3029.o [3]
  .text              ro code       0x4eb0     0x4  startup_ADuCM3029.o [3]
  .text              ro code       0x4eb4     0x4  startup_ADuCM3029.o [3]
  .text              ro code       0x4eb8     0x4  startup_ADuCM3029.o [3]
  .text              ro code       0x4ebc     0x4  startup_ADuCM3029.o [3]
  .text              ro code       0x4ec0     0x4  startup_ADuCM3029.o [3]
  .text              ro code       0x4ec4     0x4  startup_ADuCM3029.o [3]
  .text              ro code       0x4ec8     0x4  startup_ADuCM3029.o [3]
  .text              ro code       0x4ecc     0x4  startup_ADuCM3029.o [3]
  .text              ro code       0x4ed0     0x4  startup_ADuCM3029.o [3]
  .text              ro code       0x4ed4     0x4  startup_ADuCM3029.o [3]
  .text              ro code       0x4ed8     0x4  startup_ADuCM3029.o [3]
  .text              ro code       0x4edc     0x4  startup_ADuCM3029.o [3]
  .text              ro code       0x4ee0     0x4  startup_ADuCM3029.o [3]
  .text              ro code       0x4ee4     0x4  startup_ADuCM3029.o [3]
  .text              ro code       0x4ee8     0x4  startup_ADuCM3029.o [3]
  .text              ro code       0x4eec     0x4  startup_ADuCM3029.o [3]
  .text              ro code       0x4ef0     0x4  startup_ADuCM3029.o [3]
  .text              ro code       0x4ef4     0x4  startup_ADuCM3029.o [3]
  .text              ro code       0x4ef8     0x4  startup_ADuCM3029.o [3]
  .text              ro code       0x4efc     0x4  startup_ADuCM3029.o [3]
  .text              ro code       0x4f00     0x4  startup_ADuCM3029.o [3]
  .text              ro code       0x4f04     0x4  startup_ADuCM3029.o [3]
  .text              ro code       0x4f08     0x4  startup_ADuCM3029.o [3]
  .text              ro code       0x4f0c     0x4  startup_ADuCM3029.o [3]
  .text              ro code       0x4f10     0x4  startup_ADuCM3029.o [3]
  .text              ro code       0x4f14     0x4  startup_ADuCM3029.o [3]
  .text              ro code       0x4f18     0x4  startup_ADuCM3029.o [3]
  .text              ro code       0x4f1c     0x4  startup_ADuCM3029.o [3]
  .text              ro code       0x4f20     0x4  startup_ADuCM3029.o [3]
  .text              ro code       0x4f24     0x4  startup_ADuCM3029.o [3]
  .text              ro code       0x4f28     0x4  startup_ADuCM3029.o [3]
  .text              ro code       0x4f2c     0x4  startup_ADuCM3029.o [3]
  .text              ro code       0x4f30     0x4  startup_ADuCM3029.o [3]
  .text              ro code       0x4f34     0x4  startup_ADuCM3029.o [3]
  .text              ro code       0x4f38     0x4  startup_ADuCM3029.o [3]
  .text              ro code       0x4f3c     0x4  startup_ADuCM3029.o [3]
  .text              ro code       0x4f40     0x4  startup_ADuCM3029.o [3]
  .text              ro code       0x4f44     0x4  startup_ADuCM3029.o [3]
  .text              ro code       0x4f48     0x4  startup_ADuCM3029.o [3]
  .text              ro code       0x4f4c     0x4  startup_ADuCM3029.o [3]
  .text              ro code       0x4f50     0x4  startup_ADuCM3029.o [3]
  .text              ro code       0x4f54     0x4  startup_ADuCM3029.o [3]
  .rodata            const         0x4f58     0x0  zero_init3.o [6]
  .rodata            const         0x4f58     0x0  lz77_init_single.o [6]
  Initializer bytes  const         0x4f58    0x67  <for P3-1>
                                 - 0x4fbf  0x47bf

"P3", part 1 of 2:                           0x78
  P3-1                        0x2000'0000    0x78  <Init block>
    .data            inited   0x2000'0000    0x78  UARTCmd.o [2]
                            - 0x2000'0078    0x78

"P3", part 2 of 2:                           0xdc
  .bss               zero     0x2000'0078    0x80  UARTCmd.o [2]
  .bss               zero     0x2000'00f8    0x1c  ad5940.o [1]
  .bss               zero     0x2000'0114     0x4  AD5940Main.o [2]
  .bss               zero     0x2000'0118     0x4  ADICUP3029Port.o [1]
  .bss               zero     0x2000'011c     0x4  UARTCmd.o [2]
  .bss               zero     0x2000'0120     0x4  UARTCmd.o [2]
  .bss               zero     0x2000'0124     0x4  UARTCmd.o [2]
  .bss               zero     0x2000'0128     0x4  UARTCmd.o [2]
  .bss               zero     0x2000'012c     0x4  UARTCmd.o [2]
  .bss               zero     0x2000'0130     0x4  UARTCmd.o [2]
  .bss               zero     0x2000'0134     0x4  UARTCmd.o [2]
  .bss               zero     0x2000'0138     0x4  UARTCmd.o [2]
  .bss               zero     0x2000'013c     0x4  UARTCmd.o [2]
  .bss               zero     0x2000'0140     0x4  UARTCmd.o [2]
  .bss               zero     0x2000'0144     0x4  UARTCmd.o [2]
  .bss               zero     0x2000'0148     0x4  UARTCmd.o [2]
  .bss               zero     0x2000'014c     0x4  xfail_s.o [4]
  .bss               zero     0x2000'0150     0x1  ad5940.o [1]
                            - 0x2000'0151    0xd9

"A6":                                       0x400
  CSTACK                      0x2000'1c00   0x400  <Block>
    CSTACK           uninit   0x2000'1c00   0x400  <Block tail>
                            - 0x2000'2000   0x400

Unused ranges:

         From           To      Size
         ----           --      ----
       0x4fbf     0x3'ffff  0x3'b041
  0x2000'0154  0x2000'1bff    0x1aac


*******************************************************************************
*** INIT TABLE
***

          Address      Size
          -------      ----
Zero (__iar_zero_init3)
    1 destination range, total size 0xd9:
          0x2000'0078  0xd9

Copy/lz77 (__iar_lz77_init_single3)
    1 source range, total size 0x67 (85% of destination):
               0x4f58  0x67
    1 destination range, total size 0x78:
          0x2000'0000  0x78



*******************************************************************************
*** MODULE SUMMARY
***

    Module               ro code  ro data  rw data
    ------               -------  -------  -------
command line/config:
    ----------------------------------------------
    Total:

C:\Users\papuz\OneDrive\Desktop\IMSI_Project\WorkSpace\DFT_Start_Stop\Debug\Obj\AD5940lib: [1]
    ADICUP3029Port.o         456                 4
    ad5940.o               3'940      128       29
    ----------------------------------------------
    Total:                 4'396      128       33

C:\Users\papuz\OneDrive\Desktop\IMSI_Project\WorkSpace\DFT_Start_Stop\Debug\Obj\Application: [2]
    AD5940Main.o             400                 4
    UARTCmd.o              1'252      903      296
    main.o                   620       40
    ----------------------------------------------
    Total:                 2'272      943      300

C:\Users\papuz\OneDrive\Desktop\IMSI_Project\WorkSpace\DFT_Start_Stop\Debug\Obj\CMSIS-Pack\Device Startup: [3]
    startup_ADuCM3029.o      604
    system_ADuCM3029.o       108       32
    ----------------------------------------------
    Total:                   712       32

dl7M_tln.a: [4]
    abort.o                    6
    exit.o                     4
    iar_Stolx.o              150
    iar_Stoulx.o             324       80
    low_level_init.o           4
    printf.o                  40
    xfail_s.o                 64                 4
    xprintffull_nomb.o     3'858
    xprout.o                  22
    ----------------------------------------------
    Total:                 4'472       80        4

m7M_tl.a: [5]
    DblAddSub.o              590
    DblCmpGe.o                52
    DblCmpLe.o                52
    DblDiv.o                 582
    DblMul.o                 426
    DblToFlt.o               104
    DblToS32.o                54
    DblToU32.o                34
    FltAddSub.o              354
    FltCmpEq.o                28
    FltCmpLe.o                40
    FltDiv.o                 280
    FltMul.o                 216
    FltToDbl.o                72
    FltToU32.o                24
    S32ToDbl.o                34
    S32ToFlt.o                36
    S64ToFlt.o                90
    U32ToDbl.o                28
    U32ToFlt.o                26
    atan2_32.o               188
    frexp.o                  112
    iar_Atan32.o             280
    ldexp.o                  314
    sqrt.o                   242
    ----------------------------------------------
    Total:                 4'258

rt7M_tl.a: [6]
    ABImemcpy.o              166
    ABImemset.o              102
    I64DivMod.o              560
    I64DivZer.o                2
    I64Shl.o                  34
    cexit.o                   10
    cmain.o                   30
    cstartup_M.o              28
    data_init.o               40
    lz77_init_single.o       120
    memchr.o                  88
    strchr.o                  22
    strcmp.o                  18
    strlen.o                  54
    zero_init3.o              56
    ----------------------------------------------
    Total:                 1'330

shb_l.a: [7]
    exit.o                    20
    ----------------------------------------------
    Total:                    20

    Gaps                      40        4
    Linker created                     32    1'028
--------------------------------------------------
    Grand Total:          17'500    1'219    1'365


*******************************************************************************
*** ENTRY LIST
***

Entry                       Address   Size  Type      Object
-----                       -------   ----  ----      ------
.iar.init_table$$Base        0x4bcc          --   Gb  - Linker created -
.iar.init_table$$Limit       0x4bec          --   Gb  - Linker created -
?main                        0x4c2d         Code  Gb  cmain.o [6]
AD5940PlatformCfg            0x46c9   0xe8  Code  Lc  AD5940Main.o [2]
AD5940_ADCBaseCfgS            0xd89   0x1c  Code  Gb  ad5940.o [1]
AD5940_ADCConvtCtrlS          0xdfb   0x28  Code  Gb  ad5940.o [1]
AD5940_ADCDigCompCfgS         0xe31   0x2e  Code  Gb  ad5940.o [1]
AD5940_ADCFilterCfgS          0xda5   0x56  Code  Gb  ad5940.o [1]
AD5940_AFECtrlS               0xb6d   0x58  Code  Gb  ad5940.o [1]
AD5940_AFEPwrBW               0xbc5   0x12  Code  Gb  ad5940.o [1]
AD5940_AGPIOCfg              0x150b   0x26  Code  Gb  ad5940.o [1]
AD5940_AGPIOFuncCfg          0x1531    0xc  Code  Gb  ad5940.o [1]
AD5940_AGPIOIen              0x1549    0xc  Code  Gb  ad5940.o [1]
AD5940_AGPIOOen              0x153d    0xc  Code  Gb  ad5940.o [1]
AD5940_AGPIOPen              0x1555    0xc  Code  Gb  ad5940.o [1]
AD5940_CLKCfg                0x12fb  0x112  Code  Gb  ad5940.o [1]
AD5940_CsClr                 0x1839    0xa  Code  Gb  ADICUP3029Port.o [1]
AD5940_CsSet                 0x1843    0xa  Code  Gb  ADICUP3029Port.o [1]
AD5940_DFTCfgS                0xe83   0x50  Code  Gb  ad5940.o [1]
AD5940_DSPCfgS                0xceb   0x2c  Code  Gb  ad5940.o [1]
AD5940_Delay10us             0x185d   0x46  Code  Gb  ADICUP3029Port.o [1]
AD5940_FIFOCfg                0xed3   0x58  Code  Gb  ad5940.o [1]
AD5940_HFOSC32MHzCtrl        0x140d   0x7e  Code  Gb  ad5940.o [1]
AD5940_HWReset               0x1575   0x1a  Code  Gb  ad5940.o [1]
AD5940_INTCCfg               0x148b   0x34  Code  Gb  ad5940.o [1]
AD5940_INTCClrFlag           0x14d9    0xe  Code  Gb  ad5940.o [1]
AD5940_INTCGetCfg            0x14bf   0x1a  Code  Gb  ad5940.o [1]
AD5940_INTCTestFlag          0x14e7   0x24  Code  Gb  ad5940.o [1]
AD5940_Initialize             0xae9   0x82  Code  Gb  ad5940.o [1]
AD5940_LFOSCMeasure          0x158f  0x1c8  Code  Gb  ad5940.o [1]
AD5940_LFOSCMeasure::SeqA
                             0x4e54    0x4  Data  Lc  ad5940.o [1]
AD5940_LFOSCMeasure::SeqB
                             0x4e58    0x4  Data  Lc  ad5940.o [1]
AD5940_LFOSCMeasure::SeqBB
                             0x4dec    0x8  Data  Lc  ad5940.o [1]
AD5940_MCUResourceInit       0x18a3   0x7e  Code  Gb  ADICUP3029Port.o [1]
AD5940_Main                  0x4851    0x8  Code  Gb  AD5940Main.o [2]
AD5940_ReadAfeResult          0xd17   0x72  Code  Gb  ad5940.o [1]
AD5940_ReadReg                0xacd   0x1c  Code  Gb  ad5940.o [1]
AD5940_ReadWrite16B           0x995   0x2c  Code  Lc  ad5940.o [1]
AD5940_ReadWrite32B           0x9c1   0x3e  Code  Lc  ad5940.o [1]
AD5940_ReadWrite8B            0x97d   0x18  Code  Lc  ad5940.o [1]
AD5940_ReadWriteNBytes       0x17e9   0x50  Code  Gb  ADICUP3029Port.o [1]
AD5940_RstClr                0x1855    0x8  Code  Gb  ADICUP3029Port.o [1]
AD5940_RstSet                0x184d    0x8  Code  Gb  ADICUP3029Port.o [1]
AD5940_SEQCfg                 0xf2b   0x74  Code  Gb  ad5940.o [1]
AD5940_SEQCmdWrite            0xfff   0x2c  Code  Gb  ad5940.o [1]
AD5940_SEQCtrlS               0xfd7   0x28  Code  Gb  ad5940.o [1]
AD5940_SEQGenGetRegDefault
                              0x85b   0x10  Code  Lc  ad5940.o [1]
AD5940_SEQGenInsert           0x801   0x28  Code  Gb  ad5940.o [1]
AD5940_SEQGenSearchReg        0x829   0x32  Code  Lc  ad5940.o [1]
AD5940_SEQGetCfg              0xf9f   0x38  Code  Gb  ad5940.o [1]
AD5940_SEQInfoCfg            0x102b   0x70  Code  Gb  ad5940.o [1]
AD5940_SEQReadReg             0x8b1   0x3c  Code  Lc  ad5940.o [1]
AD5940_SEQRegInfoInsert
                              0x86b   0x46  Code  Lc  ad5940.o [1]
AD5940_SEQTimeOutRd          0x109b    0xc  Code  Gb  ad5940.o [1]
AD5940_SEQWriteReg            0x8ed   0x7c  Code  Lc  ad5940.o [1]
AD5940_SPIReadReg             0xa49   0x54  Code  Lc  ad5940.o [1]
AD5940_SPIWriteReg            0x9ff   0x4a  Code  Lc  ad5940.o [1]
AD5940_SleepKeyCtrlS         0x1561    0xe  Code  Gb  ad5940.o [1]
AD5940_StatisticCfgS          0xe5f   0x24  Code  Gb  ad5940.o [1]
AD5940_StructInit             0x969    0xe  Code  Gb  ad5940.o [1]
AD5940_WGCfgS                 0xbd7   0xa8  Code  Gb  ad5940.o [1]
AD5940_WGFreqWordCal          0xc7f   0x6a  Code  Gb  ad5940.o [1]
AD5940_WUPTCfg               0x10a7  0x154  Code  Gb  ad5940.o [1]
AD5940_WUPTCtrl              0x11fb   0x2a  Code  Gb  ad5940.o [1]
AD5940_WUPTTime              0x1225   0xd6  Code  Gb  ad5940.o [1]
AD5940_WriteReg               0xab1   0x1c  Code  Gb  ad5940.o [1]
CHECKSUM$$Base                0x7fc          --   Gb  - Linker created -
CHECKSUM$$Limit               0x800          --   Gb  - Linker created -
CSTACK$$Base            0x2000'1c00          --   Gb  - Linker created -
CSTACK$$Limit           0x2000'2000          --   Gb  - Linker created -
Cli_CmdDump                  0x3a65   0x68  Code  Gb  UARTCmd.o [2]
Cli_CmdDump::ix         0x2000'013c    0x4  Data  Lc  UARTCmd.o [2]
Cli_CmdDumpAD5940            0x3b05   0x22  Code  Gb  UARTCmd.o [2]
Cli_CmdDumpAD5940::ix   0x2000'0144    0x4  Data  Lc  UARTCmd.o [2]
Cli_CmdPush                  0x3acd   0x30  Code  Gb  UARTCmd.o [2]
Cli_CmdPush::ix         0x2000'0140    0x4  Data  Lc  UARTCmd.o [2]
Cli_CmdPushAD5940            0x3b27   0x3c  Code  Gb  UARTCmd.o [2]
Cli_CmdPushAD5940::ix   0x2000'0148    0x4  Data  Lc  UARTCmd.o [2]
Cli_CmdReset                 0x3afd    0x8  Code  Gb  UARTCmd.o [2]
Cli_CmdVersion               0x3a33   0x16  Code  Gb  UARTCmd.o [2]
Cli_start                    0x3b63    0xa  Code  Gb  UARTCmd.o [2]
Cli_stop                     0x3b6d    0x8  Code  Gb  UARTCmd.o [2]
DFT_config                   0x47b1   0x88  Code  Gb  AD5940Main.o [2]
Ext_Int0_Handler             0x1921    0xe  Code  Gb  ADICUP3029Port.o [1]
Function_DFT                 0x3d1b   0xf6  Code  Gb  UARTCmd.o [2]
LFOSCFreq               0x2000'0114    0x4  Data  Gb  AD5940Main.o [2]
MCUPlatformInit              0x4497   0x3e  Code  Gb  main.o [2]
Mag                     0x2000'011c    0x4  Data  Lc  UARTCmd.o [2]
Ph                      0x2000'0120    0x4  Data  Lc  UARTCmd.o [2]
Region$$Table$$Base          0x4bcc          --   Gb  - Linker created -
Region$$Table$$Limit         0x4bec          --   Gb  - Linker created -
SPIReadReg                    0xa9d    0xa  Code  Gb  ad5940.o [1]
SPIWriteReg                   0xaa7    0xa  Code  Gb  ad5940.o [1]
SeqGenDB                0x2000'00f8   0x1c  Data  Gb  ad5940.o [1]
Str2Num                      0x3c1d   0x12  Code  Lc  UARTCmd.o [2]
SystemInit                   0x4941   0x2c  Code  Gb  system_ADuCM3029.o [3]
UARTCmd_MatchCommand         0x3bcb   0x52  Code  Gb  UARTCmd.o [2]
UARTCmd_Process              0x3c95   0x86  Code  Gb  UARTCmd.o [2]
UARTCmd_RemoveSpaces         0x3b75   0x56  Code  Gb  UARTCmd.o [2]
UARTCmd_TranslateParas       0x3c2f   0x5c  Code  Gb  UARTCmd.o [2]
UART_Int_Handler             0x4613   0x54  Code  Gb  main.o [2]
UrtCfg                       0x44d5  0x130  Code  Gb  main.o [2]
_LitobFullNoMb               0x2ba1  0x10c  Code  Lc  xprintffull_nomb.o [4]
_PrintfFullNoMb              0x1e89  0xce8  Code  Gb  xprintffull_nomb.o [4]
_Prout                       0x4d3d   0x16  Code  Gb  xprout.o [4]
_PutcharFullNoMb             0x2d05   0x20  Code  Lc  xprintffull_nomb.o [4]
_PutcharsFullNoMb            0x2d25   0x2e  Code  Lc  xprintffull_nomb.o [4]
__NVIC_EnableIRQ             0x17cd   0x1c  Code  Lc  ADICUP3029Port.o [1]
__NVIC_EnableIRQ             0x445d   0x1c  Code  Lc  main.o [2]
__NVIC_SystemReset           0x39c9   0x1e  Code  Lc  UARTCmd.o [2]
__Vectors                       0x0          --   Gb  startup_ADuCM3029.o [3]
__Vectors_End                 0x140         Data  Gb  startup_ADuCM3029.o [3]
__Vectors_Size {Abs}          0x140          --   Gb  startup_ADuCM3029.o [3]
__aeabi_cdcmple              0x2ef5         Code  Gb  DblCmpLe.o [5]
__aeabi_cdrcmple             0x2f29         Code  Gb  DblCmpGe.o [5]
__aeabi_cfcmpeq              0x1a3d         Code  Gb  FltCmpEq.o [5]
__aeabi_cfcmple              0x1e45         Code  Gb  FltCmpLe.o [5]
__aeabi_d2f                  0x40dd         Code  Gb  DblToFlt.o [5]
__aeabi_d2iz                 0x3099         Code  Gb  DblToS32.o [5]
__aeabi_d2uiz                0x358d         Code  Gb  DblToU32.o [5]
__aeabi_ddiv                 0x3345         Code  Gb  DblDiv.o [5]
__aeabi_dmul                 0x35cd         Code  Gb  DblMul.o [5]
__aeabi_dsub                 0x3261         Code  Gb  DblAddSub.o [5]
__aeabi_f2d                  0x3fa1         Code  Gb  FltToDbl.o [5]
__aeabi_f2uiz                0x1e2d         Code  Gb  FltToU32.o [5]
__aeabi_fadd                 0x1cc9         Code  Gb  FltAddSub.o [5]
__aeabi_fdiv                 0x1bb1         Code  Gb  FltDiv.o [5]
__aeabi_fmul                 0x1ad9         Code  Gb  FltMul.o [5]
__aeabi_i2d                  0x30d1         Code  Gb  S32ToDbl.o [5]
__aeabi_i2f                  0x3f7d         Code  Gb  S32ToFlt.o [5]
__aeabi_l2f                  0x1a7d         Code  Gb  S64ToFlt.o [5]
__aeabi_ldiv0                0x39b1         Code  Gb  I64DivZer.o [6]
__aeabi_llsl                 0x1a59         Code  Gb  I64Shl.o [6]
__aeabi_memcpy               0x1995         Code  Gb  ABImemcpy.o [6]
__aeabi_memcpy4              0x19b5         Code  Gb  ABImemcpy.o [6]
__aeabi_memcpy8              0x19b5         Code  Gb  ABImemcpy.o [6]
__aeabi_memset               0x1765         Code  Gb  ABImemset.o [6]
__aeabi_ui2d                 0x35b1         Code  Gb  U32ToDbl.o [5]
__aeabi_ui2f                 0x1e6d         Code  Gb  U32ToFlt.o [5]
__aeabi_uldivmod             0x3779         Code  Gb  I64DivMod.o [6]
__cmain                      0x4c2d         Code  Gb  cmain.o [6]
__exit                       0x39b5   0x14  Code  Gb  exit.o [7]
__iar_Atan32                 0x4345   0xda  Code  Gb  iar_Atan32.o [5]
__iar_Fail_s                 0x2db5   0x1c  Code  Gb  xfail_s.o [4]
__iar_Memchr                 0x2e2d         Code  Gb  memchr.o [6]
__iar_Memset                 0x1765         Code  Gb  ABImemset.o [6]
__iar_Memset_word            0x176d         Code  Gb  ABImemset.o [6]
__iar_Stolx                  0x3ee7   0x92  Code  Gb  iar_Stolx.o [4]
__iar_Stoulx                 0x4201  0x13e  Code  Gb  iar_Stoulx.o [4]
__iar_Strchr                 0x2d9d         Code  Gb  strchr.o [6]
__iar_atan2_32               0x4145   0xbc  Code  Gb  atan2_32.o [5]
__iar_data_init3             0x4b39   0x28  Code  Gb  data_init.o [6]
__iar_frexp                  0x2e91         Code  Gb  frexp.o [5]
__iar_frexp64                0x2e85         Code  Gb  frexp.o [5]
__iar_frexpl                 0x2e91         Code  Gb  frexp.o [5]
__iar_ldexp64                0x2f5d         Code  Gb  ldexp.o [5]
__iar_lz77_init_single3
                             0x4859   0x78  Code  Gb  lz77_init_single.o [6]
__iar_program_start          0x4d09         Code  Gb  cstartup_M.o [6]
__iar_scalbln64              0x2f5d         Code  Gb  ldexp.o [5]
__iar_scalbn64               0x2f5d         Code  Gb  ldexp.o [5]
__iar_sqrt64                 0x3fe9         Code  Gb  sqrt.o [5]
__iar_zero_init3             0x4a79   0x38  Code  Gb  zero_init3.o [6]
__low_level_init             0x4c4b    0x4  Code  Gb  low_level_init.o [4]
__vector_table                  0x0         Data  Gb  startup_ADuCM3029.o [3]
__vector_table_0x1c            0x1c         Data  Gb  startup_ADuCM3029.o [3]
_call_main                   0x4c39         Code  Gb  cmain.o [6]
_exit                        0x4c55         Code  Gb  cexit.o [6]
a                            0x443c   0x20  Data  Lc  iar_Atan32.o [5]
abort                        0x39a9    0x6  Code  Gb  abort.o [4]
adi_system_EnableRetention
                             0x496d   0x28  Code  Gb  system_ADuCM3029.o [3]
atan2f                       0x4145   0xbc  Code  Gb  atan2_32.o [5]
bIsS2silicon            0x2000'0150    0x1  Data  Lc  ad5940.o [1]
count                   0x2000'0124    0x4  Data  Lc  UARTCmd.o [2]
digits                       0x49d4   0x28  Data  Lc  iar_Stoulx.o [4]
exit                         0x4c4f    0x4  Code  Gb  exit.o [4]
frexp                        0x2e85         Code  Gb  frexp.o [5]
frexpl                       0x2e85         Code  Gb  frexp.o [5]
help                         0x39e7   0x4c  Code  Gb  UARTCmd.o [2]
ldexp                        0x2f5d         Code  Gb  ldexp.o [5]
ldexpl                       0x2f5d         Code  Gb  ldexp.o [5]
line_buffer             0x2000'0078   0x80  Data  Gb  UARTCmd.o [2]
line_buffer_index       0x2000'0128    0x4  Data  Gb  UARTCmd.o [2]
main                         0x4479   0x1e  Code  Gb  main.o [2]
memchr                       0x2e2d         Code  Gb  memchr.o [6]
ndigs                        0x49ac   0x28  Data  Lc  iar_Stoulx.o [4]
pObjFound               0x2000'0130    0x4  Data  Gb  UARTCmd.o [2]
parameter1              0x2000'0134    0x4  Data  Gb  UARTCmd.o [2]
parameter2              0x2000'0138    0x4  Data  Gb  UARTCmd.o [2]
printf                       0x3ead   0x28  Code  Gb  printf.o [4]
putchar                      0x4605    0xe  Code  Gb  main.o [2]
say_hello                    0x3a49   0x1c  Code  Gb  UARTCmd.o [2]
scalbln                      0x2f5d         Code  Gb  ldexp.o [5]
scalblnl                     0x2f5d         Code  Gb  ldexp.o [5]
scalbn                       0x2f5d         Code  Gb  ldexp.o [5]
scalbnl                      0x2f5d         Code  Gb  ldexp.o [5]
scale                        0x2cad   0x46  Code  Lc  xprintffull_nomb.o [4]
sec_hand                0x2000'014c    0x4  Data  Lc  xfail_s.o [4]
sqrt                         0x3fe9         Code  Gb  sqrt.o [5]
sqrtl                        0x3fe9         Code  Gb  sqrt.o [5]
strchr                       0x2d9d         Code  Gb  strchr.o [6]
strcmp                       0x3ed5         Code  Gb  strcmp.o [6]
strlen                       0x2df5         Code  Gb  strlen.o [6]
strtol                       0x3f79    0x4  Code  Gb  iar_Stolx.o [4]
token_count             0x2000'012c    0x4  Data  Gb  UARTCmd.o [2]
uart_cmd_table          0x2000'0000   0x78  Data  Gb  UARTCmd.o [2]
ucInterrupted           0x2000'0118    0x4  Data  Lc  ADICUP3029Port.o [1]


[1] = C:\Users\papuz\OneDrive\Desktop\IMSI_Project\WorkSpace\DFT_Start_Stop\Debug\Obj\AD5940lib
[2] = C:\Users\papuz\OneDrive\Desktop\IMSI_Project\WorkSpace\DFT_Start_Stop\Debug\Obj\Application
[3] = C:\Users\papuz\OneDrive\Desktop\IMSI_Project\WorkSpace\DFT_Start_Stop\Debug\Obj\CMSIS-Pack\Device Startup
[4] = dl7M_tln.a
[5] = m7M_tl.a
[6] = rt7M_tl.a
[7] = shb_l.a

  17'500 bytes of readonly  code memory
   1'219 bytes of readonly  data memory
   1'365 bytes of readwrite data memory

Errors: none
Warnings: none
