###############################################################################
#
# IAR ELF Linker V9.20.4.327/W64 for ARM                  11/Apr/2022  22:35:28
# Copyright 2007-2022 IAR Systems AB.
#
#    Output file  =
#        C:\Users\papuz\OneDrive\Desktop\IMSI_Project\WorkSpace\DFT_Start_Stop\Debug\Exe\DFT_Start_Stop.out
#    Map file     =
#        C:\Users\papuz\OneDrive\Desktop\IMSI_Project\WorkSpace\DFT_Start_Stop\Debug\List\DFT_Start_Stop.map
#    Command line =
#        -f
#        C:\Users\papuz\OneDrive\Desktop\IMSI_Project\WorkSpace\DFT_Start_Stop\Debug\Exe\DFT_Start_Stop.out.rsp
#        (C:\Users\papuz\OneDrive\Desktop\IMSI_Project\WorkSpace\DFT_Start_Stop\Debug\Obj\AD5940lib\ad5940.o
#        C:\Users\papuz\OneDrive\Desktop\IMSI_Project\WorkSpace\DFT_Start_Stop\Debug\Obj\Application\AD5940Main.o
#        C:\Users\papuz\OneDrive\Desktop\IMSI_Project\WorkSpace\DFT_Start_Stop\Debug\Obj\AD5940lib\ADICUP3029Port.o
#        C:\Users\papuz\OneDrive\Desktop\IMSI_Project\WorkSpace\DFT_Start_Stop\Debug\Obj\Application\main.o
#        "C:\Users\papuz\OneDrive\Desktop\IMSI_Project\WorkSpace\DFT_Start_Stop\Debug\Obj\CMSIS-Pack\Device
#        Startup\startup_ADuCM3029.o"
#        "C:\Users\papuz\OneDrive\Desktop\IMSI_Project\WorkSpace\DFT_Start_Stop\Debug\Obj\CMSIS-Pack\Device
#        Startup\system_ADuCM3029.o"
#        C:\Users\papuz\OneDrive\Desktop\IMSI_Project\WorkSpace\DFT_Start_Stop\Debug\Obj\Application\UARTCmd.o
#        --redirect _Printf=_PrintfFullNoMb --redirect _Scanf=_ScanfFullNoMb
#        --no_out_extension -o
#        C:\Users\papuz\OneDrive\Desktop\IMSI_Project\WorkSpace\DFT_Start_Stop\Debug\Exe\DFT_Start_Stop.out
#        --map
#        C:\Users\papuz\OneDrive\Desktop\IMSI_Project\WorkSpace\DFT_Start_Stop\Debug\List\DFT_Start_Stop.map
#        --config
#        C:/Users/papuz/IAR-CMSIS-Packs/AnalogDevices/ADuCM302x_DFP/3.2.0/\ARM\config\linker\AnalogDevices\ADuCM3029.icf
#        --entry __iar_program_start --vfe --text_out locale)
#
###############################################################################

*******************************************************************************
*** RUNTIME MODEL ATTRIBUTES
***

CppFlavor       = *
__CPP_Runtime   = 1
__SystemLibrary = DLib
__dlib_version  = 6


*******************************************************************************
*** HEAP SELECTION
***

The basic heap was selected because some modules are built with
size limitations (and not runtime checking), and --advanced_heap
was not specified.


*******************************************************************************
*** PLACEMENT SUMMARY
***

"A3":  place at address 0x180 { ro section .security_options };
define block CHECKSUM with size = 4, alignment = 4 { ro section .checksum };
"A4":  place at address 0x7fc { block CHECKSUM };
"A5":  place at start of [from 0x0 to 0x17f] { ro section .intvec };
"P2":  place in [from 0x800 to 0x3'ffff] { ro };
define block CSTACK with size = 1K, alignment = 8 { };
"A6":  place at end of [from 0x2000'0000 to 0x2000'1fff] { block CSTACK };
define block HEAP with size = 512, alignment = 8 { };
"P3":  place in [from 0x2000'0000 to 0x2000'1fff] { rw, block HEAP };
initialize by copy { rw };

No sections matched the following patterns:

  ro section .checksum                 in block CHECKSUM
  ro section CRC_ReadProtectedKeyHash  in "A1"
  ro section NumCRCPages               in "A2"
  ro section Page0_region              in "P1"
  ro section ReadProtectedKeyHash      in "A0"
  rw section bank1_retained_ram        in "P5"
  rw section never_retained_ram        in "P6"
  section ISRAM_REGION                 in "P4"


  Section            Kind         Address    Size  Object
  -------            ----         -------    ----  ------
"A5":                                       0x140
  .intvec            ro code          0x0   0x140  startup_ADuCM3029.o [3]
                                  - 0x140   0x140

"A3":                                        0x20
  .security_options  const          0x180    0x20  system_ADuCM3029.o [3]
                                  - 0x1a0    0x20

"A4":                                         0x4
  CHECKSUM                          0x7fc     0x4  <Block>
    CHECKSUM         uninit         0x7fc     0x4  <Block tail>
                                  - 0x800     0x4

"P2":                                      0x3c88
  .text              ro code        0x800   0xf12  xprintffull_nomb.o [4]
  .text              ro code       0x1712    0x2a  copy_init3.o [6]
  .text              ro code       0x173c    0x16  strchr.o [6]
  .text              ro code       0x1754    0x40  xfail_s.o [4]
  .text              ro code       0x1794    0x36  strlen.o [6]
  .text              ro code       0x17cc    0x58  memchr.o [6]
  .text              ro code       0x1824    0xa6  ABImemcpy.o [6]
  .text              ro code       0x18cc    0x70  frexp.o [5]
  .text              ro code       0x193c    0x34  DblCmpLe.o [5]
  .text              ro code       0x1970    0x34  DblCmpGe.o [5]
  .text              ro code       0x19a4   0x13a  ldexp.o [5]
  .text              ro code       0x1ae0    0x36  DblToS32.o [5]
  .text              ro code       0x1b18    0x22  S32ToDbl.o [5]
  .text              ro code       0x1b3c   0x24e  DblAddSub.o [5]
  .text              ro code       0x1d8c   0x246  DblDiv.o [5]
  .text              ro code       0x1fd4    0x22  DblToU32.o [5]
  .text              ro code       0x1ff8    0x1c  U32ToDbl.o [5]
  .text              ro code       0x2014   0x1aa  DblMul.o [5]
  .text              ro code       0x21c0   0x230  I64DivMod.o [6]
  .text              ro code       0x23f0     0x6  abort.o [4]
  .text              ro code       0x23f8     0x2  I64DivZer.o [6]
  .text              ro code       0x23fc     0xc  XXexit.o [6]
  .text              ro code       0x2408   0xa02  ad5940.o [1]
  .text              ro code       0x2e0c    0x66  ABImemset.o [6]
  .text              ro code       0x2e74   0x1c8  ADICUP3029Port.o [1]
  .text              ro code       0x303c    0x1c  FltCmpEq.o [5]
  .text              ro code       0x3058    0x22  I64Shl.o [6]
  .text              ro code       0x307c    0x5a  S64ToFlt.o [5]
  .text              ro code       0x30d8    0xd8  FltMul.o [5]
  .text              ro code       0x31b0   0x118  FltDiv.o [5]
  .text              ro code       0x32c8   0x162  FltAddSub.o [5]
  .text              ro code       0x342c    0x18  FltToU32.o [5]
  .text              ro code       0x3444   0x31c  UARTCmd.o [2]
  .text              ro code       0x3760   0x180  AD5940Main.o [2]
  .text              ro code       0x38e0    0x12  strcmp.o [6]
  .text              ro code       0x38f2    0x96  iar_Stolx.o [4]
  .text              ro code       0x3988    0x28  printf.o [4]
  .text              ro code       0x39b0    0x24  S32ToFlt.o [5]
  .text              ro code       0x39d4    0x48  FltToDbl.o [5]
  .text              ro code       0x3a1c    0xf2  sqrt.o [5]
  .text              ro code       0x3b10    0x68  DblToFlt.o [5]
  .text              ro code       0x3b78    0xbc  atan2_32.o [5]
  .text              ro code       0x3c34   0x144  iar_Stoulx.o [4]
  .text              ro code       0x3d78   0x118  iar_Atan32.o [5]
  .text              ro code       0x3e90   0x25c  main.o [2]
  .rodata            const         0x40ec    0x70  ad5940.o [1]
  .text              ro code       0x415c    0x6c  system_ADuCM3029.o [3]
  .rodata            const         0x41c8    0x50  iar_Stoulx.o [4]
  .text              ro code       0x4218    0x38  zero_init3.o [6]
  .text              ro code       0x4250    0x28  data_init.o [6]
  .iar.init_table    const         0x4278    0x24  - Linker created -
  .text              ro code       0x429c    0x20  startup_ADuCM3029.o [3]
  .text              ro code       0x42bc    0x1e  cmain.o [6]
  .text              ro code       0x42da     0x4  low_level_init.o [4]
  .text              ro code       0x42de     0x4  exit.o [4]
  .text              ro code       0x42e4     0xa  cexit.o [6]
  .text              ro code       0x42f0    0x1c  cstartup_M.o [6]
  Initializer bytes  const         0x430c    0x18  <for P3-1>
  .text              ro code       0x4324    0x16  xprout.o [4]
  .rodata            const         0x433c    0x14  UARTCmd.o [2]
  .rodata            const         0x4350    0x14  UARTCmd.o [2]
  .rodata            const         0x4364    0x10  UARTCmd.o [2]
  .rodata            const         0x4374     0x8  UARTCmd.o [2]
  .rodata            const         0x437c     0x8  UARTCmd.o [2]
  .rodata            const         0x4384     0x8  UARTCmd.o [2]
  .text              ro code       0x438c     0x4  startup_ADuCM3029.o [3]
  .text              ro code       0x4390     0x4  startup_ADuCM3029.o [3]
  .text              ro code       0x4394     0x4  startup_ADuCM3029.o [3]
  .text              ro code       0x4398     0x4  startup_ADuCM3029.o [3]
  .text              ro code       0x439c     0x4  startup_ADuCM3029.o [3]
  .text              ro code       0x43a0     0x4  startup_ADuCM3029.o [3]
  .text              ro code       0x43a4     0x4  startup_ADuCM3029.o [3]
  .text              ro code       0x43a8     0x4  startup_ADuCM3029.o [3]
  .text              ro code       0x43ac     0x4  startup_ADuCM3029.o [3]
  .text              ro code       0x43b0     0x4  startup_ADuCM3029.o [3]
  .text              ro code       0x43b4     0x4  startup_ADuCM3029.o [3]
  .text              ro code       0x43b8     0x4  startup_ADuCM3029.o [3]
  .text              ro code       0x43bc     0x4  startup_ADuCM3029.o [3]
  .text              ro code       0x43c0     0x4  startup_ADuCM3029.o [3]
  .text              ro code       0x43c4     0x4  startup_ADuCM3029.o [3]
  .text              ro code       0x43c8     0x4  startup_ADuCM3029.o [3]
  .text              ro code       0x43cc     0x4  startup_ADuCM3029.o [3]
  .text              ro code       0x43d0     0x4  startup_ADuCM3029.o [3]
  .text              ro code       0x43d4     0x4  startup_ADuCM3029.o [3]
  .text              ro code       0x43d8     0x4  startup_ADuCM3029.o [3]
  .text              ro code       0x43dc     0x4  startup_ADuCM3029.o [3]
  .text              ro code       0x43e0     0x4  startup_ADuCM3029.o [3]
  .text              ro code       0x43e4     0x4  startup_ADuCM3029.o [3]
  .text              ro code       0x43e8     0x4  startup_ADuCM3029.o [3]
  .text              ro code       0x43ec     0x4  startup_ADuCM3029.o [3]
  .text              ro code       0x43f0     0x4  startup_ADuCM3029.o [3]
  .text              ro code       0x43f4     0x4  startup_ADuCM3029.o [3]
  .text              ro code       0x43f8     0x4  startup_ADuCM3029.o [3]
  .text              ro code       0x43fc     0x4  startup_ADuCM3029.o [3]
  .text              ro code       0x4400     0x4  startup_ADuCM3029.o [3]
  .text              ro code       0x4404     0x4  startup_ADuCM3029.o [3]
  .text              ro code       0x4408     0x4  startup_ADuCM3029.o [3]
  .text              ro code       0x440c     0x4  startup_ADuCM3029.o [3]
  .text              ro code       0x4410     0x4  startup_ADuCM3029.o [3]
  .text              ro code       0x4414     0x4  startup_ADuCM3029.o [3]
  .text              ro code       0x4418     0x4  startup_ADuCM3029.o [3]
  .text              ro code       0x441c     0x4  startup_ADuCM3029.o [3]
  .text              ro code       0x4420     0x4  startup_ADuCM3029.o [3]
  .text              ro code       0x4424     0x4  startup_ADuCM3029.o [3]
  .text              ro code       0x4428     0x4  startup_ADuCM3029.o [3]
  .text              ro code       0x442c     0x4  startup_ADuCM3029.o [3]
  .text              ro code       0x4430     0x4  startup_ADuCM3029.o [3]
  .text              ro code       0x4434     0x4  startup_ADuCM3029.o [3]
  .text              ro code       0x4438     0x4  startup_ADuCM3029.o [3]
  .text              ro code       0x443c     0x4  startup_ADuCM3029.o [3]
  .text              ro code       0x4440     0x4  startup_ADuCM3029.o [3]
  .text              ro code       0x4444     0x4  startup_ADuCM3029.o [3]
  .text              ro code       0x4448     0x4  startup_ADuCM3029.o [3]
  .text              ro code       0x444c     0x4  startup_ADuCM3029.o [3]
  .text              ro code       0x4450     0x4  startup_ADuCM3029.o [3]
  .text              ro code       0x4454     0x4  startup_ADuCM3029.o [3]
  .text              ro code       0x4458     0x4  startup_ADuCM3029.o [3]
  .text              ro code       0x445c     0x4  startup_ADuCM3029.o [3]
  .text              ro code       0x4460     0x4  startup_ADuCM3029.o [3]
  .text              ro code       0x4464     0x4  startup_ADuCM3029.o [3]
  .text              ro code       0x4468     0x4  startup_ADuCM3029.o [3]
  .text              ro code       0x446c     0x4  startup_ADuCM3029.o [3]
  .text              ro code       0x4470     0x4  startup_ADuCM3029.o [3]
  .text              ro code       0x4474     0x4  startup_ADuCM3029.o [3]
  .text              ro code       0x4478     0x4  startup_ADuCM3029.o [3]
  .text              ro code       0x447c     0x4  startup_ADuCM3029.o [3]
  .text              ro code       0x4480     0x4  startup_ADuCM3029.o [3]
  .text              ro code       0x4484     0x4  startup_ADuCM3029.o [3]
  .rodata            const         0x4488     0x0  zero_init3.o [6]
  .rodata            const         0x4488     0x0  copy_init3.o [6]
                                 - 0x4488  0x3c88

"P3", part 1 of 2:                           0x18
  P3-1                        0x2000'0000    0x18  <Init block>
    .data            inited   0x2000'0000    0x18  UARTCmd.o [2]
                            - 0x2000'0018    0x18

"P3", part 2 of 2:                           0xcc
  .bss               zero     0x2000'0018    0x80  UARTCmd.o [2]
  .bss               zero     0x2000'0098    0x1c  ad5940.o [1]
  .bss               zero     0x2000'00b4     0x4  ADICUP3029Port.o [1]
  .bss               zero     0x2000'00b8     0x4  UARTCmd.o [2]
  .bss               zero     0x2000'00bc     0x4  UARTCmd.o [2]
  .bss               zero     0x2000'00c0     0x4  UARTCmd.o [2]
  .bss               zero     0x2000'00c4     0x4  UARTCmd.o [2]
  .bss               zero     0x2000'00c8     0x4  UARTCmd.o [2]
  .bss               zero     0x2000'00cc     0x4  UARTCmd.o [2]
  .bss               zero     0x2000'00d0     0x4  UARTCmd.o [2]
  .bss               zero     0x2000'00d4     0x4  UARTCmd.o [2]
  .bss               zero     0x2000'00d8     0x4  UARTCmd.o [2]
  .bss               zero     0x2000'00dc     0x4  xfail_s.o [4]
  .bss               zero     0x2000'00e0     0x1  ad5940.o [1]
                            - 0x2000'00e1    0xc9

"A6":                                       0x400
  CSTACK                      0x2000'1c00   0x400  <Block>
    CSTACK           uninit   0x2000'1c00   0x400  <Block tail>
                            - 0x2000'2000   0x400

Unused ranges:

         From           To      Size
         ----           --      ----
       0x4488     0x3'ffff  0x3'bb78
  0x2000'00e4  0x2000'1bff    0x1b1c


*******************************************************************************
*** INIT TABLE
***

          Address      Size
          -------      ----
Zero (__iar_zero_init3)
    1 destination range, total size 0xc9:
          0x2000'0018  0xc9

Copy (__iar_copy_init3)
    1 source range, total size 0x18:
               0x430c  0x18
    1 destination range, total size 0x18:
          0x2000'0000  0x18



*******************************************************************************
*** MODULE SUMMARY
***

    Module               ro code  ro data  rw data
    ------               -------  -------  -------
command line/config:
    ----------------------------------------------
    Total:

C:\Users\papuz\OneDrive\Desktop\IMSI_Project\WorkSpace\DFT_Start_Stop\Debug\Obj\AD5940lib: [1]
    ADICUP3029Port.o         456                 4
    ad5940.o               2'562      112       29
    ----------------------------------------------
    Total:                 3'018      112       33

C:\Users\papuz\OneDrive\Desktop\IMSI_Project\WorkSpace\DFT_Start_Stop\Debug\Obj\Application: [2]
    AD5940Main.o             384
    UARTCmd.o                796      104      188
    main.o                   604
    ----------------------------------------------
    Total:                 1'784      104      188

C:\Users\papuz\OneDrive\Desktop\IMSI_Project\WorkSpace\DFT_Start_Stop\Debug\Obj\CMSIS-Pack\Device Startup: [3]
    startup_ADuCM3029.o      604
    system_ADuCM3029.o       108       32
    ----------------------------------------------
    Total:                   712       32

dl7M_tln.a: [4]
    abort.o                    6
    exit.o                     4
    iar_Stolx.o              150
    iar_Stoulx.o             324       80
    low_level_init.o           4
    printf.o                  40
    xfail_s.o                 64                 4
    xprintffull_nomb.o     3'858
    xprout.o                  22
    ----------------------------------------------
    Total:                 4'472       80        4

m7M_tl.a: [5]
    DblAddSub.o              590
    DblCmpGe.o                52
    DblCmpLe.o                52
    DblDiv.o                 582
    DblMul.o                 426
    DblToFlt.o               104
    DblToS32.o                54
    DblToU32.o                34
    FltAddSub.o              354
    FltCmpEq.o                28
    FltDiv.o                 280
    FltMul.o                 216
    FltToDbl.o                72
    FltToU32.o                24
    S32ToDbl.o                34
    S32ToFlt.o                36
    S64ToFlt.o                90
    U32ToDbl.o                28
    atan2_32.o               188
    frexp.o                  112
    iar_Atan32.o             280
    ldexp.o                  314
    sqrt.o                   242
    ----------------------------------------------
    Total:                 4'192

rt7M_tl.a: [6]
    ABImemcpy.o              166
    ABImemset.o              102
    I64DivMod.o              560
    I64DivZer.o                2
    I64Shl.o                  34
    XXexit.o                  12
    cexit.o                   10
    cmain.o                   30
    copy_init3.o              42
    cstartup_M.o              28
    data_init.o               40
    memchr.o                  88
    strchr.o                  22
    strcmp.o                  18
    strlen.o                  54
    zero_init3.o              56
    ----------------------------------------------
    Total:                 1'264

    Gaps                      40        2
    Linker created                     36    1'028
--------------------------------------------------
    Grand Total:          15'482      366    1'253


*******************************************************************************
*** ENTRY LIST
***

Entry                       Address   Size  Type      Object
-----                       -------   ----  ----      ------
.iar.init_table$$Base        0x4278          --   Gb  - Linker created -
.iar.init_table$$Limit       0x429c          --   Gb  - Linker created -
?main                        0x42bd         Code  Gb  cmain.o [6]
AD5940PlatformCfg            0x3761   0xd0  Code  Lc  AD5940Main.o [2]
AD5940_ADCBaseCfgS           0x297d   0x1c  Code  Gb  ad5940.o [1]
AD5940_ADCConvtCtrlS         0x29ef   0x28  Code  Gb  ad5940.o [1]
AD5940_ADCDigCompCfgS        0x2a25   0x2e  Code  Gb  ad5940.o [1]
AD5940_ADCFilterCfgS         0x2999   0x56  Code  Gb  ad5940.o [1]
AD5940_AFECtrlS              0x2761   0x58  Code  Gb  ad5940.o [1]
AD5940_AFEPwrBW              0x27b9   0x12  Code  Gb  ad5940.o [1]
AD5940_AGPIOCfg              0x2d89   0x26  Code  Gb  ad5940.o [1]
AD5940_AGPIOFuncCfg          0x2daf    0xc  Code  Gb  ad5940.o [1]
AD5940_AGPIOIen              0x2dc7    0xc  Code  Gb  ad5940.o [1]
AD5940_AGPIOOen              0x2dbb    0xc  Code  Gb  ad5940.o [1]
AD5940_AGPIOPen              0x2dd3    0xc  Code  Gb  ad5940.o [1]
AD5940_CLKCfg                0x2b93  0x112  Code  Gb  ad5940.o [1]
AD5940_CsClr                 0x2ee1    0xa  Code  Gb  ADICUP3029Port.o [1]
AD5940_CsSet                 0x2eeb    0xa  Code  Gb  ADICUP3029Port.o [1]
AD5940_DFTCfgS               0x2a77   0x50  Code  Gb  ad5940.o [1]
AD5940_DSPCfgS               0x28df   0x2c  Code  Gb  ad5940.o [1]
AD5940_Delay10us             0x2f05   0x46  Code  Gb  ADICUP3029Port.o [1]
AD5940_FIFOCfg               0x2ac7   0x58  Code  Gb  ad5940.o [1]
AD5940_HFOSC32MHzCtrl        0x2ca5   0x7e  Code  Gb  ad5940.o [1]
AD5940_HWReset               0x2df1   0x1a  Code  Gb  ad5940.o [1]
AD5940_INTCCfg               0x2d23   0x34  Code  Gb  ad5940.o [1]
AD5940_INTCClrFlag           0x2d57    0xe  Code  Gb  ad5940.o [1]
AD5940_INTCTestFlag          0x2d65   0x24  Code  Gb  ad5940.o [1]
AD5940_Initialize            0x26dd   0x82  Code  Gb  ad5940.o [1]
AD5940_MCUResourceInit       0x2f4b   0x7e  Code  Gb  ADICUP3029Port.o [1]
AD5940_Main                  0x38b9   0x14  Code  Gb  AD5940Main.o [2]
AD5940_ReadAfeResult         0x290b   0x72  Code  Gb  ad5940.o [1]
AD5940_ReadReg               0x26c1   0x1c  Code  Gb  ad5940.o [1]
AD5940_ReadWrite16B          0x259d   0x2c  Code  Lc  ad5940.o [1]
AD5940_ReadWrite32B          0x25c9   0x3e  Code  Lc  ad5940.o [1]
AD5940_ReadWrite8B           0x2585   0x18  Code  Lc  ad5940.o [1]
AD5940_ReadWriteNBytes       0x2e91   0x50  Code  Gb  ADICUP3029Port.o [1]
AD5940_RstClr                0x2efd    0x8  Code  Gb  ADICUP3029Port.o [1]
AD5940_RstSet                0x2ef5    0x8  Code  Gb  ADICUP3029Port.o [1]
AD5940_SEQCfg                0x2b1f   0x74  Code  Gb  ad5940.o [1]
AD5940_SEQGenGetRegDefault
                             0x2463   0x10  Code  Lc  ad5940.o [1]
AD5940_SEQGenInsert          0x2409   0x28  Code  Gb  ad5940.o [1]
AD5940_SEQGenSearchReg       0x2431   0x32  Code  Lc  ad5940.o [1]
AD5940_SEQReadReg            0x24b9   0x3c  Code  Lc  ad5940.o [1]
AD5940_SEQRegInfoInsert
                             0x2473   0x46  Code  Lc  ad5940.o [1]
AD5940_SEQWriteReg           0x24f5   0x7c  Code  Lc  ad5940.o [1]
AD5940_SPIReadReg            0x2651   0x54  Code  Lc  ad5940.o [1]
AD5940_SPIWriteReg           0x2607   0x4a  Code  Lc  ad5940.o [1]
AD5940_SleepKeyCtrlS         0x2ddf    0xe  Code  Gb  ad5940.o [1]
AD5940_StatisticCfgS         0x2a53   0x24  Code  Gb  ad5940.o [1]
AD5940_StructInit            0x2571    0xe  Code  Gb  ad5940.o [1]
AD5940_WGCfgS                0x27cb   0xa8  Code  Gb  ad5940.o [1]
AD5940_WGFreqWordCal         0x2873   0x6a  Code  Gb  ad5940.o [1]
AD5940_WriteReg              0x26a5   0x1c  Code  Gb  ad5940.o [1]
CHECKSUM$$Base                0x7fc          --   Gb  - Linker created -
CHECKSUM$$Limit               0x800          --   Gb  - Linker created -
CSTACK$$Base            0x2000'1c00          --   Gb  - Linker created -
CSTACK$$Limit           0x2000'2000          --   Gb  - Linker created -
Cli_start                    0x345f   0x10  Code  Gb  UARTCmd.o [2]
Cli_stop                     0x346f    0xe  Code  Gb  UARTCmd.o [2]
DFT_config                   0x3831   0x88  Code  Gb  AD5940Main.o [2]
Ext_Int0_Handler             0x2fc9    0xe  Code  Gb  ADICUP3029Port.o [1]
Function_DFT                 0x3619   0xf6  Code  Gb  UARTCmd.o [2]
MCUPlatformInit              0x3ec3   0x3e  Code  Gb  main.o [2]
Mag                     0x2000'00b8    0x4  Data  Lc  UARTCmd.o [2]
Ph                      0x2000'00bc    0x4  Data  Lc  UARTCmd.o [2]
Region$$Table$$Base          0x4278          --   Gb  - Linker created -
Region$$Table$$Limit         0x429c          --   Gb  - Linker created -
SeqGenDB                0x2000'0098   0x1c  Data  Gb  ad5940.o [1]
Str2Num                      0x3525   0x12  Code  Lc  UARTCmd.o [2]
SystemInit                   0x415d   0x2c  Code  Gb  system_ADuCM3029.o [3]
UARTCmd_MatchCommand         0x34d3   0x52  Code  Gb  UARTCmd.o [2]
UARTCmd_Process              0x3593   0x86  Code  Gb  UARTCmd.o [2]
UARTCmd_RemoveSpaces         0x347d   0x56  Code  Gb  UARTCmd.o [2]
UARTCmd_TranslateParas       0x3537   0x5c  Code  Gb  UARTCmd.o [2]
UART_Int_Handler             0x403f   0x54  Code  Gb  main.o [2]
UrtCfg                       0x3f01  0x130  Code  Gb  main.o [2]
_LitobFullNoMb               0x1519  0x10c  Code  Lc  xprintffull_nomb.o [4]
_PrintfFullNoMb               0x801  0xce8  Code  Gb  xprintffull_nomb.o [4]
_Prout                       0x4325   0x16  Code  Gb  xprout.o [4]
_PutcharFullNoMb             0x167d   0x20  Code  Lc  xprintffull_nomb.o [4]
_PutcharsFullNoMb            0x169d   0x2e  Code  Lc  xprintffull_nomb.o [4]
__NVIC_EnableIRQ             0x2e75   0x1c  Code  Lc  ADICUP3029Port.o [1]
__NVIC_EnableIRQ             0x3e91   0x1c  Code  Lc  main.o [2]
__NVIC_SystemReset           0x3445   0x1a  Code  Lc  UARTCmd.o [2]
__Vectors                       0x0          --   Gb  startup_ADuCM3029.o [3]
__Vectors_End                 0x140         Data  Gb  startup_ADuCM3029.o [3]
__Vectors_Size {Abs}          0x140          --   Gb  startup_ADuCM3029.o [3]
__aeabi_cdcmple              0x193d         Code  Gb  DblCmpLe.o [5]
__aeabi_cdrcmple             0x1971         Code  Gb  DblCmpGe.o [5]
__aeabi_cfcmpeq              0x303d         Code  Gb  FltCmpEq.o [5]
__aeabi_d2f                  0x3b11         Code  Gb  DblToFlt.o [5]
__aeabi_d2iz                 0x1ae1         Code  Gb  DblToS32.o [5]
__aeabi_d2uiz                0x1fd5         Code  Gb  DblToU32.o [5]
__aeabi_ddiv                 0x1d8d         Code  Gb  DblDiv.o [5]
__aeabi_dmul                 0x2015         Code  Gb  DblMul.o [5]
__aeabi_dsub                 0x1ca9         Code  Gb  DblAddSub.o [5]
__aeabi_f2d                  0x39d5         Code  Gb  FltToDbl.o [5]
__aeabi_f2uiz                0x342d         Code  Gb  FltToU32.o [5]
__aeabi_fadd                 0x32c9         Code  Gb  FltAddSub.o [5]
__aeabi_fdiv                 0x31b1         Code  Gb  FltDiv.o [5]
__aeabi_fmul                 0x30d9         Code  Gb  FltMul.o [5]
__aeabi_i2d                  0x1b19         Code  Gb  S32ToDbl.o [5]
__aeabi_i2f                  0x39b1         Code  Gb  S32ToFlt.o [5]
__aeabi_l2f                  0x307d         Code  Gb  S64ToFlt.o [5]
__aeabi_ldiv0                0x23f9         Code  Gb  I64DivZer.o [6]
__aeabi_llsl                 0x3059         Code  Gb  I64Shl.o [6]
__aeabi_memcpy               0x1825         Code  Gb  ABImemcpy.o [6]
__aeabi_memcpy4              0x1845         Code  Gb  ABImemcpy.o [6]
__aeabi_memcpy8              0x1845         Code  Gb  ABImemcpy.o [6]
__aeabi_memset               0x2e0d         Code  Gb  ABImemset.o [6]
__aeabi_ui2d                 0x1ff9         Code  Gb  U32ToDbl.o [5]
__aeabi_uldivmod             0x21c1         Code  Gb  I64DivMod.o [6]
__cmain                      0x42bd         Code  Gb  cmain.o [6]
__exit                       0x23fd         Code  Gb  XXexit.o [6]
__iar_Atan32                 0x3d79   0xda  Code  Gb  iar_Atan32.o [5]
__iar_Fail_s                 0x1755   0x1c  Code  Gb  xfail_s.o [4]
__iar_Memchr                 0x17cd         Code  Gb  memchr.o [6]
__iar_Memset                 0x2e0d         Code  Gb  ABImemset.o [6]
__iar_Memset_word            0x2e15         Code  Gb  ABImemset.o [6]
__iar_Stolx                  0x38f3   0x92  Code  Gb  iar_Stolx.o [4]
__iar_Stoulx                 0x3c35  0x13e  Code  Gb  iar_Stoulx.o [4]
__iar_Strchr                 0x173d         Code  Gb  strchr.o [6]
__iar_atan2_32               0x3b79   0xbc  Code  Gb  atan2_32.o [5]
__iar_copy_init3             0x1713   0x2a  Code  Gb  copy_init3.o [6]
__iar_data_init3             0x4251   0x28  Code  Gb  data_init.o [6]
__iar_frexp                  0x18d9         Code  Gb  frexp.o [5]
__iar_frexp64                0x18cd         Code  Gb  frexp.o [5]
__iar_frexpl                 0x18d9         Code  Gb  frexp.o [5]
__iar_ldexp64                0x19a5         Code  Gb  ldexp.o [5]
__iar_program_start          0x42f1         Code  Gb  cstartup_M.o [6]
__iar_scalbln64              0x19a5         Code  Gb  ldexp.o [5]
__iar_scalbn64               0x19a5         Code  Gb  ldexp.o [5]
__iar_sqrt64                 0x3a1d         Code  Gb  sqrt.o [5]
__iar_zero_init3             0x4219   0x38  Code  Gb  zero_init3.o [6]
__low_level_init             0x42db    0x4  Code  Gb  low_level_init.o [4]
__vector_table                  0x0         Data  Gb  startup_ADuCM3029.o [3]
__vector_table_0x1c            0x1c         Data  Gb  startup_ADuCM3029.o [3]
_call_main                   0x42c9         Code  Gb  cmain.o [6]
_exit                        0x42e5         Code  Gb  cexit.o [6]
a                            0x3e70   0x20  Data  Lc  iar_Atan32.o [5]
abort                        0x23f1    0x6  Code  Gb  abort.o [4]
adi_system_EnableRetention
                             0x4189   0x28  Code  Gb  system_ADuCM3029.o [3]
atan2f                       0x3b79   0xbc  Code  Gb  atan2_32.o [5]
b                       0x2000'00c4    0x4  Data  Gb  UARTCmd.o [2]
bIsS2silicon            0x2000'00e0    0x1  Data  Lc  ad5940.o [1]
count                   0x2000'00c0    0x4  Data  Lc  UARTCmd.o [2]
digits                       0x41f0   0x28  Data  Lc  iar_Stoulx.o [4]
exit                         0x42df    0x4  Code  Gb  exit.o [4]
frexp                        0x18cd         Code  Gb  frexp.o [5]
frexpl                       0x18cd         Code  Gb  frexp.o [5]
ldexp                        0x19a5         Code  Gb  ldexp.o [5]
ldexpl                       0x19a5         Code  Gb  ldexp.o [5]
line_buffer             0x2000'0018   0x80  Data  Gb  UARTCmd.o [2]
line_buffer_index       0x2000'00c8    0x4  Data  Gb  UARTCmd.o [2]
main                         0x3ead   0x16  Code  Gb  main.o [2]
memchr                       0x17cd         Code  Gb  memchr.o [6]
ndigs                        0x41c8   0x28  Data  Lc  iar_Stoulx.o [4]
pObjFound               0x2000'00d0    0x4  Data  Gb  UARTCmd.o [2]
parameter1              0x2000'00d4    0x4  Data  Gb  UARTCmd.o [2]
parameter2              0x2000'00d8    0x4  Data  Gb  UARTCmd.o [2]
printf                       0x3989   0x28  Code  Gb  printf.o [4]
putchar                      0x4031    0xe  Code  Gb  main.o [2]
scalbln                      0x19a5         Code  Gb  ldexp.o [5]
scalblnl                     0x19a5         Code  Gb  ldexp.o [5]
scalbn                       0x19a5         Code  Gb  ldexp.o [5]
scalbnl                      0x19a5         Code  Gb  ldexp.o [5]
scale                        0x1625   0x46  Code  Lc  xprintffull_nomb.o [4]
sec_hand                0x2000'00dc    0x4  Data  Lc  xfail_s.o [4]
sqrt                         0x3a1d         Code  Gb  sqrt.o [5]
sqrtl                        0x3a1d         Code  Gb  sqrt.o [5]
strchr                       0x173d         Code  Gb  strchr.o [6]
strcmp                       0x38e1         Code  Gb  strcmp.o [6]
strlen                       0x1795         Code  Gb  strlen.o [6]
strtol                       0x3985    0x4  Code  Gb  iar_Stolx.o [4]
token_count             0x2000'00cc    0x4  Data  Gb  UARTCmd.o [2]
uart_cmd_table          0x2000'0000   0x18  Data  Gb  UARTCmd.o [2]
ucInterrupted           0x2000'00b4    0x4  Data  Lc  ADICUP3029Port.o [1]


[1] = C:\Users\papuz\OneDrive\Desktop\IMSI_Project\WorkSpace\DFT_Start_Stop\Debug\Obj\AD5940lib
[2] = C:\Users\papuz\OneDrive\Desktop\IMSI_Project\WorkSpace\DFT_Start_Stop\Debug\Obj\Application
[3] = C:\Users\papuz\OneDrive\Desktop\IMSI_Project\WorkSpace\DFT_Start_Stop\Debug\Obj\CMSIS-Pack\Device Startup
[4] = dl7M_tln.a
[5] = m7M_tl.a
[6] = rt7M_tl.a

  15'482 bytes of readonly  code memory
     366 bytes of readonly  data memory
   1'253 bytes of readwrite data memory

Errors: none
Warnings: none
