###############################################################################
#
# IAR ELF Linker V9.20.4.327/W64 for ARM                  04/Apr/2022  23:42:42
# Copyright 2007-2022 IAR Systems AB.
#
#    Output file  =
#        C:\Users\papuz\OneDrive\Desktop\IMSI_Project\WorkSpace\DFT_prova\Debug\Exe\DFT_prova.out
#    Map file     =
#        C:\Users\papuz\OneDrive\Desktop\IMSI_Project\WorkSpace\DFT_prova\Debug\List\DFT_prova.map
#    Command line =
#        -f
#        C:\Users\papuz\OneDrive\Desktop\IMSI_Project\WorkSpace\DFT_prova\Debug\Exe\DFT_prova.out.rsp
#        (C:\Users\papuz\OneDrive\Desktop\IMSI_Project\WorkSpace\DFT_prova\Debug\Obj\AD5940lib\ad5940.o
#        C:\Users\papuz\OneDrive\Desktop\IMSI_Project\WorkSpace\DFT_prova\Debug\Obj\Application\AD5940_DFTPolling.o
#        "C:\Users\papuz\OneDrive\Desktop\IMSI_Project\WorkSpace\DFT_prova\Debug\Obj\CMSIS-Pack\Device
#        Cycle Count\adi_cyclecount.o"
#        C:\Users\papuz\OneDrive\Desktop\IMSI_Project\WorkSpace\DFT_prova\Debug\Obj\AD5940lib\ADICUP3029Port.o
#        C:\Users\papuz\OneDrive\Desktop\IMSI_Project\WorkSpace\DFT_prova\Debug\Obj\Application\main.o
#        "C:\Users\papuz\OneDrive\Desktop\IMSI_Project\WorkSpace\DFT_prova\Debug\Obj\CMSIS-Pack\Device
#        Startup\startup_ADuCM3029.o"
#        "C:\Users\papuz\OneDrive\Desktop\IMSI_Project\WorkSpace\DFT_prova\Debug\Obj\CMSIS-Pack\Device
#        Startup\system_ADuCM3029.o" --redirect _Printf=_PrintfFullNoMb
#        --redirect _Scanf=_ScanfFullNoMb --no_out_extension -o
#        C:\Users\papuz\OneDrive\Desktop\IMSI_Project\WorkSpace\DFT_prova\Debug\Exe\DFT_prova.out
#        --map
#        C:\Users\papuz\OneDrive\Desktop\IMSI_Project\WorkSpace\DFT_prova\Debug\List\DFT_prova.map
#        --config
#        C:/Users/papuz/IAR-CMSIS-Packs/AnalogDevices/ADuCM302x_DFP/3.2.0/\ARM\config\linker\AnalogDevices\ADuCM3029.icf
#        --entry __iar_program_start --vfe --text_out locale)
#
###############################################################################

*******************************************************************************
*** RUNTIME MODEL ATTRIBUTES
***

CppFlavor       = *
__CPP_Runtime   = 1
__SystemLibrary = DLib
__dlib_version  = 6


*******************************************************************************
*** HEAP SELECTION
***

The basic heap was selected because some modules are built with
size limitations (and not runtime checking), and --advanced_heap
was not specified.


*******************************************************************************
*** PLACEMENT SUMMARY
***

"A3":  place at address 0x180 { ro section .security_options };
define block CHECKSUM with size = 4, alignment = 4 { ro section .checksum };
"A4":  place at address 0x7fc { block CHECKSUM };
"A5":  place at start of [from 0x0 to 0x17f] { ro section .intvec };
"P2":  place in [from 0x800 to 0x3'ffff] { ro };
define block CSTACK with size = 1K, alignment = 8 { };
"A6":  place at end of [from 0x2000'0000 to 0x2000'1fff] { block CSTACK };
define block HEAP with size = 512, alignment = 8 { };
"P3":  place in [from 0x2000'0000 to 0x2000'1fff] { rw, block HEAP };

No sections matched the following patterns:

  ro section .checksum                 in block CHECKSUM
  ro section CRC_ReadProtectedKeyHash  in "A1"
  ro section NumCRCPages               in "A2"
  ro section Page0_region              in "P1"
  ro section ReadProtectedKeyHash      in "A0"
  rw section bank1_retained_ram        in "P5"
  rw section never_retained_ram        in "P6"
  section ISRAM_REGION                 in "P4"


  Section            Kind         Address    Size  Object
  -------            ----         -------    ----  ------
"A5":                                       0x140
  .intvec            ro code          0x0   0x140  startup_ADuCM3029.o [4]
                                  - 0x140   0x140

"A3":                                        0x20
  .security_options  const          0x180    0x20  system_ADuCM3029.o [4]
                                  - 0x1a0    0x20

"A4":                                         0x4
  CHECKSUM                          0x7fc     0x4  <Block>
    CHECKSUM         uninit         0x7fc     0x4  <Block tail>
                                  - 0x800     0x4

"P2":                                      0x3140
  .text              ro code        0x800   0xf12  xprintffull_nomb.o [5]
  .text              ro code       0x1714    0x16  strchr.o [7]
  .text              ro code       0x172c    0x40  xfail_s.o [5]
  .text              ro code       0x176c    0x36  strlen.o [7]
  .text              ro code       0x17a4    0x58  memchr.o [7]
  .text              ro code       0x17fc    0xa6  ABImemcpy.o [7]
  .text              ro code       0x18a4    0x70  frexp.o [6]
  .text              ro code       0x1914    0x34  DblCmpLe.o [6]
  .text              ro code       0x1948    0x34  DblCmpGe.o [6]
  .text              ro code       0x197c   0x13a  ldexp.o [6]
  .text              ro code       0x1ab8    0x36  DblToS32.o [6]
  .text              ro code       0x1af0    0x22  S32ToDbl.o [6]
  .text              ro code       0x1b14   0x24e  DblAddSub.o [6]
  .text              ro code       0x1d64   0x246  DblDiv.o [6]
  .text              ro code       0x1fac    0x22  DblToU32.o [6]
  .text              ro code       0x1fd0    0x1c  U32ToDbl.o [6]
  .text              ro code       0x1fec   0x1aa  DblMul.o [6]
  .text              ro code       0x2198   0x230  I64DivMod.o [7]
  .text              ro code       0x23c8     0x6  abort.o [5]
  .text              ro code       0x23d0     0x2  I64DivZer.o [7]
  .text              ro code       0x23d4     0xc  XXexit.o [7]
  .text              ro code       0x23e0   0x742  ad5940.o [1]
  .text              ro code       0x2b24    0x66  ABImemset.o [7]
  .text              ro code       0x2b8c   0x1c8  ADICUP3029Port.o [1]
  .text              ro code       0x2d54    0x1c  FltCmpEq.o [6]
  .text              ro code       0x2d70    0x22  I64Shl.o [7]
  .text              ro code       0x2d94    0x5a  S64ToFlt.o [6]
  .text              ro code       0x2df0    0xd8  FltMul.o [6]
  .text              ro code       0x2ec8   0x118  FltDiv.o [6]
  .text              ro code       0x2fe0   0x162  FltAddSub.o [6]
  .text              ro code       0x3144    0x18  FltToU32.o [6]
  .text              ro code       0x315c   0x210  main.o [2]
  .text              ro code       0x336c    0x28  printf.o [5]
  .text              ro code       0x3394   0x13c  AD5940_DFTPolling.o [2]
  .text              ro code       0x34d0    0x24  S32ToFlt.o [6]
  .text              ro code       0x34f4    0x48  FltToDbl.o [6]
  .text              ro code       0x353c    0xf2  sqrt.o [6]
  .rodata            const         0x3630    0x70  ad5940.o [1]
  .text              ro code       0x36a0    0x6c  system_ADuCM3029.o [4]
  .text              ro code       0x370c    0x38  zero_init3.o [7]
  .text              ro code       0x3744    0x28  data_init.o [7]
  .iar.init_table    const         0x376c    0x10  - Linker created -
  .text              ro code       0x377c    0x20  startup_ADuCM3029.o [4]
  .text              ro code       0x379c    0x1e  cmain.o [7]
  .text              ro code       0x37ba     0x4  low_level_init.o [5]
  .text              ro code       0x37be     0x4  exit.o [5]
  .text              ro code       0x37c4     0xa  cexit.o [7]
  .rodata            const         0x37d0    0x1c  main.o [2]
  .text              ro code       0x37ec    0x1c  cstartup_M.o [7]
  .text              ro code       0x3808    0x16  xprout.o [5]
  .rodata            const         0x3820     0xc  AD5940_DFTPolling.o [2]
  .rodata            const         0x382c     0xc  main.o [2]
  .rodata            const         0x3838     0x8  AD5940_DFTPolling.o [2]
  .text              ro code       0x3840     0x4  startup_ADuCM3029.o [4]
  .text              ro code       0x3844     0x4  startup_ADuCM3029.o [4]
  .text              ro code       0x3848     0x4  startup_ADuCM3029.o [4]
  .text              ro code       0x384c     0x4  startup_ADuCM3029.o [4]
  .text              ro code       0x3850     0x4  startup_ADuCM3029.o [4]
  .text              ro code       0x3854     0x4  startup_ADuCM3029.o [4]
  .text              ro code       0x3858     0x4  startup_ADuCM3029.o [4]
  .text              ro code       0x385c     0x4  startup_ADuCM3029.o [4]
  .text              ro code       0x3860     0x4  startup_ADuCM3029.o [4]
  .text              ro code       0x3864     0x4  startup_ADuCM3029.o [4]
  .text              ro code       0x3868     0x4  startup_ADuCM3029.o [4]
  .text              ro code       0x386c     0x4  startup_ADuCM3029.o [4]
  .text              ro code       0x3870     0x4  startup_ADuCM3029.o [4]
  .text              ro code       0x3874     0x4  startup_ADuCM3029.o [4]
  .text              ro code       0x3878     0x4  startup_ADuCM3029.o [4]
  .text              ro code       0x387c     0x4  startup_ADuCM3029.o [4]
  .text              ro code       0x3880     0x4  startup_ADuCM3029.o [4]
  .text              ro code       0x3884     0x4  startup_ADuCM3029.o [4]
  .text              ro code       0x3888     0x4  startup_ADuCM3029.o [4]
  .text              ro code       0x388c     0x4  startup_ADuCM3029.o [4]
  .text              ro code       0x3890     0x4  startup_ADuCM3029.o [4]
  .text              ro code       0x3894     0x4  startup_ADuCM3029.o [4]
  .text              ro code       0x3898     0x4  startup_ADuCM3029.o [4]
  .text              ro code       0x389c     0x4  startup_ADuCM3029.o [4]
  .text              ro code       0x38a0     0x4  startup_ADuCM3029.o [4]
  .text              ro code       0x38a4     0x4  startup_ADuCM3029.o [4]
  .text              ro code       0x38a8     0x4  startup_ADuCM3029.o [4]
  .text              ro code       0x38ac     0x4  startup_ADuCM3029.o [4]
  .text              ro code       0x38b0     0x4  startup_ADuCM3029.o [4]
  .text              ro code       0x38b4     0x4  startup_ADuCM3029.o [4]
  .text              ro code       0x38b8     0x4  startup_ADuCM3029.o [4]
  .text              ro code       0x38bc     0x4  startup_ADuCM3029.o [4]
  .text              ro code       0x38c0     0x4  startup_ADuCM3029.o [4]
  .text              ro code       0x38c4     0x4  startup_ADuCM3029.o [4]
  .text              ro code       0x38c8     0x4  startup_ADuCM3029.o [4]
  .text              ro code       0x38cc     0x4  startup_ADuCM3029.o [4]
  .text              ro code       0x38d0     0x4  startup_ADuCM3029.o [4]
  .text              ro code       0x38d4     0x4  startup_ADuCM3029.o [4]
  .text              ro code       0x38d8     0x4  startup_ADuCM3029.o [4]
  .text              ro code       0x38dc     0x4  startup_ADuCM3029.o [4]
  .text              ro code       0x38e0     0x4  startup_ADuCM3029.o [4]
  .text              ro code       0x38e4     0x4  startup_ADuCM3029.o [4]
  .text              ro code       0x38e8     0x4  startup_ADuCM3029.o [4]
  .text              ro code       0x38ec     0x4  startup_ADuCM3029.o [4]
  .text              ro code       0x38f0     0x4  startup_ADuCM3029.o [4]
  .text              ro code       0x38f4     0x4  startup_ADuCM3029.o [4]
  .text              ro code       0x38f8     0x4  startup_ADuCM3029.o [4]
  .text              ro code       0x38fc     0x4  startup_ADuCM3029.o [4]
  .text              ro code       0x3900     0x4  startup_ADuCM3029.o [4]
  .text              ro code       0x3904     0x4  startup_ADuCM3029.o [4]
  .text              ro code       0x3908     0x4  startup_ADuCM3029.o [4]
  .text              ro code       0x390c     0x4  startup_ADuCM3029.o [4]
  .text              ro code       0x3910     0x4  startup_ADuCM3029.o [4]
  .text              ro code       0x3914     0x4  startup_ADuCM3029.o [4]
  .text              ro code       0x3918     0x4  startup_ADuCM3029.o [4]
  .text              ro code       0x391c     0x4  startup_ADuCM3029.o [4]
  .text              ro code       0x3920     0x4  startup_ADuCM3029.o [4]
  .text              ro code       0x3924     0x4  startup_ADuCM3029.o [4]
  .text              ro code       0x3928     0x4  startup_ADuCM3029.o [4]
  .text              ro code       0x392c     0x4  startup_ADuCM3029.o [4]
  .text              ro code       0x3930     0x4  startup_ADuCM3029.o [4]
  .text              ro code       0x3934     0x4  startup_ADuCM3029.o [4]
  .text              ro code       0x3938     0x4  startup_ADuCM3029.o [4]
  .text              ro code       0x393c     0x4  startup_ADuCM3029.o [4]
  .rodata            const         0x3940     0x0  zero_init3.o [7]
                                 - 0x3940  0x3140

"P3":                                        0x28
  .bss               zero     0x2000'0000    0x1c  ad5940.o [1]
  .bss               zero     0x2000'001c     0x4  ADICUP3029Port.o [1]
  .bss               zero     0x2000'0020     0x4  xfail_s.o [5]
  .bss               zero     0x2000'0024     0x1  ad5940.o [1]
                            - 0x2000'0025    0x25

"A6":                                       0x400
  CSTACK                      0x2000'1c00   0x400  <Block>
    CSTACK           uninit   0x2000'1c00   0x400  <Block tail>
                            - 0x2000'2000   0x400

Unused ranges:

         From           To      Size
         ----           --      ----
       0x3940     0x3'ffff  0x3'c6c0
  0x2000'0028  0x2000'1bff    0x1bd8


*******************************************************************************
*** INIT TABLE
***

          Address      Size
          -------      ----
Zero (__iar_zero_init3)
    1 destination range, total size 0x25:
          0x2000'0000  0x25



*******************************************************************************
*** MODULE SUMMARY
***

    Module               ro code  ro data  rw data
    ------               -------  -------  -------
command line/config:
    ----------------------------------------------
    Total:

C:\Users\papuz\OneDrive\Desktop\IMSI_Project\WorkSpace\DFT_prova\Debug\Obj\AD5940lib: [1]
    ADICUP3029Port.o         456                 4
    ad5940.o               1'858      112       29
    ----------------------------------------------
    Total:                 2'314      112       33

C:\Users\papuz\OneDrive\Desktop\IMSI_Project\WorkSpace\DFT_prova\Debug\Obj\Application: [2]
    AD5940_DFTPolling.o      316       20
    main.o                   528       40
    ----------------------------------------------
    Total:                   844       60

C:\Users\papuz\OneDrive\Desktop\IMSI_Project\WorkSpace\DFT_prova\Debug\Obj\CMSIS-Pack\Device Cycle Count: [3]
    ----------------------------------------------
    Total:

C:\Users\papuz\OneDrive\Desktop\IMSI_Project\WorkSpace\DFT_prova\Debug\Obj\CMSIS-Pack\Device Startup: [4]
    startup_ADuCM3029.o      608
    system_ADuCM3029.o       108       32
    ----------------------------------------------
    Total:                   716       32

dl7M_tln.a: [5]
    abort.o                    6
    exit.o                     4
    low_level_init.o           4
    printf.o                  40
    xfail_s.o                 64                 4
    xprintffull_nomb.o     3'858
    xprout.o                  22
    ----------------------------------------------
    Total:                 3'998                 4

m7M_tl.a: [6]
    DblAddSub.o              590
    DblCmpGe.o                52
    DblCmpLe.o                52
    DblDiv.o                 582
    DblMul.o                 426
    DblToS32.o                54
    DblToU32.o                34
    FltAddSub.o              354
    FltCmpEq.o                28
    FltDiv.o                 280
    FltMul.o                 216
    FltToDbl.o                72
    FltToU32.o                24
    S32ToDbl.o                34
    S32ToFlt.o                36
    S64ToFlt.o                90
    U32ToDbl.o                28
    frexp.o                  112
    ldexp.o                  314
    sqrt.o                   242
    ----------------------------------------------
    Total:                 3'620

rt7M_tl.a: [7]
    ABImemcpy.o              166
    ABImemset.o              102
    I64DivMod.o              560
    I64DivZer.o                2
    I64Shl.o                  34
    XXexit.o                  12
    cexit.o                   10
    cmain.o                   30
    cstartup_M.o              28
    data_init.o               40
    memchr.o                  88
    strchr.o                  22
    strlen.o                  54
    zero_init3.o              56
    ----------------------------------------------
    Total:                 1'204

    Gaps                      38        6
    Linker created                     16    1'028
--------------------------------------------------
    Grand Total:          12'734      226    1'065


*******************************************************************************
*** ENTRY LIST
***

Entry                       Address   Size  Type      Object
-----                       -------   ----  ----      ------
.iar.init_table$$Base        0x376c          --   Gb  - Linker created -
.iar.init_table$$Limit       0x377c          --   Gb  - Linker created -
?main                        0x379d         Code  Gb  cmain.o [7]
AD5940_ADCBaseCfgS           0x2955   0x1c  Code  Gb  ad5940.o [1]
AD5940_ADCConvtCtrlS         0x29c7   0x28  Code  Gb  ad5940.o [1]
AD5940_ADCDigCompCfgS        0x29fd   0x2e  Code  Gb  ad5940.o [1]
AD5940_ADCFilterCfgS         0x2971   0x56  Code  Gb  ad5940.o [1]
AD5940_AFECtrlS              0x2739   0x58  Code  Gb  ad5940.o [1]
AD5940_AFEPwrBW              0x2791   0x12  Code  Gb  ad5940.o [1]
AD5940_CsClr                 0x2bf9    0xa  Code  Gb  ADICUP3029Port.o [1]
AD5940_CsSet                 0x2c03    0xa  Code  Gb  ADICUP3029Port.o [1]
AD5940_DFTCfgS               0x2a4f   0x50  Code  Gb  ad5940.o [1]
AD5940_DSPCfgS               0x28b7   0x2c  Code  Gb  ad5940.o [1]
AD5940_Delay10us             0x2c1d   0x46  Code  Gb  ADICUP3029Port.o [1]
AD5940_HWReset               0x2b09   0x1a  Code  Gb  ad5940.o [1]
AD5940_INTCCfg               0x2a9f   0x34  Code  Gb  ad5940.o [1]
AD5940_INTCClrFlag           0x2ad3    0xe  Code  Gb  ad5940.o [1]
AD5940_INTCTestFlag          0x2ae1   0x24  Code  Gb  ad5940.o [1]
AD5940_Initialize            0x26b5   0x82  Code  Gb  ad5940.o [1]
AD5940_MCUResourceInit       0x2c63   0x7e  Code  Gb  ADICUP3029Port.o [1]
AD5940_Main                  0x3395  0x13c  Code  Gb  AD5940_DFTPolling.o [2]
AD5940_ReadAfeResult         0x28e3   0x72  Code  Gb  ad5940.o [1]
AD5940_ReadReg               0x2699   0x1c  Code  Gb  ad5940.o [1]
AD5940_ReadWrite16B          0x2575   0x2c  Code  Lc  ad5940.o [1]
AD5940_ReadWrite32B          0x25a1   0x3e  Code  Lc  ad5940.o [1]
AD5940_ReadWrite8B           0x255d   0x18  Code  Lc  ad5940.o [1]
AD5940_ReadWriteNBytes       0x2ba9   0x50  Code  Gb  ADICUP3029Port.o [1]
AD5940_RstClr                0x2c15    0x8  Code  Gb  ADICUP3029Port.o [1]
AD5940_RstSet                0x2c0d    0x8  Code  Gb  ADICUP3029Port.o [1]
AD5940_SEQGenGetRegDefault
                             0x243b   0x10  Code  Lc  ad5940.o [1]
AD5940_SEQGenInsert          0x23e1   0x28  Code  Gb  ad5940.o [1]
AD5940_SEQGenSearchReg       0x2409   0x32  Code  Lc  ad5940.o [1]
AD5940_SEQReadReg            0x2491   0x3c  Code  Lc  ad5940.o [1]
AD5940_SEQRegInfoInsert
                             0x244b   0x46  Code  Lc  ad5940.o [1]
AD5940_SEQWriteReg           0x24cd   0x7c  Code  Lc  ad5940.o [1]
AD5940_SPIReadReg            0x2629   0x54  Code  Lc  ad5940.o [1]
AD5940_SPIWriteReg           0x25df   0x4a  Code  Lc  ad5940.o [1]
AD5940_StatisticCfgS         0x2a2b   0x24  Code  Gb  ad5940.o [1]
AD5940_StructInit            0x2549    0xe  Code  Gb  ad5940.o [1]
AD5940_WGCfgS                0x27a3   0xa8  Code  Gb  ad5940.o [1]
AD5940_WGFreqWordCal         0x284b   0x6a  Code  Gb  ad5940.o [1]
AD5940_WriteReg              0x267d   0x1c  Code  Gb  ad5940.o [1]
CHECKSUM$$Base                0x7fc          --   Gb  - Linker created -
CHECKSUM$$Limit               0x800          --   Gb  - Linker created -
CSTACK$$Base            0x2000'1c00          --   Gb  - Linker created -
CSTACK$$Limit           0x2000'2000          --   Gb  - Linker created -
Ext_Int0_Handler             0x2ce1    0xe  Code  Gb  ADICUP3029Port.o [1]
MCUPlatformInit              0x3197   0x3e  Code  Gb  main.o [2]
Region$$Table$$Base          0x376c          --   Gb  - Linker created -
Region$$Table$$Limit         0x377c          --   Gb  - Linker created -
SeqGenDB                0x2000'0000   0x1c  Data  Gb  ad5940.o [1]
SystemInit                   0x36a1   0x2c  Code  Gb  system_ADuCM3029.o [4]
UrtCfg                       0x31d5  0x130  Code  Gb  main.o [2]
_LitobFullNoMb               0x1519  0x10c  Code  Lc  xprintffull_nomb.o [5]
_PrintfFullNoMb               0x801  0xce8  Code  Gb  xprintffull_nomb.o [5]
_Prout                       0x3809   0x16  Code  Gb  xprout.o [5]
_PutcharFullNoMb             0x167d   0x20  Code  Lc  xprintffull_nomb.o [5]
_PutcharsFullNoMb            0x169d   0x2e  Code  Lc  xprintffull_nomb.o [5]
__NVIC_EnableIRQ             0x2b8d   0x1c  Code  Lc  ADICUP3029Port.o [1]
__NVIC_EnableIRQ             0x315d   0x1c  Code  Lc  main.o [2]
__Vectors                       0x0          --   Gb  startup_ADuCM3029.o [4]
__Vectors_End                 0x140         Data  Gb  startup_ADuCM3029.o [4]
__Vectors_Size {Abs}          0x140          --   Gb  startup_ADuCM3029.o [4]
__aeabi_cdcmple              0x1915         Code  Gb  DblCmpLe.o [6]
__aeabi_cdrcmple             0x1949         Code  Gb  DblCmpGe.o [6]
__aeabi_cfcmpeq              0x2d55         Code  Gb  FltCmpEq.o [6]
__aeabi_d2iz                 0x1ab9         Code  Gb  DblToS32.o [6]
__aeabi_d2uiz                0x1fad         Code  Gb  DblToU32.o [6]
__aeabi_ddiv                 0x1d65         Code  Gb  DblDiv.o [6]
__aeabi_dmul                 0x1fed         Code  Gb  DblMul.o [6]
__aeabi_dsub                 0x1c81         Code  Gb  DblAddSub.o [6]
__aeabi_f2d                  0x34f5         Code  Gb  FltToDbl.o [6]
__aeabi_f2uiz                0x3145         Code  Gb  FltToU32.o [6]
__aeabi_fadd                 0x2fe1         Code  Gb  FltAddSub.o [6]
__aeabi_fdiv                 0x2ec9         Code  Gb  FltDiv.o [6]
__aeabi_fmul                 0x2df1         Code  Gb  FltMul.o [6]
__aeabi_i2d                  0x1af1         Code  Gb  S32ToDbl.o [6]
__aeabi_i2f                  0x34d1         Code  Gb  S32ToFlt.o [6]
__aeabi_l2f                  0x2d95         Code  Gb  S64ToFlt.o [6]
__aeabi_ldiv0                0x23d1         Code  Gb  I64DivZer.o [7]
__aeabi_llsl                 0x2d71         Code  Gb  I64Shl.o [7]
__aeabi_memcpy               0x17fd         Code  Gb  ABImemcpy.o [7]
__aeabi_memcpy4              0x181d         Code  Gb  ABImemcpy.o [7]
__aeabi_memcpy8              0x181d         Code  Gb  ABImemcpy.o [7]
__aeabi_memset               0x2b25         Code  Gb  ABImemset.o [7]
__aeabi_ui2d                 0x1fd1         Code  Gb  U32ToDbl.o [6]
__aeabi_uldivmod             0x2199         Code  Gb  I64DivMod.o [7]
__cmain                      0x379d         Code  Gb  cmain.o [7]
__exit                       0x23d5         Code  Gb  XXexit.o [7]
__iar_Fail_s                 0x172d   0x1c  Code  Gb  xfail_s.o [5]
__iar_Memchr                 0x17a5         Code  Gb  memchr.o [7]
__iar_Memset                 0x2b25         Code  Gb  ABImemset.o [7]
__iar_Memset_word            0x2b2d         Code  Gb  ABImemset.o [7]
__iar_Strchr                 0x1715         Code  Gb  strchr.o [7]
__iar_data_init3             0x3745   0x28  Code  Gb  data_init.o [7]
__iar_frexp                  0x18b1         Code  Gb  frexp.o [6]
__iar_frexp64                0x18a5         Code  Gb  frexp.o [6]
__iar_frexpl                 0x18b1         Code  Gb  frexp.o [6]
__iar_ldexp64                0x197d         Code  Gb  ldexp.o [6]
__iar_program_start          0x37ed         Code  Gb  cstartup_M.o [7]
__iar_scalbln64              0x197d         Code  Gb  ldexp.o [6]
__iar_scalbn64               0x197d         Code  Gb  ldexp.o [6]
__iar_sqrt64                 0x353d         Code  Gb  sqrt.o [6]
__iar_zero_init3             0x370d   0x38  Code  Gb  zero_init3.o [7]
__low_level_init             0x37bb    0x4  Code  Gb  low_level_init.o [5]
__vector_table                  0x0         Data  Gb  startup_ADuCM3029.o [4]
__vector_table_0x1c            0x1c         Data  Gb  startup_ADuCM3029.o [4]
_call_main                   0x37a9         Code  Gb  cmain.o [7]
_exit                        0x37c5         Code  Gb  cexit.o [7]
abort                        0x23c9    0x6  Code  Gb  abort.o [5]
adi_system_EnableRetention
                             0x36cd   0x28  Code  Gb  system_ADuCM3029.o [4]
bIsS2silicon            0x2000'0024    0x1  Data  Lc  ad5940.o [1]
exit                         0x37bf    0x4  Code  Gb  exit.o [5]
frexp                        0x18a5         Code  Gb  frexp.o [6]
frexpl                       0x18a5         Code  Gb  frexp.o [6]
ldexp                        0x197d         Code  Gb  ldexp.o [6]
ldexpl                       0x197d         Code  Gb  ldexp.o [6]
main                         0x3179   0x1e  Code  Gb  main.o [2]
memchr                       0x17a5         Code  Gb  memchr.o [7]
printf                       0x336d   0x28  Code  Gb  printf.o [5]
putchar                      0x3305    0xe  Code  Gb  main.o [2]
scalbln                      0x197d         Code  Gb  ldexp.o [6]
scalblnl                     0x197d         Code  Gb  ldexp.o [6]
scalbn                       0x197d         Code  Gb  ldexp.o [6]
scalbnl                      0x197d         Code  Gb  ldexp.o [6]
scale                        0x1625   0x46  Code  Lc  xprintffull_nomb.o [5]
sec_hand                0x2000'0020    0x4  Data  Lc  xfail_s.o [5]
sqrt                         0x353d         Code  Gb  sqrt.o [6]
sqrtl                        0x353d         Code  Gb  sqrt.o [6]
strchr                       0x1715         Code  Gb  strchr.o [7]
strlen                       0x176d         Code  Gb  strlen.o [7]
ucInterrupted           0x2000'001c    0x4  Data  Lc  ADICUP3029Port.o [1]


[1] = C:\Users\papuz\OneDrive\Desktop\IMSI_Project\WorkSpace\DFT_prova\Debug\Obj\AD5940lib
[2] = C:\Users\papuz\OneDrive\Desktop\IMSI_Project\WorkSpace\DFT_prova\Debug\Obj\Application
[3] = C:\Users\papuz\OneDrive\Desktop\IMSI_Project\WorkSpace\DFT_prova\Debug\Obj\CMSIS-Pack\Device Cycle Count
[4] = C:\Users\papuz\OneDrive\Desktop\IMSI_Project\WorkSpace\DFT_prova\Debug\Obj\CMSIS-Pack\Device Startup
[5] = dl7M_tln.a
[6] = m7M_tl.a
[7] = rt7M_tl.a

  12'734 bytes of readonly  code memory
     226 bytes of readonly  data memory
   1'065 bytes of readwrite data memory

Errors: none
Warnings: none
