###############################################################################
#
# IAR ELF Linker V9.20.4.327/W64 for ARM                  30/Mar/2022  14:56:58
# Copyright 2007-2022 IAR Systems AB.
#
#    Output file  =
#        C:\Users\giann\Desktop\Giovanni\01_Università\Magistrale\SecondoAnno\IMSI\IMSI_Project\Progect
#        Code\Demo-CLI\Debug\Exe\Demo-CLI.out
#    Map file     =
#        C:\Users\giann\Desktop\Giovanni\01_Università\Magistrale\SecondoAnno\IMSI\IMSI_Project\Progect
#        Code\Demo-CLI\Debug\List\Demo-CLI.map
#    Command line =
#        -f
#        "C:\Users\giann\Desktop\Giovanni\01_Università\Magistrale\SecondoAnno\IMSI\IMSI_Project\Progect
#        Code\Demo-CLI\Debug\Exe\Demo-CLI.out.rsp"
#        ("C:\Users\giann\Desktop\Giovanni\01_Università\Magistrale\SecondoAnno\IMSI\IMSI_Project\Progect
#        Code\Demo-CLI\Debug\Obj\AD5940Lib\ad5940.o"
#        "C:\Users\giann\Desktop\Giovanni\01_Università\Magistrale\SecondoAnno\IMSI\IMSI_Project\Progect
#        Code\Demo-CLI\Debug\Obj\CMSIS-Pack\Device Cycle
#        Count\adi_cyclecount.o"
#        "C:\Users\giann\Desktop\Giovanni\01_Università\Magistrale\SecondoAnno\IMSI\IMSI_Project\Progect
#        Code\Demo-CLI\Debug\Obj\CMSIS-Pack\Device.Drivers DMA\adi_dma.o"
#        "C:\Users\giann\Desktop\Giovanni\01_Università\Magistrale\SecondoAnno\IMSI\IMSI_Project\Progect
#        Code\Demo-CLI\Debug\Obj\ADI\adi_initialize.o"
#        "C:\Users\giann\Desktop\Giovanni\01_Università\Magistrale\SecondoAnno\IMSI\IMSI_Project\Progect
#        Code\Demo-CLI\Debug\Obj\CMSIS-Pack\Device.Drivers Power\adi_pwr.o"
#        "C:\Users\giann\Desktop\Giovanni\01_Università\Magistrale\SecondoAnno\IMSI\IMSI_Project\Progect
#        Code\Demo-CLI\Debug\Obj\CMSIS-Pack\Device.Drivers TMR\adi_tmr.o"
#        "C:\Users\giann\Desktop\Giovanni\01_Università\Magistrale\SecondoAnno\IMSI\IMSI_Project\Progect
#        Code\Demo-CLI\Debug\Obj\CMSIS-Pack\Device.Drivers UART\adi_uart.o"
#        "C:\Users\giann\Desktop\Giovanni\01_Università\Magistrale\SecondoAnno\IMSI\IMSI_Project\Progect
#        Code\Demo-CLI\Debug\Obj\CMSIS-Pack\Device.Drivers WDT\adi_wdt.o"
#        "C:\Users\giann\Desktop\Giovanni\01_Università\Magistrale\SecondoAnno\IMSI\IMSI_Project\Progect
#        Code\Demo-CLI\Debug\Obj\AD5940Lib\ADICUP3029Port.o"
#        "C:\Users\giann\Desktop\Giovanni\01_Università\Magistrale\SecondoAnno\IMSI\IMSI_Project\Progect
#        Code\Demo-CLI\Debug\Obj\application\ADuCM3029_demo_cli.o"
#        "C:\Users\giann\Desktop\Giovanni\01_Università\Magistrale\SecondoAnno\IMSI\IMSI_Project\Progect
#        Code\Demo-CLI\Debug\Obj\application\Cli.o"
#        "C:\Users\giann\Desktop\Giovanni\01_Università\Magistrale\SecondoAnno\IMSI\IMSI_Project\Progect
#        Code\Demo-CLI\Debug\Obj\CMSIS-Pack\Device Examples Support\common.o"
#        "C:\Users\giann\Desktop\Giovanni\01_Università\Magistrale\SecondoAnno\IMSI\IMSI_Project\Progect
#        Code\Demo-CLI\Debug\Obj\application\Communication.o"
#        "C:\Users\giann\Desktop\Giovanni\01_Università\Magistrale\SecondoAnno\IMSI\IMSI_Project\Progect
#        Code\Demo-CLI\Debug\Obj\ADI\pinmux_config.o"
#        "C:\Users\giann\Desktop\Giovanni\01_Università\Magistrale\SecondoAnno\IMSI\IMSI_Project\Progect
#        Code\Demo-CLI\Debug\Obj\CMSIS-Pack\Device Startup\startup_ADuCM3029.o"
#        "C:\Users\giann\Desktop\Giovanni\01_Università\Magistrale\SecondoAnno\IMSI\IMSI_Project\Progect
#        Code\Demo-CLI\Debug\Obj\CMSIS-Pack\Device Startup\system_ADuCM3029.o"
#        "C:\Users\giann\Desktop\Giovanni\01_Università\Magistrale\SecondoAnno\IMSI\IMSI_Project\Progect
#        Code\Demo-CLI\Debug\Obj\application\Timer.o" --no_out_extension -o
#        "C:\Users\giann\Desktop\Giovanni\01_Università\Magistrale\SecondoAnno\IMSI\IMSI_Project\Progect
#        Code\Demo-CLI\Debug\Exe\Demo-CLI.out" --map
#        "C:\Users\giann\Desktop\Giovanni\01_Università\Magistrale\SecondoAnno\IMSI\IMSI_Project\Progect
#        Code\Demo-CLI\Debug\List\Demo-CLI.map" --config
#        C:/Users/giann/IAR-CMSIS-Packs/AnalogDevices/ADuCM302x_DFP/3.2.0/\ARM\config\linker\AnalogDevices\ADuCM3029.icf
#        --semihosting --entry __iar_program_start --vfe --text_out locale)
#
###############################################################################

*******************************************************************************
*** RUNTIME MODEL ATTRIBUTES
***

CppFlavor       = *
__CPP_Runtime   = 1
__SystemLibrary = DLib
__dlib_version  = 6


*******************************************************************************
*** HEAP SELECTION
***

The basic heap was selected because some modules are built with
size limitations (and not runtime checking), and --advanced_heap
was not specified.


*******************************************************************************
*** PLACEMENT SUMMARY
***

"A3":  place at address 0x180 { ro section .security_options };
define block CHECKSUM with size = 4, alignment = 4 { ro section .checksum };
"A4":  place at address 0x7fc { block CHECKSUM };
"A5":  place at start of [from 0x0 to 0x17f] { ro section .intvec };
"P2":  place in [from 0x800 to 0x3'ffff] { ro };
define block CSTACK with size = 1K, alignment = 8 { };
"A6":  place at end of [from 0x2000'0000 to 0x2000'1fff] { block CSTACK };
define block HEAP with size = 512, alignment = 8 { };
"P3":  place in [from 0x2000'0000 to 0x2000'1fff] { rw, block HEAP };
initialize by copy { rw };

No sections matched the following patterns:

  ro section .checksum                 in block CHECKSUM
  ro section CRC_ReadProtectedKeyHash  in "A1"
  ro section NumCRCPages               in "A2"
  ro section Page0_region              in "P1"
  ro section ReadProtectedKeyHash      in "A0"
  rw section bank1_retained_ram        in "P5"
  rw section never_retained_ram        in "P6"
  section ISRAM_REGION                 in "P4"


  Section            Kind         Address    Size  Object
  -------            ----         -------    ----  ------
"A5":                                       0x140
  .intvec            ro code          0x0   0x140  startup_ADuCM3029.o [5]
                                  - 0x140   0x140

"A3":                                        0x20
  .security_options  const          0x180    0x20  system_ADuCM3029.o [5]
                                  - 0x1a0    0x20

"A4":                                         0x4
  CHECKSUM                          0x7fc     0x4  <Block>
    CHECKSUM         uninit         0x7fc     0x4  <Block tail>
                                  - 0x800     0x4

"P2":                                      0x39d0
  .text              ro code        0x800   0xf12  xprintffull_nomb.o [12]
  .text              ro code       0x1712    0x2a  copy_init3.o [14]
  .text              ro code       0x173c    0x16  strchr.o [14]
  .text              ro code       0x1752     0xa  xsprout.o [12]
  .text              ro code       0x175c    0x40  xfail_s.o [12]
  .text              ro code       0x179c    0x36  strlen.o [14]
  .rodata            const         0x17d2     0x1  Cli.o [11]
  .text              ro code       0x17d4    0x58  memchr.o [14]
  .text              ro code       0x182c    0xa6  ABImemcpy.o [14]
  .text              ro code       0x18d4    0x70  frexp.o [13]
  .text              ro code       0x1944    0x34  DblCmpLe.o [13]
  .text              ro code       0x1978    0x34  DblCmpGe.o [13]
  .text              ro code       0x19ac   0x13a  ldexp.o [13]
  .text              ro code       0x1ae8    0x36  DblToS32.o [13]
  .text              ro code       0x1b20    0x22  S32ToDbl.o [13]
  .text              ro code       0x1b44   0x24e  DblAddSub.o [13]
  .text              ro code       0x1d94   0x246  DblDiv.o [13]
  .text              ro code       0x1fdc    0x22  DblToU32.o [13]
  .text              ro code       0x2000    0x1c  U32ToDbl.o [13]
  .text              ro code       0x201c   0x1aa  DblMul.o [13]
  .text              ro code       0x21c8   0x230  I64DivMod.o [14]
  .text              ro code       0x23f8     0x6  abort.o [12]
  .text              ro code       0x2400     0x2  I64DivZer.o [14]
  .text              ro code       0x2404    0x14  exit.o [15]
  .text              ro code       0x2418    0x2c  iarttio.o [15]
  .text              ro code       0x2444     0x8  XShttio.o [12]
  .text              ro code       0x244c   0x9a4  adi_uart.o [9]
  .text              ro code       0x2df0    0x66  ABImemset.o [14]
  .text              ro code       0x2e58   0x168  adi_dma.o [6]
  .text              ro code       0x2fc0   0x35c  adi_pwr.o [7]
  .text              ro code       0x331c    0xf8  system_ADuCM3029.o [5]
  .text              ro code       0x3414   0x3e8  Cli.o [11]
  .text              ro code       0x37fc   0x16c  Communication.o [11]
  .text              ro code       0x3968    0x96  iar_Stolx.o [12]
  .text              ro code       0x39fe    0x28  strncmp.o [12]
  .text              ro code       0x3a28    0x34  vsprintf.o [12]
  .text              ro code       0x3a5c   0x144  iar_Stoulx.o [12]
  .text              ro code       0x3ba0    0x9c  Timer.o [11]
  .text              ro code       0x3c3c    0x8e  adi_tmr.o [8]
  .rodata            const         0x3ccc    0x50  iar_Stoulx.o [12]
  Initializer bytes  const         0x3d1c    0x50  <for P3-1>
  .rodata            const         0x3d6c    0x38  Cli.o [11]
  .rodata            const         0x3da4    0x38  Cli.o [11]
  .text              ro code       0x3ddc    0x38  zero_init3.o [14]
  .rodata            const         0x3e14    0x30  Cli.o [11]
  .rodata            const         0x3e44    0x30  Cli.o [11]
  .rodata            const         0x3e74    0x30  Cli.o [11]
  .rodata            const         0x3ea4    0x2c  Cli.o [11]
  .text              ro code       0x3ed0    0x2c  pinmux_config.o [2]
  .rodata            const         0x3efc    0x28  Cli.o [11]
  .text              ro code       0x3f24    0x28  data_init.o [14]
  .iar.init_table    const         0x3f4c    0x24  - Linker created -
  .text              ro code       0x3f70    0x20  ADuCM3029_demo_cli.o [11]
  .text              ro code       0x3f90     0xe  adi_initialize.o [2]
  .text              ro code       0x3fa0    0x20  startup_ADuCM3029.o [5]
  .text              ro code       0x3fc0    0x1e  cmain.o [14]
  .text              ro code       0x3fde     0x4  low_level_init.o [12]
  .text              ro code       0x3fe2     0x4  exit.o [12]
  .text              ro code       0x3fe8     0xa  cexit.o [14]
  .text              ro code       0x3ff4    0x1c  cstartup_M.o [14]
  .rodata            const         0x4010    0x18  Cli.o [11]
  .rodata            const         0x4028    0x18  Cli.o [11]
  .text              ro code       0x4040    0x18  ADICUP3029Port.o [1]
  .rodata            const         0x4058    0x14  Cli.o [11]
  .rodata            const         0x406c    0x14  Communication.o [11]
  .rodata            const         0x4080    0x14  Communication.o [11]
  .rodata            const         0x4094    0x10  adi_uart.o [9]
  .rodata            const         0x40a4     0xc  Communication.o [11]
  .rodata            const         0x40b0     0xc  Communication.o [11]
  .rodata            const         0x40bc     0x8  Cli.o [11]
  .rodata            const         0x40c4     0x8  Cli.o [11]
  .rodata            const         0x40cc     0x8  Cli.o [11]
  .rodata            const         0x40d4     0x8  Cli.o [11]
  .rodata            const         0x40dc     0x8  Cli.o [11]
  .rodata            const         0x40e4     0x8  Cli.o [11]
  .rodata            const         0x40ec     0x8  Cli.o [11]
  .rodata            const         0x40f4     0x4  adi_dma.o [6]
  .rodata            const         0x40f8     0x4  adi_dma.o [6]
  .rodata            const         0x40fc     0x4  adi_uart.o [9]
  .text              ro code       0x4100     0x4  startup_ADuCM3029.o [5]
  .text              ro code       0x4104     0x4  startup_ADuCM3029.o [5]
  .text              ro code       0x4108     0x4  startup_ADuCM3029.o [5]
  .text              ro code       0x410c     0x4  startup_ADuCM3029.o [5]
  .text              ro code       0x4110     0x4  startup_ADuCM3029.o [5]
  .text              ro code       0x4114     0x4  startup_ADuCM3029.o [5]
  .text              ro code       0x4118     0x4  startup_ADuCM3029.o [5]
  .text              ro code       0x411c     0x4  startup_ADuCM3029.o [5]
  .text              ro code       0x4120     0x4  startup_ADuCM3029.o [5]
  .text              ro code       0x4124     0x4  startup_ADuCM3029.o [5]
  .text              ro code       0x4128     0x4  startup_ADuCM3029.o [5]
  .text              ro code       0x412c     0x4  startup_ADuCM3029.o [5]
  .text              ro code       0x4130     0x4  startup_ADuCM3029.o [5]
  .text              ro code       0x4134     0x4  startup_ADuCM3029.o [5]
  .text              ro code       0x4138     0x4  startup_ADuCM3029.o [5]
  .text              ro code       0x413c     0x4  startup_ADuCM3029.o [5]
  .text              ro code       0x4140     0x4  startup_ADuCM3029.o [5]
  .text              ro code       0x4144     0x4  startup_ADuCM3029.o [5]
  .text              ro code       0x4148     0x4  startup_ADuCM3029.o [5]
  .text              ro code       0x414c     0x4  startup_ADuCM3029.o [5]
  .text              ro code       0x4150     0x4  startup_ADuCM3029.o [5]
  .text              ro code       0x4154     0x4  startup_ADuCM3029.o [5]
  .text              ro code       0x4158     0x4  startup_ADuCM3029.o [5]
  .text              ro code       0x415c     0x4  startup_ADuCM3029.o [5]
  .text              ro code       0x4160     0x4  startup_ADuCM3029.o [5]
  .text              ro code       0x4164     0x4  startup_ADuCM3029.o [5]
  .text              ro code       0x4168     0x4  startup_ADuCM3029.o [5]
  .text              ro code       0x416c     0x4  startup_ADuCM3029.o [5]
  .text              ro code       0x4170     0x4  startup_ADuCM3029.o [5]
  .text              ro code       0x4174     0x4  startup_ADuCM3029.o [5]
  .text              ro code       0x4178     0x4  startup_ADuCM3029.o [5]
  .text              ro code       0x417c     0x4  startup_ADuCM3029.o [5]
  .text              ro code       0x4180     0x4  startup_ADuCM3029.o [5]
  .text              ro code       0x4184     0x4  startup_ADuCM3029.o [5]
  .text              ro code       0x4188     0x4  startup_ADuCM3029.o [5]
  .text              ro code       0x418c     0x4  startup_ADuCM3029.o [5]
  .text              ro code       0x4190     0x4  startup_ADuCM3029.o [5]
  .text              ro code       0x4194     0x4  startup_ADuCM3029.o [5]
  .text              ro code       0x4198     0x4  startup_ADuCM3029.o [5]
  .text              ro code       0x419c     0x4  startup_ADuCM3029.o [5]
  .text              ro code       0x41a0     0x4  startup_ADuCM3029.o [5]
  .text              ro code       0x41a4     0x4  startup_ADuCM3029.o [5]
  .text              ro code       0x41a8     0x4  startup_ADuCM3029.o [5]
  .text              ro code       0x41ac     0x4  startup_ADuCM3029.o [5]
  .text              ro code       0x41b0     0x4  startup_ADuCM3029.o [5]
  .text              ro code       0x41b4     0x4  startup_ADuCM3029.o [5]
  .text              ro code       0x41b8     0x4  startup_ADuCM3029.o [5]
  .text              ro code       0x41bc     0x4  startup_ADuCM3029.o [5]
  .text              ro code       0x41c0     0x4  startup_ADuCM3029.o [5]
  .text              ro code       0x41c4     0x4  startup_ADuCM3029.o [5]
  .text              ro code       0x41c8     0x4  startup_ADuCM3029.o [5]
  .text              ro code       0x41cc     0x4  startup_ADuCM3029.o [5]
  .rodata            const         0x41d0     0x0  zero_init3.o [14]
  .rodata            const         0x41d0     0x0  copy_init3.o [14]
                                 - 0x41d0  0x39d0

"P3", part 1 of 2:                           0x50
  P3-1                        0x2000'0000    0x50  <Init block>
    .data            inited   0x2000'0000     0xc  adi_tmr.o [8]
    .data            inited   0x2000'000c    0x10  adi_uart.o [9]
    .data            inited   0x2000'001c    0x14  Cli.o [11]
    .data            inited   0x2000'0030    0x14  Cli.o [11]
    .data            inited   0x2000'0044     0x4  Cli.o [11]
    .data            inited   0x2000'0048     0x8  XShttio.o [12]
                            - 0x2000'0050    0x50

"P3", part 2 of 2:                          0xea4
  .bss               zero     0x2000'0400   0x400  adi_dma.o [6]
  .bss               zero     0x2000'0800   0x400  Communication.o [11]
  .bss               zero     0x2000'0c00   0x100  Communication.o [11]
  .bss               zero     0x2000'0d00    0xe0  adi_dma.o [6]
  .bss               zero     0x2000'0de0    0xb0  Communication.o [11]
  .bss               zero     0x2000'0e90     0xc  adi_tmr.o [8]
  .bss               zero     0x2000'0e9c     0xc  adi_tmr.o [8]
  .bss               zero     0x2000'0ea8     0x4  adi_pwr.o [7]
  .bss               zero     0x2000'0eac     0x4  adi_pwr.o [7]
  .bss               zero     0x2000'0eb0     0x4  adi_pwr.o [7]
  .bss               zero     0x2000'0eb4     0x4  ADICUP3029Port.o [1]
  .bss               zero     0x2000'0eb8     0x4  Cli.o [11]
  .bss               zero     0x2000'0ebc     0x4  Cli.o [11]
  .bss               zero     0x2000'0ec0     0x4  Cli.o [11]
  .bss               zero     0x2000'0ec4     0x4  Communication.o [11]
  .bss               zero     0x2000'0ec8     0x4  Communication.o [11]
  .bss               zero     0x2000'0ecc     0x4  Communication.o [11]
  .bss               zero     0x2000'0ed0     0x4  Communication.o [11]
  .bss               zero     0x2000'0ed4     0x4  Communication.o [11]
  .bss               zero     0x2000'0ed8     0x4  Communication.o [11]
  .bss               zero     0x2000'0edc     0x4  Communication.o [11]
  .bss               zero     0x2000'0ee0     0x4  system_ADuCM3029.o [5]
  .bss               zero     0x2000'0ee4     0x4  system_ADuCM3029.o [5]
  .bss               zero     0x2000'0ee8     0x4  system_ADuCM3029.o [5]
  .bss               zero     0x2000'0eec     0x4  Timer.o [11]
  .bss               zero     0x2000'0ef0     0x4  xfail_s.o [12]
                            - 0x2000'0ef4   0xea4

"A6":                                       0x400
  CSTACK                      0x2000'1c00   0x400  <Block>
    CSTACK           uninit   0x2000'1c00   0x400  <Block tail>
                            - 0x2000'2000   0x400

Unused ranges:

         From           To      Size
         ----           --      ----
       0x41d0     0x3'ffff  0x3'be30
  0x2000'0ef4  0x2000'1bff     0xd0c


*******************************************************************************
*** INIT TABLE
***

          Address      Size
          -------      ----
Zero (__iar_zero_init3)
    1 destination range, total size 0xaf4:
          0x2000'0400  0xaf4

Copy (__iar_copy_init3)
    1 source range, total size 0x50:
               0x3d1c   0x50
    1 destination range, total size 0x50:
          0x2000'0000   0x50



*******************************************************************************
*** MODULE SUMMARY
***

    Module                ro code  ro data  rw data
    ------                -------  -------  -------
command line/config:
    -----------------------------------------------
    Total:

C:\Users\giann\Desktop\Giovanni\01_Università\Magistrale\SecondoAnno\IMSI\IMSI_Project\Progect Code\Demo-CLI\Debug\Obj\AD5940Lib: [1]
    ADICUP3029Port.o           24                 4
    -----------------------------------------------
    Total:                     24                 4

C:\Users\giann\Desktop\Giovanni\01_Università\Magistrale\SecondoAnno\IMSI\IMSI_Project\Progect Code\Demo-CLI\Debug\Obj\ADI: [2]
    adi_initialize.o           14
    pinmux_config.o            44
    -----------------------------------------------
    Total:                     58

C:\Users\giann\Desktop\Giovanni\01_Università\Magistrale\SecondoAnno\IMSI\IMSI_Project\Progect Code\Demo-CLI\Debug\Obj\CMSIS-Pack\Device Cycle Count: [3]
    -----------------------------------------------
    Total:

C:\Users\giann\Desktop\Giovanni\01_Università\Magistrale\SecondoAnno\IMSI\IMSI_Project\Progect Code\Demo-CLI\Debug\Obj\CMSIS-Pack\Device Examples Support: [4]
    -----------------------------------------------
    Total:

C:\Users\giann\Desktop\Giovanni\01_Università\Magistrale\SecondoAnno\IMSI\IMSI_Project\Progect Code\Demo-CLI\Debug\Obj\CMSIS-Pack\Device Startup: [5]
    startup_ADuCM3029.o       560
    system_ADuCM3029.o        248       32       12
    -----------------------------------------------
    Total:                    808       32       12

C:\Users\giann\Desktop\Giovanni\01_Università\Magistrale\SecondoAnno\IMSI\IMSI_Project\Progect Code\Demo-CLI\Debug\Obj\CMSIS-Pack\Device.Drivers DMA: [6]
    adi_dma.o                 360        8    1'248
    -----------------------------------------------
    Total:                    360        8    1'248

C:\Users\giann\Desktop\Giovanni\01_Università\Magistrale\SecondoAnno\IMSI\IMSI_Project\Progect Code\Demo-CLI\Debug\Obj\CMSIS-Pack\Device.Drivers Power: [7]
    adi_pwr.o                 860                12
    -----------------------------------------------
    Total:                    860                12

C:\Users\giann\Desktop\Giovanni\01_Università\Magistrale\SecondoAnno\IMSI\IMSI_Project\Progect Code\Demo-CLI\Debug\Obj\CMSIS-Pack\Device.Drivers TMR: [8]
    adi_tmr.o                 142       12       36
    -----------------------------------------------
    Total:                    142       12       36

C:\Users\giann\Desktop\Giovanni\01_Università\Magistrale\SecondoAnno\IMSI\IMSI_Project\Progect Code\Demo-CLI\Debug\Obj\CMSIS-Pack\Device.Drivers UART: [9]
    adi_uart.o              2'468       36       16
    -----------------------------------------------
    Total:                  2'468       36       16

C:\Users\giann\Desktop\Giovanni\01_Università\Magistrale\SecondoAnno\IMSI\IMSI_Project\Progect Code\Demo-CLI\Debug\Obj\CMSIS-Pack\Device.Drivers WDT: [10]
    -----------------------------------------------
    Total:

C:\Users\giann\Desktop\Giovanni\01_Università\Magistrale\SecondoAnno\IMSI\IMSI_Project\Progect Code\Demo-CLI\Debug\Obj\application: [11]
    ADuCM3029_demo_cli.o       32
    Cli.o                   1'000      509       56
    Communication.o           364       64    1'484
    Timer.o                   156                 4
    -----------------------------------------------
    Total:                  1'552      573    1'544

dl7M_tln.a: [12]
    XShttio.o                   8        8        8
    abort.o                     6
    exit.o                      4
    iar_Stolx.o               150
    iar_Stoulx.o              324       80
    low_level_init.o            4
    strncmp.o                  40
    vsprintf.o                 52
    xfail_s.o                  64                 4
    xprintffull_nomb.o      3'858
    xsprout.o                  10
    -----------------------------------------------
    Total:                  4'520       88       12

m7M_tl.a: [13]
    DblAddSub.o               590
    DblCmpGe.o                 52
    DblCmpLe.o                 52
    DblDiv.o                  582
    DblMul.o                  426
    DblToS32.o                 54
    DblToU32.o                 34
    S32ToDbl.o                 34
    U32ToDbl.o                 28
    frexp.o                   112
    ldexp.o                   314
    -----------------------------------------------
    Total:                  2'278

rt7M_tl.a: [14]
    ABImemcpy.o               166
    ABImemset.o               102
    I64DivMod.o               560
    I64DivZer.o                 2
    cexit.o                    10
    cmain.o                    30
    copy_init3.o               42
    cstartup_M.o               28
    data_init.o                40
    memchr.o                   88
    strchr.o                   22
    strlen.o                   54
    zero_init3.o               56
    -----------------------------------------------
    Total:                  1'200

shb_l.a: [15]
    exit.o                     20
    iarttio.o                  44
    -----------------------------------------------
    Total:                     64

    Gaps                       31        2      944
    Linker created                      36    1'028
---------------------------------------------------
    Grand Total:           14'365      787    4'856


*******************************************************************************
*** ENTRY LIST
***

Entry                       Address   Size  Type      Object
-----                       -------   ----  ----      ------
.iar.init_table$$Base        0x3f4c          --   Gb  - Linker created -
.iar.init_table$$Limit       0x3f70          --   Gb  - Linker created -
?main                        0x3fc1         Code  Gb  cmain.o [14]
Battery_Voltage_Int_Handler
                             0x3195   0x26  Code  Gb  adi_pwr.o [7]
CHECKSUM$$Base                0x7fc          --   Gb  - Linker created -
CHECKSUM$$Limit               0x800          --   Gb  - Linker created -
CSTACK$$Base            0x2000'1c00          --   Gb  - Linker created -
CSTACK$$Limit           0x2000'2000          --   Gb  - Linker created -
Cli_CmdDump                  0x348d   0xba  Code  Gb  Cli.o [11]
Cli_CmdDump::begaddr    0x2000'0eb8    0x4  Data  Lc  Cli.o [11]
Cli_CmdDump::count      0x2000'0044    0x4  Data  Lc  Cli.o [11]
Cli_CmdDump::ix         0x2000'0ebc    0x4  Data  Lc  Cli.o [11]
Cli_CmdHelp                  0x3459   0x34  Code  Gb  Cli.o [11]
Cli_CmdReset                 0x344f    0xa  Code  Gb  Cli.o [11]
Cli_CmdVersion               0x3433   0x1c  Code  Gb  Cli.o [11]
Cli_FindCommandFunction
                             0x364d   0x30  Code  Gb  Cli.o [11]
Cli_FindNextArgv             0x3547   0x20  Code  Gb  Cli.o [11]
Cli_GetArgv                  0x3567   0x28  Code  Gb  Cli.o [11]
Cli_Int_Handler              0x36a1   0xe2  Code  Gb  Cli.o [11]
Cli_IsSeparator              0x358f   0x1e  Code  Gb  Cli.o [11]
Cli_Printf                   0x3685   0x1c  Code  Gb  Cli.o [11]
Cli_Process                  0x3609   0x44  Code  Gb  Cli.o [11]
Cli_Prompt                   0x35ad   0x5c  Code  Gb  Cli.o [11]
Cli_Prompt::count       0x2000'0ec0    0x4  Data  Lc  Cli.o [11]
CommonIntHandler             0x3c3d   0x62  Code  Lc  adi_tmr.o [8]
Common_Uart_Interrupt_Handler
                             0x29db  0x1d6  Code  Lc  adi_uart.o [9]
Crystal_osc_Int_Handler
                             0x3141   0x54  Code  Gb  adi_pwr.o [7]
DMA_DevData             0x2000'0d00   0xe0  Data  Lc  adi_dma.o [6]
DMA_Err_Int_Handler          0x2f15   0x7c  Code  Gb  adi_dma.o [6]
DMA_UART_RX_Int_Handler
                             0x2bc1   0x10  Code  Gb  adi_uart.o [9]
DMA_UART_TX_Int_Handler
                             0x2bb1   0x10  Code  Gb  adi_uart.o [9]
Ext_Int0_Handler             0x4041    0xe  Code  Gb  ADICUP3029Port.o [1]
GP_Tmr0_Int_Handler          0x3cad    0xa  Code  Gb  adi_tmr.o [8]
GP_Tmr1_Int_Handler          0x3cb7    0xa  Code  Gb  adi_tmr.o [8]
GP_Tmr2_Int_Handler          0x3cc1    0xa  Code  Gb  adi_tmr.o [8]
PLL_Int_Handler              0x3109   0x38  Code  Gb  adi_pwr.o [7]
Region$$Table$$Base          0x3f4c          --   Gb  - Linker created -
Region$$Table$$Limit         0x3f70          --   Gb  - Linker created -
RxDmaErrorCallback           0x24af   0x58  Code  Lc  adi_uart.o [9]
SysTick_Config               0x3bc5   0x2e  Code  Lc  Timer.o [11]
SysTick_Handler              0x3c35    0x8  Code  Gb  Timer.o [11]
SystemCoreClock         0x2000'0ee8    0x4  Data  Gb  system_ADuCM3029.o [5]
SystemCoreClockUpdate        0x331d   0x76  Code  Gb  system_ADuCM3029.o [5]
SystemInit                   0x3393   0x2c  Code  Gb  system_ADuCM3029.o [5]
TxDmaErrorCallback           0x2507   0x58  Code  Lc  adi_uart.o [9]
UART_Init                    0x37fd   0xc8  Code  Gb  Communication.o [11]
UART_Int_Handler             0x29cd    0xe  Code  Gb  adi_uart.o [9]
UART_ReadChar                0x3939   0x18  Code  Gb  Communication.o [11]
UART_WriteChar               0x38c5   0x52  Code  Gb  Communication.o [11]
UART_WriteString             0x3917   0x22  Code  Gb  Communication.o [11]
Vreg_over_Int_Handler        0x31bb   0x3a  Code  Gb  adi_pwr.o [7]
_LitobFullNoMb               0x1519  0x10c  Code  Lc  xprintffull_nomb.o [12]
_PrintfFullNoMb               0x801  0xce8  Code  Gb  xprintffull_nomb.o [12]
_PutcharFullNoMb             0x167d   0x20  Code  Lc  xprintffull_nomb.o [12]
_PutcharsFullNoMb            0x169d   0x2e  Code  Lc  xprintffull_nomb.o [12]
_SProut                      0x1753    0xa  Code  Gb  xsprout.o [12]
__NVIC_ClearPendingIRQ       0x2491   0x1e  Code  Lc  adi_uart.o [9]
__NVIC_DisableIRQ            0x246b   0x26  Code  Lc  adi_uart.o [9]
__NVIC_EnableIRQ             0x2e59   0x1c  Code  Lc  adi_dma.o [6]
__NVIC_EnableIRQ             0x2fc1   0x1e  Code  Lc  adi_pwr.o [7]
__NVIC_EnableIRQ             0x244d   0x1e  Code  Lc  adi_uart.o [9]
__NVIC_SetPriority           0x3ba1   0x24  Code  Lc  Timer.o [11]
__NVIC_SystemReset           0x3415   0x1e  Code  Lc  Cli.o [11]
__Vectors                       0x0          --   Gb  startup_ADuCM3029.o [5]
__Vectors_End                 0x140         Data  Gb  startup_ADuCM3029.o [5]
__Vectors_Size {Abs}          0x140          --   Gb  startup_ADuCM3029.o [5]
__aeabi_cdcmple              0x1945         Code  Gb  DblCmpLe.o [13]
__aeabi_cdrcmple             0x1979         Code  Gb  DblCmpGe.o [13]
__aeabi_d2iz                 0x1ae9         Code  Gb  DblToS32.o [13]
__aeabi_d2uiz                0x1fdd         Code  Gb  DblToU32.o [13]
__aeabi_ddiv                 0x1d95         Code  Gb  DblDiv.o [13]
__aeabi_dmul                 0x201d         Code  Gb  DblMul.o [13]
__aeabi_dsub                 0x1cb1         Code  Gb  DblAddSub.o [13]
__aeabi_i2d                  0x1b21         Code  Gb  S32ToDbl.o [13]
__aeabi_ldiv0                0x2401         Code  Gb  I64DivZer.o [14]
__aeabi_memcpy               0x182d         Code  Gb  ABImemcpy.o [14]
__aeabi_memcpy4              0x184d         Code  Gb  ABImemcpy.o [14]
__aeabi_memcpy8              0x184d         Code  Gb  ABImemcpy.o [14]
__aeabi_memset               0x2df1         Code  Gb  ABImemset.o [14]
__aeabi_ui2d                 0x2001         Code  Gb  U32ToDbl.o [13]
__aeabi_uldivmod             0x21c9         Code  Gb  I64DivMod.o [14]
__cmain                      0x3fc1         Code  Gb  cmain.o [14]
__exit                       0x2405   0x14  Code  Gb  exit.o [15]
__iar_Fail_s                 0x175d   0x1c  Code  Gb  xfail_s.o [12]
__iar_Memchr                 0x17d5         Code  Gb  memchr.o [14]
__iar_Memset                 0x2df1         Code  Gb  ABImemset.o [14]
__iar_Memset_word            0x2df9         Code  Gb  ABImemset.o [14]
__iar_Stolx                  0x3969   0x92  Code  Gb  iar_Stolx.o [12]
__iar_Stoulx                 0x3a5d  0x13e  Code  Gb  iar_Stoulx.o [12]
__iar_Strchr                 0x173d         Code  Gb  strchr.o [14]
__iar_close_ttio             0x2419   0x2c  Code  Gb  iarttio.o [15]
__iar_copy_init3             0x1713   0x2a  Code  Gb  copy_init3.o [14]
__iar_data_init3             0x3f25   0x28  Code  Gb  data_init.o [14]
__iar_frexp                  0x18e1         Code  Gb  frexp.o [13]
__iar_frexp64                0x18d5         Code  Gb  frexp.o [13]
__iar_frexpl                 0x18e1         Code  Gb  frexp.o [13]
__iar_ldexp64                0x19ad         Code  Gb  ldexp.o [13]
__iar_lookup_ttioh           0x2445    0x8  Code  Gb  XShttio.o [12]
__iar_program_start          0x3ff5         Code  Gb  cstartup_M.o [14]
__iar_scalbln64              0x19ad         Code  Gb  ldexp.o [13]
__iar_scalbn64               0x19ad         Code  Gb  ldexp.o [13]
__iar_ttio_handles      0x2000'0048    0x8  Data  Lc  XShttio.o [12]
__iar_zero_init3             0x3ddd   0x38  Code  Gb  zero_init3.o [14]
__low_level_init             0x3fdf    0x4  Code  Gb  low_level_init.o [12]
__vector_table                  0x0         Data  Gb  startup_ADuCM3029.o [5]
__vector_table_0x1c            0x1c         Data  Gb  startup_ADuCM3029.o [5]
_call_main                   0x3fcd         Code  Gb  cmain.o [14]
_exit                        0x3fe9         Code  Gb  cexit.o [14]
abort                        0x23f9    0x6  Code  Gb  abort.o [12]
adi_dma_Init                 0x2e75   0x58  Code  Gb  adi_dma.o [6]
adi_dma_RegisterCallback
                             0x2ecd   0x48  Code  Gb  adi_dma.o [6]
adi_initComponents           0x3f91    0xe  Code  Gb  adi_initialize.o [2]
adi_initpinmux               0x3ed1   0x2c  Code  Gb  pinmux_config.o [2]
adi_pwr_EnterLowPowerMode
                             0x31f5   0xae  Code  Gb  adi_pwr.o [7]
adi_pwr_ExitLowPowerMode
                             0x32a3   0x2a  Code  Gb  adi_pwr.o [7]
adi_pwr_GetClockFrequency
                             0x3079   0x44  Code  Gb  adi_pwr.o [7]
adi_pwr_Init                 0x2fdf   0x9a  Code  Gb  adi_pwr.o [7]
adi_pwr_SetClockDivider
                             0x30bd   0x4c  Code  Gb  adi_pwr.o [7]
adi_system_EnableRetention
                             0x33bf   0x28  Code  Gb  system_ADuCM3029.o [5]
adi_tmr_callbacks       0x2000'0e90    0xc  Data  Lc  adi_tmr.o [8]
adi_tmr_parameters      0x2000'0e9c    0xc  Data  Lc  adi_tmr.o [8]
adi_tmr_registers       0x2000'0000    0xc  Data  Lc  adi_tmr.o [8]
adi_uart_Close               0x26b7   0x3a  Code  Gb  adi_uart.o [9]
adi_uart_ConfigBaudRate
                             0x29ab   0x22  Code  Gb  adi_uart.o [9]
adi_uart_IsTxBufferAvailable
                             0x2969   0x20  Code  Gb  adi_uart.o [9]
adi_uart_Open                0x255f  0x158  Code  Gb  adi_uart.o [9]
adi_uart_Read                0x28c9   0x52  Code  Gb  adi_uart.o [9]
adi_uart_SetConfiguration
                             0x2989   0x22  Code  Gb  adi_uart.o [9]
adi_uart_SubmitTxBuffer
                             0x26f1   0x4e  Code  Gb  adi_uart.o [9]
adi_uart_Write               0x2877   0x52  Code  Gb  adi_uart.o [9]
baudrate_divc_26mhz          0x406c   0x14  Data  Gb  Communication.o [11]
baudrate_divm_26mhz          0x40b0    0xc  Data  Gb  Communication.o [11]
baudrate_divn_26mhz          0x4080   0x14  Data  Gb  Communication.o [11]
baudrate_osr_26mhz           0x40a4    0xc  Data  Gb  Communication.o [11]
digits                       0x3cf4   0x28  Data  Lc  iar_Stoulx.o [12]
exit                         0x3fe3    0x4  Code  Gb  exit.o [12]
frexp                        0x18d5         Code  Gb  frexp.o [13]
frexpl                       0x18d5         Code  Gb  frexp.o [13]
gChannelControlDataArray
                        0x2000'0400  0x400  Data  Lc  adi_dma.o [6]
gUARTCfg                     0x4094   0x10  Data  Lc  adi_uart.o [9]
gnLowPowerIntOccFlag    0x2000'0eb0    0x4  Data  Lc  adi_pwr.o [7]
gpPowcbParam            0x2000'0eac    0x4  Data  Lc  adi_pwr.o [7]
gpfCallbackFunction     0x2000'0ea8    0x4  Data  Lc  adi_pwr.o [7]
gpioClock               0x2000'0ee4    0x4  Data  Gb  system_ADuCM3029.o [5]
hfClock                 0x2000'0ee0    0x4  Data  Gb  system_ADuCM3029.o [5]
kwnUrtMonCmd            0x2000'001c   0x14  Data  Gb  Cli.o [11]
ldexp                        0x19ad         Code  Gb  ldexp.o [13]
ldexpl                       0x19ad         Code  Gb  ldexp.o [13]
main                         0x3f71   0x20  Code  Gb  ADuCM3029_demo_cli.o [11]
memchr                       0x17d5         Code  Gb  memchr.o [14]
ndigs                        0x3ccc   0x28  Data  Lc  iar_Stoulx.o [12]
pDMA_DevData                 0x40f8    0x4  Data  Lc  adi_dma.o [6]
pPrimaryCCD                  0x40f4    0x4  Data  Gb  adi_dma.o [6]
p_device_handler        0x2000'0ec4    0x4  Data  Gb  Communication.o [11]
sFifoTriggers                0x40fc    0x4  Data  Lc  adi_uart.o [9]
scalbln                      0x19ad         Code  Gb  ldexp.o [13]
scalblnl                     0x19ad         Code  Gb  ldexp.o [13]
scalbn                       0x19ad         Code  Gb  ldexp.o [13]
scalbnl                      0x19ad         Code  Gb  ldexp.o [13]
scale                        0x1625   0x46  Code  Lc  xprintffull_nomb.o [12]
sec_hand                0x2000'0ef0    0x4  Data  Lc  xfail_s.o [12]
strchr                       0x173d         Code  Gb  strchr.o [14]
strlen                       0x179d         Code  Gb  strlen.o [14]
strncmp                      0x39ff   0x28  Code  Gb  strncmp.o [12]
strtol                       0x39fb    0x4  Code  Gb  iar_Stolx.o [12]
timer_delayCount        0x2000'0eec    0x4  Data  Gb  Timer.o [11]
timer_start                  0x3bf3   0x14  Code  Gb  Timer.o [11]
timer_tick                   0x3c07   0x10  Code  Gb  Timer.o [11]
uart_ManageProcessedBuffer
                             0x2c97   0xe4  Code  Lc  adi_uart.o [9]
uart_PendForBuffer           0x291b   0x4e  Code  Lc  adi_uart.o [9]
uart_RxDataHandler           0x2bd1   0x76  Code  Lc  adi_uart.o [9]
uart_TxDataHandler           0x2c47   0x50  Code  Lc  adi_uart.o [9]
uart_buffer             0x2000'0de0   0xb0  Data  Gb  Communication.o [11]
uart_cmd                0x2000'0ed4    0x4  Data  Gb  Communication.o [11]
uart_ctrlc              0x2000'0ed8    0x4  Data  Gb  Communication.o [11]
uart_device_info        0x2000'000c   0x10  Data  Lc  adi_uart.o [9]
uart_init                    0x2d7b   0x34  Code  Lc  adi_uart.o [9]
uart_rcnt               0x2000'0ec8    0x4  Data  Gb  Communication.o [11]
uart_rx_buffer          0x2000'0c00  0x100  Data  Gb  Communication.o [11]
uart_submitrxbuffer          0x27dd   0x9a  Code  Lc  adi_uart.o [9]
uart_submittxbuffer          0x2741   0x9a  Code  Lc  adi_uart.o [9]
uart_tbusy              0x2000'0edc    0x4  Data  Gb  Communication.o [11]
uart_tcnt               0x2000'0ed0    0x4  Data  Gb  Communication.o [11]
uart_tpos               0x2000'0ecc    0x4  Data  Gb  Communication.o [11]
uart_tx_buffer          0x2000'0800  0x400  Data  Gb  Communication.o [11]
ucInterrupted           0x2000'0eb4    0x4  Data  Lc  ADICUP3029Port.o [1]
urtMonCmdFun            0x2000'0030   0x14  Data  Gb  Cli.o [11]
vsprintf                     0x3a29   0x34  Code  Gb  vsprintf.o [12]


[1] = C:\Users\giann\Desktop\Giovanni\01_Università\Magistrale\SecondoAnno\IMSI\IMSI_Project\Progect Code\Demo-CLI\Debug\Obj\AD5940Lib
[2] = C:\Users\giann\Desktop\Giovanni\01_Università\Magistrale\SecondoAnno\IMSI\IMSI_Project\Progect Code\Demo-CLI\Debug\Obj\ADI
[3] = C:\Users\giann\Desktop\Giovanni\01_Università\Magistrale\SecondoAnno\IMSI\IMSI_Project\Progect Code\Demo-CLI\Debug\Obj\CMSIS-Pack\Device Cycle Count
[4] = C:\Users\giann\Desktop\Giovanni\01_Università\Magistrale\SecondoAnno\IMSI\IMSI_Project\Progect Code\Demo-CLI\Debug\Obj\CMSIS-Pack\Device Examples Support
[5] = C:\Users\giann\Desktop\Giovanni\01_Università\Magistrale\SecondoAnno\IMSI\IMSI_Project\Progect Code\Demo-CLI\Debug\Obj\CMSIS-Pack\Device Startup
[6] = C:\Users\giann\Desktop\Giovanni\01_Università\Magistrale\SecondoAnno\IMSI\IMSI_Project\Progect Code\Demo-CLI\Debug\Obj\CMSIS-Pack\Device.Drivers DMA
[7] = C:\Users\giann\Desktop\Giovanni\01_Università\Magistrale\SecondoAnno\IMSI\IMSI_Project\Progect Code\Demo-CLI\Debug\Obj\CMSIS-Pack\Device.Drivers Power
[8] = C:\Users\giann\Desktop\Giovanni\01_Università\Magistrale\SecondoAnno\IMSI\IMSI_Project\Progect Code\Demo-CLI\Debug\Obj\CMSIS-Pack\Device.Drivers TMR
[9] = C:\Users\giann\Desktop\Giovanni\01_Università\Magistrale\SecondoAnno\IMSI\IMSI_Project\Progect Code\Demo-CLI\Debug\Obj\CMSIS-Pack\Device.Drivers UART
[10] = C:\Users\giann\Desktop\Giovanni\01_Università\Magistrale\SecondoAnno\IMSI\IMSI_Project\Progect Code\Demo-CLI\Debug\Obj\CMSIS-Pack\Device.Drivers WDT
[11] = C:\Users\giann\Desktop\Giovanni\01_Università\Magistrale\SecondoAnno\IMSI\IMSI_Project\Progect Code\Demo-CLI\Debug\Obj\application
[12] = dl7M_tln.a
[13] = m7M_tl.a
[14] = rt7M_tl.a
[15] = shb_l.a

  14'365 bytes of readonly  code memory
     787 bytes of readonly  data memory
   4'856 bytes of readwrite data memory

Errors: none
Warnings: none
