###############################################################################
#
# IAR ELF Linker V9.20.4.327/W64 for ARM                  30/Mar/2022  11:56:20
# Copyright 2007-2022 IAR Systems AB.
#
#    Output file  =
#        C:\Users\giann\Desktop\Giovanni\01_Università\Magistrale\SecondoAnno\IMSI\IMSI_Project\Progect
#        Code\First\Debug\Exe\First.out
#    Map file     =
#        C:\Users\giann\Desktop\Giovanni\01_Università\Magistrale\SecondoAnno\IMSI\IMSI_Project\Progect
#        Code\First\Debug\List\First.map
#    Command line =
#        -f
#        "C:\Users\giann\Desktop\Giovanni\01_Università\Magistrale\SecondoAnno\IMSI\IMSI_Project\Progect
#        Code\First\Debug\Exe\First.out.rsp"
#        ("C:\Users\giann\Desktop\Giovanni\01_Università\Magistrale\SecondoAnno\IMSI\IMSI_Project\Progect
#        Code\First\Debug\Obj\AD594Lib\ad5940.o"
#        "C:\Users\giann\Desktop\Giovanni\01_Università\Magistrale\SecondoAnno\IMSI\IMSI_Project\Progect
#        Code\First\Debug\Obj\CMSIS-Pack\Device Cycle Count\adi_cyclecount.o"
#        "C:\Users\giann\Desktop\Giovanni\01_Università\Magistrale\SecondoAnno\IMSI\IMSI_Project\Progect
#        Code\First\Debug\Obj\AD594Lib\ADICUP3029Port.o"
#        "C:\Users\giann\Desktop\Giovanni\01_Università\Magistrale\SecondoAnno\IMSI\IMSI_Project\Progect
#        Code\First\Debug\Obj\application\First.o"
#        "C:\Users\giann\Desktop\Giovanni\01_Università\Magistrale\SecondoAnno\IMSI\IMSI_Project\Progect
#        Code\First\Debug\Obj\application\main.o"
#        "C:\Users\giann\Desktop\Giovanni\01_Università\Magistrale\SecondoAnno\IMSI\IMSI_Project\Progect
#        Code\First\Debug\Obj\CMSIS-Pack\Device Startup\startup_ADuCM3029.o"
#        "C:\Users\giann\Desktop\Giovanni\01_Università\Magistrale\SecondoAnno\IMSI\IMSI_Project\Progect
#        Code\First\Debug\Obj\CMSIS-Pack\Device Startup\system_ADuCM3029.o"
#        --no_out_extension -o
#        "C:\Users\giann\Desktop\Giovanni\01_Università\Magistrale\SecondoAnno\IMSI\IMSI_Project\Progect
#        Code\First\Debug\Exe\First.out" --map
#        "C:\Users\giann\Desktop\Giovanni\01_Università\Magistrale\SecondoAnno\IMSI\IMSI_Project\Progect
#        Code\First\Debug\List\First.map" --config
#        C:/Users/giann/IAR-CMSIS-Packs/AnalogDevices/ADuCM302x_DFP/3.2.0/\ARM\config\linker\AnalogDevices\ADuCM3029.icf
#        --semihosting --entry __iar_program_start --vfe --text_out locale)
#
###############################################################################

*******************************************************************************
*** RUNTIME MODEL ATTRIBUTES
***

CppFlavor       = *
__CPP_Runtime   = 1
__SystemLibrary = DLib
__dlib_version  = 6


*******************************************************************************
*** HEAP SELECTION
***

The basic heap was selected because some modules are built with
size limitations (and not runtime checking), and --advanced_heap
was not specified.


*******************************************************************************
*** PLACEMENT SUMMARY
***

"A3":  place at address 0x180 { ro section .security_options };
define block CHECKSUM with size = 4, alignment = 4 { ro section .checksum };
"A4":  place at address 0x7fc { block CHECKSUM };
"A5":  place at start of [from 0x0 to 0x17f] { ro section .intvec };
"P2":  place in [from 0x800 to 0x3'ffff] { ro };
define block CSTACK with size = 1K, alignment = 8 { };
"A6":  place at end of [from 0x2000'0000 to 0x2000'1fff] { block CSTACK };
define block HEAP with size = 512, alignment = 8 { };
"P3":  place in [from 0x2000'0000 to 0x2000'1fff] { rw, block HEAP };
initialize by copy { rw };

No sections matched the following patterns:

  ro section .checksum                 in block CHECKSUM
  ro section CRC_ReadProtectedKeyHash  in "A1"
  ro section NumCRCPages               in "A2"
  ro section Page0_region              in "P1"
  ro section ReadProtectedKeyHash      in "A0"
  rw section bank1_retained_ram        in "P5"
  rw section never_retained_ram        in "P6"
  section ISRAM_REGION                 in "P4"


  Section            Kind         Address    Size  Object
  -------            ----         -------    ----  ------
"A5":                                       0x140
  .intvec            ro code          0x0   0x140  startup_ADuCM3029.o [3]
                                  - 0x140   0x140

"A3":                                        0x20
  .security_options  const          0x180    0x20  system_ADuCM3029.o [3]
                                  - 0x1a0    0x20

"A4":                                         0x4
  CHECKSUM                          0x7fc     0x4  <Block>
    CHECKSUM         uninit         0x7fc     0x4  <Block tail>
                                  - 0x800     0x4

"P2":                                      0x23c0
  .text              ro code        0x800   0xd2e  xprintflarge_nomb.o [5]
  .text              ro code       0x152e    0x2a  copy_init3.o [7]
  .text              ro code       0x1558    0x16  strchr.o [7]
  .text              ro code       0x1570    0x40  xfail_s.o [5]
  .text              ro code       0x15b0    0x36  strlen.o [7]
  .text              ro code       0x15e8    0x58  memchr.o [7]
  .text              ro code       0x1640    0xa6  ABImemcpy.o [7]
  .text              ro code       0x16e8    0x70  frexp.o [6]
  .text              ro code       0x1758   0x246  DblDiv.o [6]
  .text              ro code       0x19a0    0x22  DblToU32.o [6]
  .text              ro code       0x19c4    0x1c  U32ToDbl.o [6]
  .text              ro code       0x19e0   0x24e  DblAddSub.o [6]
  .text              ro code       0x1c30   0x1aa  DblMul.o [6]
  .text              ro code       0x1ddc   0x230  I64DivMod.o [7]
  .text              ro code       0x200c     0x6  abort.o [5]
  .text              ro code       0x2014     0x2  I64DivZer.o [7]
  .text              ro code       0x2018    0x14  exit.o [8]
  .text              ro code       0x202c   0x36e  ad5940.o [1]
  .text              ro code       0x239c   0x1c8  ADICUP3029Port.o [1]
  .text              ro code       0x2564   0x210  main.o [4]
  .text              ro code       0x2774    0x28  printf.o [5]
  .text              ro code       0x279c    0x48  First.o [4]
  .text              ro code       0x27e4    0x9c  rand.o [5]
  .rodata            const         0x2880    0x70  ad5940.o [1]
  .text              ro code       0x28f0    0x6c  system_ADuCM3029.o [3]
  .text              ro code       0x295c    0x38  zero_init3.o [7]
  .rodata            const         0x2994    0x28  First.o [4]
  .text              ro code       0x29bc    0x28  data_init.o [7]
  .iar.init_table    const         0x29e4    0x24  - Linker created -
  .text              ro code       0x2a08    0x20  startup_ADuCM3029.o [3]
  .text              ro code       0x2a28    0x1e  cmain.o [7]
  .text              ro code       0x2a46     0x4  low_level_init.o [5]
  .text              ro code       0x2a4a     0x4  exit.o [5]
  .text              ro code       0x2a50     0xa  cexit.o [7]
  .rodata            const         0x2a5c    0x1c  main.o [4]
  .text              ro code       0x2a78    0x1c  cstartup_M.o [7]
  .text              ro code       0x2a94    0x16  xprout.o [5]
  .rodata            const         0x2aac     0xc  main.o [4]
  Initializer bytes  const         0x2ab8     0x8  <for P3-1>
  .text              ro code       0x2ac0     0x4  startup_ADuCM3029.o [3]
  .text              ro code       0x2ac4     0x4  startup_ADuCM3029.o [3]
  .text              ro code       0x2ac8     0x4  startup_ADuCM3029.o [3]
  .text              ro code       0x2acc     0x4  startup_ADuCM3029.o [3]
  .text              ro code       0x2ad0     0x4  startup_ADuCM3029.o [3]
  .text              ro code       0x2ad4     0x4  startup_ADuCM3029.o [3]
  .text              ro code       0x2ad8     0x4  startup_ADuCM3029.o [3]
  .text              ro code       0x2adc     0x4  startup_ADuCM3029.o [3]
  .text              ro code       0x2ae0     0x4  startup_ADuCM3029.o [3]
  .text              ro code       0x2ae4     0x4  startup_ADuCM3029.o [3]
  .text              ro code       0x2ae8     0x4  startup_ADuCM3029.o [3]
  .text              ro code       0x2aec     0x4  startup_ADuCM3029.o [3]
  .text              ro code       0x2af0     0x4  startup_ADuCM3029.o [3]
  .text              ro code       0x2af4     0x4  startup_ADuCM3029.o [3]
  .text              ro code       0x2af8     0x4  startup_ADuCM3029.o [3]
  .text              ro code       0x2afc     0x4  startup_ADuCM3029.o [3]
  .text              ro code       0x2b00     0x4  startup_ADuCM3029.o [3]
  .text              ro code       0x2b04     0x4  startup_ADuCM3029.o [3]
  .text              ro code       0x2b08     0x4  startup_ADuCM3029.o [3]
  .text              ro code       0x2b0c     0x4  startup_ADuCM3029.o [3]
  .text              ro code       0x2b10     0x4  startup_ADuCM3029.o [3]
  .text              ro code       0x2b14     0x4  startup_ADuCM3029.o [3]
  .text              ro code       0x2b18     0x4  startup_ADuCM3029.o [3]
  .text              ro code       0x2b1c     0x4  startup_ADuCM3029.o [3]
  .text              ro code       0x2b20     0x4  startup_ADuCM3029.o [3]
  .text              ro code       0x2b24     0x4  startup_ADuCM3029.o [3]
  .text              ro code       0x2b28     0x4  startup_ADuCM3029.o [3]
  .text              ro code       0x2b2c     0x4  startup_ADuCM3029.o [3]
  .text              ro code       0x2b30     0x4  startup_ADuCM3029.o [3]
  .text              ro code       0x2b34     0x4  startup_ADuCM3029.o [3]
  .text              ro code       0x2b38     0x4  startup_ADuCM3029.o [3]
  .text              ro code       0x2b3c     0x4  startup_ADuCM3029.o [3]
  .text              ro code       0x2b40     0x4  startup_ADuCM3029.o [3]
  .text              ro code       0x2b44     0x4  startup_ADuCM3029.o [3]
  .text              ro code       0x2b48     0x4  startup_ADuCM3029.o [3]
  .text              ro code       0x2b4c     0x4  startup_ADuCM3029.o [3]
  .text              ro code       0x2b50     0x4  startup_ADuCM3029.o [3]
  .text              ro code       0x2b54     0x4  startup_ADuCM3029.o [3]
  .text              ro code       0x2b58     0x4  startup_ADuCM3029.o [3]
  .text              ro code       0x2b5c     0x4  startup_ADuCM3029.o [3]
  .text              ro code       0x2b60     0x4  startup_ADuCM3029.o [3]
  .text              ro code       0x2b64     0x4  startup_ADuCM3029.o [3]
  .text              ro code       0x2b68     0x4  startup_ADuCM3029.o [3]
  .text              ro code       0x2b6c     0x4  startup_ADuCM3029.o [3]
  .text              ro code       0x2b70     0x4  startup_ADuCM3029.o [3]
  .text              ro code       0x2b74     0x4  startup_ADuCM3029.o [3]
  .text              ro code       0x2b78     0x4  startup_ADuCM3029.o [3]
  .text              ro code       0x2b7c     0x4  startup_ADuCM3029.o [3]
  .text              ro code       0x2b80     0x4  startup_ADuCM3029.o [3]
  .text              ro code       0x2b84     0x4  startup_ADuCM3029.o [3]
  .text              ro code       0x2b88     0x4  startup_ADuCM3029.o [3]
  .text              ro code       0x2b8c     0x4  startup_ADuCM3029.o [3]
  .text              ro code       0x2b90     0x4  startup_ADuCM3029.o [3]
  .text              ro code       0x2b94     0x4  startup_ADuCM3029.o [3]
  .text              ro code       0x2b98     0x4  startup_ADuCM3029.o [3]
  .text              ro code       0x2b9c     0x4  startup_ADuCM3029.o [3]
  .text              ro code       0x2ba0     0x4  startup_ADuCM3029.o [3]
  .text              ro code       0x2ba4     0x4  startup_ADuCM3029.o [3]
  .text              ro code       0x2ba8     0x4  startup_ADuCM3029.o [3]
  .text              ro code       0x2bac     0x4  startup_ADuCM3029.o [3]
  .text              ro code       0x2bb0     0x4  startup_ADuCM3029.o [3]
  .text              ro code       0x2bb4     0x4  startup_ADuCM3029.o [3]
  .text              ro code       0x2bb8     0x4  startup_ADuCM3029.o [3]
  .text              ro code       0x2bbc     0x4  startup_ADuCM3029.o [3]
  .rodata            const         0x2bc0     0x0  zero_init3.o [7]
  .rodata            const         0x2bc0     0x0  copy_init3.o [7]
                                 - 0x2bc0  0x23c0

"P3", part 1 of 2:                            0x8
  P3-1                        0x2000'0000     0x8  <Init block>
    .data            inited   0x2000'0000     0x8  rand.o [5]
                            - 0x2000'0008     0x8

"P3", part 2 of 2:                           0xac
  .bss               zero     0x2000'0008    0x84  rand.o [5]
  .bss               zero     0x2000'008c    0x1c  ad5940.o [1]
  .bss               zero     0x2000'00a8     0x4  ADICUP3029Port.o [1]
  .bss               zero     0x2000'00ac     0x4  xfail_s.o [5]
  .bss               zero     0x2000'00b0     0x1  ad5940.o [1]
                            - 0x2000'00b1    0xa9

"A6":                                       0x400
  CSTACK                      0x2000'1c00   0x400  <Block>
    CSTACK           uninit   0x2000'1c00   0x400  <Block tail>
                            - 0x2000'2000   0x400

Unused ranges:

         From           To      Size
         ----           --      ----
       0x2bc0     0x3'ffff  0x3'd440
  0x2000'00b4  0x2000'1bff    0x1b4c


*******************************************************************************
*** INIT TABLE
***

          Address      Size
          -------      ----
Zero (__iar_zero_init3)
    1 destination range, total size 0xa9:
          0x2000'0008  0xa9

Copy (__iar_copy_init3)
    1 source range, total size 0x8:
               0x2ab8   0x8
    1 destination range, total size 0x8:
          0x2000'0000   0x8



*******************************************************************************
*** MODULE SUMMARY
***

    Module               ro code  ro data  rw data
    ------               -------  -------  -------
command line/config:
    ----------------------------------------------
    Total:

C:\Users\giann\Desktop\Giovanni\01_Università\Magistrale\SecondoAnno\IMSI\IMSI_Project\Progect Code\First\Debug\Obj\AD594Lib: [1]
    ADICUP3029Port.o         456                 4
    ad5940.o                 878      112       29
    ----------------------------------------------
    Total:                 1'334      112       33

C:\Users\giann\Desktop\Giovanni\01_Università\Magistrale\SecondoAnno\IMSI\IMSI_Project\Progect Code\First\Debug\Obj\CMSIS-Pack\Device Cycle Count: [2]
    ----------------------------------------------
    Total:

C:\Users\giann\Desktop\Giovanni\01_Università\Magistrale\SecondoAnno\IMSI\IMSI_Project\Progect Code\First\Debug\Obj\CMSIS-Pack\Device Startup: [3]
    startup_ADuCM3029.o      608
    system_ADuCM3029.o       108       32
    ----------------------------------------------
    Total:                   716       32

C:\Users\giann\Desktop\Giovanni\01_Università\Magistrale\SecondoAnno\IMSI\IMSI_Project\Progect Code\First\Debug\Obj\application: [4]
    First.o                   72       40
    main.o                   528       40
    ----------------------------------------------
    Total:                   600       80

dl7M_tln.a: [5]
    abort.o                    6
    exit.o                     4
    low_level_init.o           4
    printf.o                  40
    rand.o                   156        8      140
    xfail_s.o                 64                 4
    xprintflarge_nomb.o    3'374
    xprout.o                  22
    ----------------------------------------------
    Total:                 3'670        8      144

m7M_tl.a: [6]
    DblAddSub.o              590
    DblDiv.o                 582
    DblMul.o                 426
    DblToU32.o                34
    U32ToDbl.o                28
    frexp.o                  112
    ----------------------------------------------
    Total:                 1'772

rt7M_tl.a: [7]
    ABImemcpy.o              166
    I64DivMod.o              560
    I64DivZer.o                2
    cexit.o                   10
    cmain.o                   30
    copy_init3.o              42
    cstartup_M.o              28
    data_init.o               40
    memchr.o                  88
    strchr.o                  22
    strlen.o                  54
    zero_init3.o              56
    ----------------------------------------------
    Total:                 1'098

shb_l.a: [8]
    exit.o                    20
    ----------------------------------------------
    Total:                    20

    Gaps                      22        4
    Linker created                     36    1'028
--------------------------------------------------
    Grand Total:           9'232      272    1'205


*******************************************************************************
*** ENTRY LIST
***

Entry                       Address   Size  Type      Object
-----                       -------   ----  ----      ------
.iar.init_table$$Base        0x29e4          --   Gb  - Linker created -
.iar.init_table$$Limit       0x2a08          --   Gb  - Linker created -
?main                        0x2a29         Code  Gb  cmain.o [7]
AD5940_CsClr                 0x2409    0xa  Code  Gb  ADICUP3029Port.o [1]
AD5940_CsSet                 0x2413    0xa  Code  Gb  ADICUP3029Port.o [1]
AD5940_Delay10us             0x242d   0x46  Code  Gb  ADICUP3029Port.o [1]
AD5940_HWReset               0x2381   0x1a  Code  Gb  ad5940.o [1]
AD5940_Initialize            0x22f1   0x82  Code  Gb  ad5940.o [1]
AD5940_MCUResourceInit       0x2473   0x7e  Code  Gb  ADICUP3029Port.o [1]
AD5940_Main                  0x279d   0x48  Code  Gb  First.o [4]
AD5940_ReadReg               0x22d5   0x1c  Code  Gb  ad5940.o [1]
AD5940_ReadWrite16B          0x21b1   0x2c  Code  Lc  ad5940.o [1]
AD5940_ReadWrite32B          0x21dd   0x3e  Code  Lc  ad5940.o [1]
AD5940_ReadWrite8B           0x2199   0x18  Code  Lc  ad5940.o [1]
AD5940_ReadWriteNBytes       0x23b9   0x50  Code  Gb  ADICUP3029Port.o [1]
AD5940_RstClr                0x2425    0x8  Code  Gb  ADICUP3029Port.o [1]
AD5940_RstSet                0x241d    0x8  Code  Gb  ADICUP3029Port.o [1]
AD5940_SEQGenGetRegDefault
                             0x2087   0x10  Code  Lc  ad5940.o [1]
AD5940_SEQGenInsert          0x202d   0x28  Code  Gb  ad5940.o [1]
AD5940_SEQGenSearchReg       0x2055   0x32  Code  Lc  ad5940.o [1]
AD5940_SEQReadReg            0x20dd   0x3c  Code  Lc  ad5940.o [1]
AD5940_SEQRegInfoInsert
                             0x2097   0x46  Code  Lc  ad5940.o [1]
AD5940_SEQWriteReg           0x2119   0x7c  Code  Lc  ad5940.o [1]
AD5940_SPIReadReg            0x2265   0x54  Code  Lc  ad5940.o [1]
AD5940_SPIWriteReg           0x221b   0x4a  Code  Lc  ad5940.o [1]
AD5940_WriteReg              0x22b9   0x1c  Code  Gb  ad5940.o [1]
CHECKSUM$$Base                0x7fc          --   Gb  - Linker created -
CHECKSUM$$Limit               0x800          --   Gb  - Linker created -
CSTACK$$Base            0x2000'1c00          --   Gb  - Linker created -
CSTACK$$Limit           0x2000'2000          --   Gb  - Linker created -
Ext_Int0_Handler             0x24f1    0xe  Code  Gb  ADICUP3029Port.o [1]
MCUPlatformInit              0x259f   0x3e  Code  Gb  main.o [4]
Region$$Table$$Base          0x29e4          --   Gb  - Linker created -
Region$$Table$$Limit         0x2a08          --   Gb  - Linker created -
SeqGenDB                0x2000'008c   0x1c  Data  Gb  ad5940.o [1]
SystemInit                   0x28f1   0x2c  Code  Gb  system_ADuCM3029.o [3]
UrtCfg                       0x25dd  0x130  Code  Gb  main.o [4]
_LitobLargeNoMb              0x130d  0x10c  Code  Lc  xprintflarge_nomb.o [5]
_PrintfLargeNoMb              0x801  0xb06  Code  Gb  xprintflarge_nomb.o [5]
_Prout                       0x2a95   0x16  Code  Gb  xprout.o [5]
_PutcharLargeNoMb            0x1475   0x20  Code  Lc  xprintflarge_nomb.o [5]
_PutcharsLargeNoMb           0x1495   0x2e  Code  Lc  xprintflarge_nomb.o [5]
_Rand_idx               0x2000'0088    0x4  Data  Lc  rand.o [5]
_Rand_rv                0x2000'0008   0x80  Data  Lc  rand.o [5]
_Randinit               0x2000'0000    0x1  Data  Gb  rand.o [5]
_Randseed               0x2000'0004    0x4  Data  Gb  rand.o [5]
__NVIC_EnableIRQ             0x239d   0x1c  Code  Lc  ADICUP3029Port.o [1]
__NVIC_EnableIRQ             0x2565   0x1c  Code  Lc  main.o [4]
__Vectors                       0x0          --   Gb  startup_ADuCM3029.o [3]
__Vectors_End                 0x140         Data  Gb  startup_ADuCM3029.o [3]
__Vectors_Size {Abs}          0x140          --   Gb  startup_ADuCM3029.o [3]
__aeabi_d2uiz                0x19a1         Code  Gb  DblToU32.o [6]
__aeabi_ddiv                 0x1759         Code  Gb  DblDiv.o [6]
__aeabi_dmul                 0x1c31         Code  Gb  DblMul.o [6]
__aeabi_dsub                 0x1b4d         Code  Gb  DblAddSub.o [6]
__aeabi_ldiv0                0x2015         Code  Gb  I64DivZer.o [7]
__aeabi_memcpy               0x1641         Code  Gb  ABImemcpy.o [7]
__aeabi_memcpy4              0x1661         Code  Gb  ABImemcpy.o [7]
__aeabi_memcpy8              0x1661         Code  Gb  ABImemcpy.o [7]
__aeabi_ui2d                 0x19c5         Code  Gb  U32ToDbl.o [6]
__aeabi_uldivmod             0x1ddd         Code  Gb  I64DivMod.o [7]
__cmain                      0x2a29         Code  Gb  cmain.o [7]
__exit                       0x2019   0x14  Code  Gb  exit.o [8]
__iar_Fail_s                 0x1571   0x1c  Code  Gb  xfail_s.o [5]
__iar_Memchr                 0x15e9         Code  Gb  memchr.o [7]
__iar_Strchr                 0x1559         Code  Gb  strchr.o [7]
__iar_copy_init3             0x152f   0x2a  Code  Gb  copy_init3.o [7]
__iar_data_init3             0x29bd   0x28  Code  Gb  data_init.o [7]
__iar_frexp                  0x16f5         Code  Gb  frexp.o [6]
__iar_frexp64                0x16e9         Code  Gb  frexp.o [6]
__iar_frexpl                 0x16f5         Code  Gb  frexp.o [6]
__iar_program_start          0x2a79         Code  Gb  cstartup_M.o [7]
__iar_zero_init3             0x295d   0x38  Code  Gb  zero_init3.o [7]
__low_level_init             0x2a47    0x4  Code  Gb  low_level_init.o [5]
__vector_table                  0x0         Data  Gb  startup_ADuCM3029.o [3]
__vector_table_0x1c            0x1c         Data  Gb  startup_ADuCM3029.o [3]
_call_main                   0x2a35         Code  Gb  cmain.o [7]
_exit                        0x2a51         Code  Gb  cexit.o [7]
abort                        0x200d    0x6  Code  Gb  abort.o [5]
adi_system_EnableRetention
                             0x291d   0x28  Code  Gb  system_ADuCM3029.o [3]
bIsS2silicon            0x2000'00b0    0x1  Data  Lc  ad5940.o [1]
exit                         0x2a4b    0x4  Code  Gb  exit.o [5]
frexp                        0x16e9         Code  Gb  frexp.o [6]
frexpl                       0x16e9         Code  Gb  frexp.o [6]
main                         0x2581   0x1e  Code  Gb  main.o [4]
memchr                       0x15e9         Code  Gb  memchr.o [7]
printf                       0x2775   0x28  Code  Gb  printf.o [5]
putchar                      0x270d    0xe  Code  Gb  main.o [4]
rand                         0x27e5   0x8a  Code  Gb  rand.o [5]
scale                        0x1419   0x46  Code  Lc  xprintflarge_nomb.o [5]
sec_hand                0x2000'00ac    0x4  Data  Lc  xfail_s.o [5]
strchr                       0x1559         Code  Gb  strchr.o [7]
strlen                       0x15b1         Code  Gb  strlen.o [7]
ucInterrupted           0x2000'00a8    0x4  Data  Lc  ADICUP3029Port.o [1]


[1] = C:\Users\giann\Desktop\Giovanni\01_Università\Magistrale\SecondoAnno\IMSI\IMSI_Project\Progect Code\First\Debug\Obj\AD594Lib
[2] = C:\Users\giann\Desktop\Giovanni\01_Università\Magistrale\SecondoAnno\IMSI\IMSI_Project\Progect Code\First\Debug\Obj\CMSIS-Pack\Device Cycle Count
[3] = C:\Users\giann\Desktop\Giovanni\01_Università\Magistrale\SecondoAnno\IMSI\IMSI_Project\Progect Code\First\Debug\Obj\CMSIS-Pack\Device Startup
[4] = C:\Users\giann\Desktop\Giovanni\01_Università\Magistrale\SecondoAnno\IMSI\IMSI_Project\Progect Code\First\Debug\Obj\application
[5] = dl7M_tln.a
[6] = m7M_tl.a
[7] = rt7M_tl.a
[8] = shb_l.a

  9'232 bytes of readonly  code memory
    272 bytes of readonly  data memory
  1'205 bytes of readwrite data memory

Errors: none
Warnings: none
