###############################################################################
#
# IAR ELF Linker V9.20.4.327/W64 for ARM                  07/Apr/2022  16:45:58
# Copyright 2007-2022 IAR Systems AB.
#
#    Output file  =
#        C:\Users\papuz\OneDrive\Desktop\IMSI_Project\WorkSpace\Terminal1\Debug\Exe\Terminal1.out
#    Map file     =
#        C:\Users\papuz\OneDrive\Desktop\IMSI_Project\WorkSpace\Terminal1\Debug\List\Terminal1.map
#    Command line =
#        -f
#        C:\Users\papuz\OneDrive\Desktop\IMSI_Project\WorkSpace\Terminal1\Debug\Exe\Terminal1.out.rsp
#        (C:\Users\papuz\OneDrive\Desktop\IMSI_Project\WorkSpace\Terminal1\Debug\Obj\AD5940lib\ad5940.o
#        "C:\Users\papuz\OneDrive\Desktop\IMSI_Project\WorkSpace\Terminal1\Debug\Obj\CMSIS-Pack\Device
#        Cycle Count\adi_cyclecount.o"
#        "C:\Users\papuz\OneDrive\Desktop\IMSI_Project\WorkSpace\Terminal1\Debug\Obj\CMSIS-Pack\Device.Drivers
#        DMA\adi_dma.o"
#        C:\Users\papuz\OneDrive\Desktop\IMSI_Project\WorkSpace\Terminal1\Debug\Obj\Inizialize\adi_initialize.o
#        "C:\Users\papuz\OneDrive\Desktop\IMSI_Project\WorkSpace\Terminal1\Debug\Obj\CMSIS-Pack\Device.Drivers
#        Power\adi_pwr.o"
#        "C:\Users\papuz\OneDrive\Desktop\IMSI_Project\WorkSpace\Terminal1\Debug\Obj\CMSIS-Pack\Device.Drivers
#        UART\adi_uart.o"
#        "C:\Users\papuz\OneDrive\Desktop\IMSI_Project\WorkSpace\Terminal1\Debug\Obj\CMSIS-Pack\Device.Drivers
#        WDT\adi_wdt.o"
#        C:\Users\papuz\OneDrive\Desktop\IMSI_Project\WorkSpace\Terminal1\Debug\Obj\AD5940lib\ADICUP3029Port.o
#        C:\Users\papuz\OneDrive\Desktop\IMSI_Project\WorkSpace\Terminal1\Debug\Obj\Application\ADuCM3029_demo_cli.o
#        C:\Users\papuz\OneDrive\Desktop\IMSI_Project\WorkSpace\Terminal1\Debug\Obj\Application\Cli.o
#        C:\Users\papuz\OneDrive\Desktop\IMSI_Project\WorkSpace\Terminal1\Debug\Obj\Application\Communication.o
#        C:\Users\papuz\OneDrive\Desktop\IMSI_Project\WorkSpace\Terminal1\Debug\Obj\Inizialize\pinmux_config.o
#        "C:\Users\papuz\OneDrive\Desktop\IMSI_Project\WorkSpace\Terminal1\Debug\Obj\CMSIS-Pack\Device
#        Startup\startup_ADuCM3029.o"
#        "C:\Users\papuz\OneDrive\Desktop\IMSI_Project\WorkSpace\Terminal1\Debug\Obj\CMSIS-Pack\Device
#        Startup\system_ADuCM3029.o"
#        C:\Users\papuz\OneDrive\Desktop\IMSI_Project\WorkSpace\Terminal1\Debug\Obj\Application\Timer.o
#        --redirect _Printf=_PrintfFullNoMb --redirect _Scanf=_ScanfFullNoMb
#        --no_out_extension -o
#        C:\Users\papuz\OneDrive\Desktop\IMSI_Project\WorkSpace\Terminal1\Debug\Exe\Terminal1.out
#        --map
#        C:\Users\papuz\OneDrive\Desktop\IMSI_Project\WorkSpace\Terminal1\Debug\List\Terminal1.map
#        --config
#        C:/Users/papuz/IAR-CMSIS-Packs/AnalogDevices/ADuCM302x_DFP/3.2.0/\ARM\config\linker\AnalogDevices\ADuCM3029.icf
#        --entry __iar_program_start --vfe --text_out locale)
#
###############################################################################

*******************************************************************************
*** RUNTIME MODEL ATTRIBUTES
***

CppFlavor       = *
__CPP_Runtime   = 1
__SystemLibrary = DLib
__dlib_version  = 6


*******************************************************************************
*** HEAP SELECTION
***

The basic heap was selected because some modules are built with
size limitations (and not runtime checking), and --advanced_heap
was not specified.


*******************************************************************************
*** PLACEMENT SUMMARY
***

"A3":  place at address 0x180 { ro section .security_options };
define block CHECKSUM with size = 4, alignment = 4 { ro section .checksum };
"A4":  place at address 0x7fc { block CHECKSUM };
"A5":  place at start of [from 0x0 to 0x17f] { ro section .intvec };
"P2":  place in [from 0x800 to 0x3'ffff] { ro };
define block CSTACK with size = 1K, alignment = 8 { };
"A6":  place at end of [from 0x2000'0000 to 0x2000'1fff] { block CSTACK };
define block HEAP with size = 512, alignment = 8 { };
"P3":  place in [from 0x2000'0000 to 0x2000'1fff] { rw, block HEAP };
initialize by copy { rw };

No sections matched the following patterns:

  ro section .checksum                 in block CHECKSUM
  ro section CRC_ReadProtectedKeyHash  in "A1"
  ro section NumCRCPages               in "A2"
  ro section Page0_region              in "P1"
  ro section ReadProtectedKeyHash      in "A0"
  rw section bank1_retained_ram        in "P5"
  rw section never_retained_ram        in "P6"
  section ISRAM_REGION                 in "P4"


  Section            Kind         Address    Size  Object
  -------            ----         -------    ----  ------
"A5":                                       0x140
  .intvec            ro code          0x0   0x140  startup_ADuCM3029.o [4]
                                  - 0x140   0x140

"A3":                                        0x20
  .security_options  const          0x180    0x20  system_ADuCM3029.o [4]
                                  - 0x1a0    0x20

"A4":                                         0x4
  CHECKSUM                          0x7fc     0x4  <Block>
    CHECKSUM         uninit         0x7fc     0x4  <Block tail>
                                  - 0x800     0x4

"P2":                                      0x3e38
  .text              ro code        0x800   0xf12  xprintffull_nomb.o [10]
  .text              ro code       0x1712    0x2a  copy_init3.o [12]
  .text              ro code       0x173c    0x16  strchr.o [12]
  .text              ro code       0x1752     0xa  xsprout.o [10]
  .text              ro code       0x175c    0x40  xfail_s.o [10]
  .text              ro code       0x179c    0x36  strlen.o [12]
  .rodata            const         0x17d2     0x1  Cli.o [2]
  .text              ro code       0x17d4    0x58  memchr.o [12]
  .text              ro code       0x182c    0xa6  ABImemcpy.o [12]
  .text              ro code       0x18d4    0x70  frexp.o [11]
  .text              ro code       0x1944    0x34  DblCmpLe.o [11]
  .text              ro code       0x1978    0x34  DblCmpGe.o [11]
  .text              ro code       0x19ac   0x13a  ldexp.o [11]
  .text              ro code       0x1ae8    0x36  DblToS32.o [11]
  .text              ro code       0x1b20    0x22  S32ToDbl.o [11]
  .text              ro code       0x1b44   0x24e  DblAddSub.o [11]
  .text              ro code       0x1d94   0x246  DblDiv.o [11]
  .text              ro code       0x1fdc    0x22  DblToU32.o [11]
  .text              ro code       0x2000    0x1c  U32ToDbl.o [11]
  .text              ro code       0x201c   0x1aa  DblMul.o [11]
  .text              ro code       0x21c8   0x230  I64DivMod.o [12]
  .text              ro code       0x23f8     0x6  abort.o [10]
  .text              ro code       0x2400     0x2  I64DivZer.o [12]
  .text              ro code       0x2404     0xc  XXexit.o [12]
  .text              ro code       0x2410   0x9a4  adi_uart.o [7]
  .text              ro code       0x2db4    0x66  ABImemset.o [12]
  .text              ro code       0x2e1c   0x168  adi_dma.o [5]
  .text              ro code       0x2f84   0x35c  adi_pwr.o [6]
  .text              ro code       0x32e0    0xf8  system_ADuCM3029.o [4]
  .text              ro code       0x33d8   0x598  Cli.o [2]
  .text              ro code       0x3970   0x16c  Communication.o [2]
  .text              ro code       0x3adc    0x96  iar_Stolx.o [10]
  .text              ro code       0x3b74   0x134  ad5940.o [1]
  .text              ro code       0x3ca8    0x28  strncmp.o [10]
  .text              ro code       0x3cd0    0x34  vsprintf.o [10]
  .text              ro code       0x3d04   0x144  iar_Stoulx.o [10]
  .text              ro code       0x3e48    0x94  ADICUP3029Port.o [1]
  .text              ro code       0x3edc    0x9c  Timer.o [2]
  Initializer bytes  const         0x3f78    0x5c  <for P3-1>
  .rodata            const         0x3fd4    0x50  iar_Stoulx.o [10]
  .rodata            const         0x4024    0x48  Cli.o [2]
  .rodata            const         0x406c    0x44  Cli.o [2]
  .rodata            const         0x40b0    0x40  Cli.o [2]
  .rodata            const         0x40f0    0x3c  Cli.o [2]
  .rodata            const         0x412c    0x3c  Cli.o [2]
  .rodata            const         0x4168    0x38  Cli.o [2]
  .rodata            const         0x41a0    0x38  Cli.o [2]
  .text              ro code       0x41d8    0x38  zero_init3.o [12]
  .rodata            const         0x4210    0x34  Cli.o [2]
  .rodata            const         0x4244    0x30  Cli.o [2]
  .rodata            const         0x4274    0x30  Cli.o [2]
  .rodata            const         0x42a4    0x2c  Cli.o [2]
  .text              ro code       0x42d0    0x2c  pinmux_config.o [9]
  .text              ro code       0x42fc    0x28  data_init.o [12]
  .iar.init_table    const         0x4324    0x24  - Linker created -
  .text              ro code       0x4348    0x20  ADuCM3029_demo_cli.o [2]
  .text              ro code       0x4368     0xe  adi_initialize.o [9]
  .text              ro code       0x4378    0x20  startup_ADuCM3029.o [4]
  .text              ro code       0x4398    0x1e  cmain.o [12]
  .text              ro code       0x43b6     0x4  low_level_init.o [10]
  .text              ro code       0x43ba     0x4  exit.o [10]
  .text              ro code       0x43c0     0xa  cexit.o [12]
  .rodata            const         0x43cc    0x1c  Cli.o [2]
  .rodata            const         0x43e8    0x1c  Cli.o [2]
  .rodata            const         0x4404    0x1c  Cli.o [2]
  .text              ro code       0x4420    0x1c  cstartup_M.o [12]
  .rodata            const         0x443c    0x18  Cli.o [2]
  .rodata            const         0x4454    0x18  Cli.o [2]
  .rodata            const         0x446c    0x18  Cli.o [2]
  .rodata            const         0x4484    0x14  Cli.o [2]
  .rodata            const         0x4498    0x14  Communication.o [2]
  .rodata            const         0x44ac    0x14  Communication.o [2]
  .rodata            const         0x44c0    0x10  adi_uart.o [7]
  .rodata            const         0x44d0    0x10  Cli.o [2]
  .rodata            const         0x44e0     0xc  Cli.o [2]
  .rodata            const         0x44ec     0xc  Cli.o [2]
  .rodata            const         0x44f8     0xc  Communication.o [2]
  .rodata            const         0x4504     0xc  Communication.o [2]
  .rodata            const         0x4510     0x8  Cli.o [2]
  .rodata            const         0x4518     0x8  Cli.o [2]
  .rodata            const         0x4520     0x8  Cli.o [2]
  .rodata            const         0x4528     0x8  Cli.o [2]
  .rodata            const         0x4530     0x8  Cli.o [2]
  .rodata            const         0x4538     0x8  Cli.o [2]
  .rodata            const         0x4540     0x8  Cli.o [2]
  .rodata            const         0x4548     0x8  Cli.o [2]
  .rodata            const         0x4550     0x4  adi_dma.o [5]
  .rodata            const         0x4554     0x4  adi_dma.o [5]
  .rodata            const         0x4558     0x4  adi_uart.o [7]
  .text              ro code       0x455c     0x4  startup_ADuCM3029.o [4]
  .text              ro code       0x4560     0x4  startup_ADuCM3029.o [4]
  .text              ro code       0x4564     0x4  startup_ADuCM3029.o [4]
  .text              ro code       0x4568     0x4  startup_ADuCM3029.o [4]
  .text              ro code       0x456c     0x4  startup_ADuCM3029.o [4]
  .text              ro code       0x4570     0x4  startup_ADuCM3029.o [4]
  .text              ro code       0x4574     0x4  startup_ADuCM3029.o [4]
  .text              ro code       0x4578     0x4  startup_ADuCM3029.o [4]
  .text              ro code       0x457c     0x4  startup_ADuCM3029.o [4]
  .text              ro code       0x4580     0x4  startup_ADuCM3029.o [4]
  .text              ro code       0x4584     0x4  startup_ADuCM3029.o [4]
  .text              ro code       0x4588     0x4  startup_ADuCM3029.o [4]
  .text              ro code       0x458c     0x4  startup_ADuCM3029.o [4]
  .text              ro code       0x4590     0x4  startup_ADuCM3029.o [4]
  .text              ro code       0x4594     0x4  startup_ADuCM3029.o [4]
  .text              ro code       0x4598     0x4  startup_ADuCM3029.o [4]
  .text              ro code       0x459c     0x4  startup_ADuCM3029.o [4]
  .text              ro code       0x45a0     0x4  startup_ADuCM3029.o [4]
  .text              ro code       0x45a4     0x4  startup_ADuCM3029.o [4]
  .text              ro code       0x45a8     0x4  startup_ADuCM3029.o [4]
  .text              ro code       0x45ac     0x4  startup_ADuCM3029.o [4]
  .text              ro code       0x45b0     0x4  startup_ADuCM3029.o [4]
  .text              ro code       0x45b4     0x4  startup_ADuCM3029.o [4]
  .text              ro code       0x45b8     0x4  startup_ADuCM3029.o [4]
  .text              ro code       0x45bc     0x4  startup_ADuCM3029.o [4]
  .text              ro code       0x45c0     0x4  startup_ADuCM3029.o [4]
  .text              ro code       0x45c4     0x4  startup_ADuCM3029.o [4]
  .text              ro code       0x45c8     0x4  startup_ADuCM3029.o [4]
  .text              ro code       0x45cc     0x4  startup_ADuCM3029.o [4]
  .text              ro code       0x45d0     0x4  startup_ADuCM3029.o [4]
  .text              ro code       0x45d4     0x4  startup_ADuCM3029.o [4]
  .text              ro code       0x45d8     0x4  startup_ADuCM3029.o [4]
  .text              ro code       0x45dc     0x4  startup_ADuCM3029.o [4]
  .text              ro code       0x45e0     0x4  startup_ADuCM3029.o [4]
  .text              ro code       0x45e4     0x4  startup_ADuCM3029.o [4]
  .text              ro code       0x45e8     0x4  startup_ADuCM3029.o [4]
  .text              ro code       0x45ec     0x4  startup_ADuCM3029.o [4]
  .text              ro code       0x45f0     0x4  startup_ADuCM3029.o [4]
  .text              ro code       0x45f4     0x4  startup_ADuCM3029.o [4]
  .text              ro code       0x45f8     0x4  startup_ADuCM3029.o [4]
  .text              ro code       0x45fc     0x4  startup_ADuCM3029.o [4]
  .text              ro code       0x4600     0x4  startup_ADuCM3029.o [4]
  .text              ro code       0x4604     0x4  startup_ADuCM3029.o [4]
  .text              ro code       0x4608     0x4  startup_ADuCM3029.o [4]
  .text              ro code       0x460c     0x4  startup_ADuCM3029.o [4]
  .text              ro code       0x4610     0x4  startup_ADuCM3029.o [4]
  .text              ro code       0x4614     0x4  startup_ADuCM3029.o [4]
  .text              ro code       0x4618     0x4  startup_ADuCM3029.o [4]
  .text              ro code       0x461c     0x4  startup_ADuCM3029.o [4]
  .text              ro code       0x4620     0x4  startup_ADuCM3029.o [4]
  .text              ro code       0x4624     0x4  startup_ADuCM3029.o [4]
  .text              ro code       0x4628     0x4  startup_ADuCM3029.o [4]
  .text              ro code       0x462c     0x4  startup_ADuCM3029.o [4]
  .text              ro code       0x4630     0x4  startup_ADuCM3029.o [4]
  .text              ro code       0x4634     0x4  startup_ADuCM3029.o [4]
  .rodata            const         0x4638     0x0  zero_init3.o [12]
  .rodata            const         0x4638     0x0  copy_init3.o [12]
                                 - 0x4638  0x3e38

"P3", part 1 of 2:                           0x5c
  P3-1                        0x2000'0000    0x5c  <Init block>
    .data            inited   0x2000'0000    0x10  adi_uart.o [7]
    .data            inited   0x2000'0010    0x20  Cli.o [2]
    .data            inited   0x2000'0030    0x20  Cli.o [2]
    .data            inited   0x2000'0050     0x4  Cli.o [2]
    .data            inited   0x2000'0054     0x4  Cli.o [2]
    .data            inited   0x2000'0058     0x2  Cli.o [2]
    .data            inited   0x2000'005a     0x2  Cli.o [2]
                            - 0x2000'005c    0x5c

"P3", part 2 of 2:                          0xe90
  .bss               zero     0x2000'0400   0x400  adi_dma.o [5]
  .bss               zero     0x2000'0800   0x400  Communication.o [2]
  .bss               zero     0x2000'0c00   0x100  Communication.o [2]
  .bss               zero     0x2000'0d00    0xe0  adi_dma.o [5]
  .bss               zero     0x2000'0de0    0xb0  Communication.o [2]
  .bss               zero     0x2000'0e90     0x4  adi_pwr.o [6]
  .bss               zero     0x2000'0e94     0x4  adi_pwr.o [6]
  .bss               zero     0x2000'0e98     0x4  adi_pwr.o [6]
  .bss               zero     0x2000'0e9c     0x4  ADICUP3029Port.o [1]
  .bss               zero     0x2000'0ea0     0x4  Cli.o [2]
  .bss               zero     0x2000'0ea4     0x4  Cli.o [2]
  .bss               zero     0x2000'0ea8     0x4  Cli.o [2]
  .bss               zero     0x2000'0eac     0x4  Cli.o [2]
  .bss               zero     0x2000'0eb0     0x4  Cli.o [2]
  .bss               zero     0x2000'0eb4     0x4  Communication.o [2]
  .bss               zero     0x2000'0eb8     0x4  Communication.o [2]
  .bss               zero     0x2000'0ebc     0x4  Communication.o [2]
  .bss               zero     0x2000'0ec0     0x4  Communication.o [2]
  .bss               zero     0x2000'0ec4     0x4  Communication.o [2]
  .bss               zero     0x2000'0ec8     0x4  Communication.o [2]
  .bss               zero     0x2000'0ecc     0x4  Communication.o [2]
  .bss               zero     0x2000'0ed0     0x4  system_ADuCM3029.o [4]
  .bss               zero     0x2000'0ed4     0x4  system_ADuCM3029.o [4]
  .bss               zero     0x2000'0ed8     0x4  system_ADuCM3029.o [4]
  .bss               zero     0x2000'0edc     0x4  Timer.o [2]
  .bss               zero     0x2000'0ee0     0x4  xfail_s.o [10]
  .bss               zero     0x2000'0ee4     0x2  Cli.o [2]
  .bss               zero     0x2000'0ee6     0x2  Cli.o [2]
  .bss               zero     0x2000'0ee8     0x2  Cli.o [2]
                            - 0x2000'0eea   0xe8e

"A6":                                       0x400
  CSTACK                      0x2000'1c00   0x400  <Block>
    CSTACK           uninit   0x2000'1c00   0x400  <Block tail>
                            - 0x2000'2000   0x400

Unused ranges:

         From           To      Size
         ----           --      ----
       0x4638     0x3'ffff  0x3'b9c8
  0x2000'0eec  0x2000'1bff     0xd14


*******************************************************************************
*** INIT TABLE
***

          Address      Size
          -------      ----
Zero (__iar_zero_init3)
    1 destination range, total size 0xaea:
          0x2000'0400  0xaea

Copy (__iar_copy_init3)
    1 source range, total size 0x5c:
               0x3f78   0x5c
    1 destination range, total size 0x5c:
          0x2000'0000   0x5c



*******************************************************************************
*** MODULE SUMMARY
***

    Module                ro code  ro data  rw data
    ------                -------  -------  -------
command line/config:
    -----------------------------------------------
    Total:

C:\Users\papuz\OneDrive\Desktop\IMSI_Project\WorkSpace\Terminal1\Debug\Obj\AD5940lib: [1]
    ADICUP3029Port.o          148                 4
    ad5940.o                  308
    -----------------------------------------------
    Total:                    456                 4

C:\Users\papuz\OneDrive\Desktop\IMSI_Project\WorkSpace\Terminal1\Debug\Obj\Application: [2]
    ADuCM3029_demo_cli.o       32
    Cli.o                   1'432      985      102
    Communication.o           364       64    1'484
    Timer.o                   156                 4
    -----------------------------------------------
    Total:                  1'984    1'049    1'590

C:\Users\papuz\OneDrive\Desktop\IMSI_Project\WorkSpace\Terminal1\Debug\Obj\CMSIS-Pack\Device Cycle Count: [3]
    -----------------------------------------------
    Total:

C:\Users\papuz\OneDrive\Desktop\IMSI_Project\WorkSpace\Terminal1\Debug\Obj\CMSIS-Pack\Device Startup: [4]
    startup_ADuCM3029.o       572
    system_ADuCM3029.o        248       32       12
    -----------------------------------------------
    Total:                    820       32       12

C:\Users\papuz\OneDrive\Desktop\IMSI_Project\WorkSpace\Terminal1\Debug\Obj\CMSIS-Pack\Device.Drivers DMA: [5]
    adi_dma.o                 360        8    1'248
    -----------------------------------------------
    Total:                    360        8    1'248

C:\Users\papuz\OneDrive\Desktop\IMSI_Project\WorkSpace\Terminal1\Debug\Obj\CMSIS-Pack\Device.Drivers Power: [6]
    adi_pwr.o                 860                12
    -----------------------------------------------
    Total:                    860                12

C:\Users\papuz\OneDrive\Desktop\IMSI_Project\WorkSpace\Terminal1\Debug\Obj\CMSIS-Pack\Device.Drivers UART: [7]
    adi_uart.o              2'468       36       16
    -----------------------------------------------
    Total:                  2'468       36       16

C:\Users\papuz\OneDrive\Desktop\IMSI_Project\WorkSpace\Terminal1\Debug\Obj\CMSIS-Pack\Device.Drivers WDT: [8]
    -----------------------------------------------
    Total:

C:\Users\papuz\OneDrive\Desktop\IMSI_Project\WorkSpace\Terminal1\Debug\Obj\Inizialize: [9]
    adi_initialize.o           14
    pinmux_config.o            44
    -----------------------------------------------
    Total:                     58

dl7M_tln.a: [10]
    abort.o                     6
    exit.o                      4
    iar_Stolx.o               150
    iar_Stoulx.o              324       80
    low_level_init.o            4
    strncmp.o                  40
    vsprintf.o                 52
    xfail_s.o                  64                 4
    xprintffull_nomb.o      3'858
    xsprout.o                  10
    -----------------------------------------------
    Total:                  4'512       80        4

m7M_tl.a: [11]
    DblAddSub.o               590
    DblCmpGe.o                 52
    DblCmpLe.o                 52
    DblDiv.o                  582
    DblMul.o                  426
    DblToS32.o                 54
    DblToU32.o                 34
    S32ToDbl.o                 34
    U32ToDbl.o                 28
    frexp.o                   112
    ldexp.o                   314
    -----------------------------------------------
    Total:                  2'278

rt7M_tl.a: [12]
    ABImemcpy.o               166
    ABImemset.o               102
    I64DivMod.o               560
    I64DivZer.o                 2
    XXexit.o                   12
    cexit.o                    10
    cmain.o                    30
    copy_init3.o               42
    cstartup_M.o               28
    data_init.o                40
    memchr.o                   88
    strchr.o                   22
    strlen.o                   54
    zero_init3.o               56
    -----------------------------------------------
    Total:                  1'212

    Gaps                       29        2      932
    Linker created                      36    1'028
---------------------------------------------------
    Grand Total:           15'037    1'243    4'846


*******************************************************************************
*** ENTRY LIST
***

Entry                       Address   Size  Type      Object
-----                       -------   ----  ----      ------
.iar.init_table$$Base        0x4324          --   Gb  - Linker created -
.iar.init_table$$Limit       0x4348          --   Gb  - Linker created -
?main                        0x4399         Code  Gb  cmain.o [12]
AD5940_CsClr                 0x3e99    0xa  Code  Gb  ADICUP3029Port.o [1]
AD5940_CsSet                 0x3ea3    0xa  Code  Gb  ADICUP3029Port.o [1]
AD5940_ReadWrite16B          0x3b8d   0x2c  Code  Lc  ad5940.o [1]
AD5940_ReadWrite32B          0x3bb9   0x3e  Code  Lc  ad5940.o [1]
AD5940_ReadWrite8B           0x3b75   0x18  Code  Lc  ad5940.o [1]
AD5940_ReadWriteNBytes       0x3e49   0x50  Code  Gb  ADICUP3029Port.o [1]
AD5940_SPIReadReg            0x3c41   0x54  Code  Lc  ad5940.o [1]
AD5940_SPIWriteReg           0x3bf7   0x4a  Code  Lc  ad5940.o [1]
Battery_Voltage_Int_Handler
                             0x3159   0x26  Code  Gb  adi_pwr.o [6]
CHECKSUM$$Base                0x7fc          --   Gb  - Linker created -
CHECKSUM$$Limit               0x800          --   Gb  - Linker created -
CSTACK$$Base            0x2000'1c00          --   Gb  - Linker created -
CSTACK$$Limit           0x2000'2000          --   Gb  - Linker created -
Cli_CmdDump                  0x345f   0xc8  Code  Gb  Cli.o [2]
Cli_CmdDump::begaddr    0x2000'0ea0    0x4  Data  Lc  Cli.o [2]
Cli_CmdDump::count      0x2000'0050    0x4  Data  Lc  Cli.o [2]
Cli_CmdDump::ix         0x2000'0ea4    0x4  Data  Lc  Cli.o [2]
Cli_CmdDumpAD5940            0x3639   0x50  Code  Gb  Cli.o [2]
Cli_CmdDumpAD5940::begaddr
                        0x2000'005a    0x2  Data  Lc  Cli.o [2]
Cli_CmdDumpAD5940::ix   0x2000'0ee8    0x2  Data  Lc  Cli.o [2]
Cli_CmdHelp                  0x3413   0x4c  Code  Gb  Cli.o [2]
Cli_CmdPush                  0x3527   0x8a  Code  Gb  Cli.o [2]
Cli_CmdPush::begaddr    0x2000'0054    0x4  Data  Lc  Cli.o [2]
Cli_CmdPush::data       0x2000'0ea8    0x4  Data  Lc  Cli.o [2]
Cli_CmdPush::ix         0x2000'0eac    0x4  Data  Lc  Cli.o [2]
Cli_CmdPushAD5940            0x35b1   0x84  Code  Gb  Cli.o [2]
Cli_CmdPushAD5940::begaddr
                        0x2000'0058    0x2  Data  Lc  Cli.o [2]
Cli_CmdPushAD5940::data
                        0x2000'0ee4    0x2  Data  Lc  Cli.o [2]
Cli_CmdPushAD5940::ix   0x2000'0ee6    0x2  Data  Lc  Cli.o [2]
Cli_CmdReset                 0x340b    0x8  Code  Gb  Cli.o [2]
Cli_CmdVersion               0x33f7   0x14  Code  Gb  Cli.o [2]
Cli_FindCommandFunction
                             0x3785   0x30  Code  Gb  Cli.o [2]
Cli_FindNextArgv             0x3689   0x20  Code  Gb  Cli.o [2]
Cli_GetArgv                  0x36a9   0x28  Code  Gb  Cli.o [2]
Cli_Int_Handler              0x37d1   0xe2  Code  Gb  Cli.o [2]
Cli_IsSeparator              0x36d1   0x1e  Code  Gb  Cli.o [2]
Cli_Printf                   0x37b5   0x1c  Code  Gb  Cli.o [2]
Cli_Process                  0x3741   0x44  Code  Gb  Cli.o [2]
Cli_Prompt                   0x36ef   0x4e  Code  Gb  Cli.o [2]
Cli_Prompt::count       0x2000'0eb0    0x4  Data  Lc  Cli.o [2]
Common_Uart_Interrupt_Handler
                             0x299f  0x1d6  Code  Lc  adi_uart.o [7]
Crystal_osc_Int_Handler
                             0x3105   0x54  Code  Gb  adi_pwr.o [6]
DMA_DevData             0x2000'0d00   0xe0  Data  Lc  adi_dma.o [5]
DMA_Err_Int_Handler          0x2ed9   0x7c  Code  Gb  adi_dma.o [5]
DMA_UART_RX_Int_Handler
                             0x2b85   0x10  Code  Gb  adi_uart.o [7]
DMA_UART_TX_Int_Handler
                             0x2b75   0x10  Code  Gb  adi_uart.o [7]
Ext_Int0_Handler             0x3ead    0xe  Code  Gb  ADICUP3029Port.o [1]
PLL_Int_Handler              0x30cd   0x38  Code  Gb  adi_pwr.o [6]
Region$$Table$$Base          0x4324          --   Gb  - Linker created -
Region$$Table$$Limit         0x4348          --   Gb  - Linker created -
RxDmaErrorCallback           0x2473   0x58  Code  Lc  adi_uart.o [7]
SPIReadReg                   0x3c95    0xa  Code  Gb  ad5940.o [1]
SPIWriteReg                  0x3c9f    0xa  Code  Gb  ad5940.o [1]
SysTick_Config               0x3f01   0x2e  Code  Lc  Timer.o [2]
SysTick_Handler              0x3f71    0x8  Code  Gb  Timer.o [2]
SystemCoreClock         0x2000'0ed8    0x4  Data  Gb  system_ADuCM3029.o [4]
SystemCoreClockUpdate        0x32e1   0x76  Code  Gb  system_ADuCM3029.o [4]
SystemInit                   0x3357   0x2c  Code  Gb  system_ADuCM3029.o [4]
TxDmaErrorCallback           0x24cb   0x58  Code  Lc  adi_uart.o [7]
UART_Init                    0x3971   0xc8  Code  Gb  Communication.o [2]
UART_Int_Handler             0x2991    0xe  Code  Gb  adi_uart.o [7]
UART_ReadChar                0x3aad   0x18  Code  Gb  Communication.o [2]
UART_WriteChar               0x3a39   0x52  Code  Gb  Communication.o [2]
UART_WriteString             0x3a8b   0x22  Code  Gb  Communication.o [2]
Vreg_over_Int_Handler        0x317f   0x3a  Code  Gb  adi_pwr.o [6]
_LitobFullNoMb               0x1519  0x10c  Code  Lc  xprintffull_nomb.o [10]
_PrintfFullNoMb               0x801  0xce8  Code  Gb  xprintffull_nomb.o [10]
_PutcharFullNoMb             0x167d   0x20  Code  Lc  xprintffull_nomb.o [10]
_PutcharsFullNoMb            0x169d   0x2e  Code  Lc  xprintffull_nomb.o [10]
_SProut                      0x1753    0xa  Code  Gb  xsprout.o [10]
__NVIC_ClearPendingIRQ       0x2455   0x1e  Code  Lc  adi_uart.o [7]
__NVIC_DisableIRQ            0x242f   0x26  Code  Lc  adi_uart.o [7]
__NVIC_EnableIRQ             0x2e1d   0x1c  Code  Lc  adi_dma.o [5]
__NVIC_EnableIRQ             0x2f85   0x1e  Code  Lc  adi_pwr.o [6]
__NVIC_EnableIRQ             0x2411   0x1e  Code  Lc  adi_uart.o [7]
__NVIC_SetPriority           0x3edd   0x24  Code  Lc  Timer.o [2]
__NVIC_SystemReset           0x33d9   0x1e  Code  Lc  Cli.o [2]
__Vectors                       0x0          --   Gb  startup_ADuCM3029.o [4]
__Vectors_End                 0x140         Data  Gb  startup_ADuCM3029.o [4]
__Vectors_Size {Abs}          0x140          --   Gb  startup_ADuCM3029.o [4]
__aeabi_cdcmple              0x1945         Code  Gb  DblCmpLe.o [11]
__aeabi_cdrcmple             0x1979         Code  Gb  DblCmpGe.o [11]
__aeabi_d2iz                 0x1ae9         Code  Gb  DblToS32.o [11]
__aeabi_d2uiz                0x1fdd         Code  Gb  DblToU32.o [11]
__aeabi_ddiv                 0x1d95         Code  Gb  DblDiv.o [11]
__aeabi_dmul                 0x201d         Code  Gb  DblMul.o [11]
__aeabi_dsub                 0x1cb1         Code  Gb  DblAddSub.o [11]
__aeabi_i2d                  0x1b21         Code  Gb  S32ToDbl.o [11]
__aeabi_ldiv0                0x2401         Code  Gb  I64DivZer.o [12]
__aeabi_memcpy               0x182d         Code  Gb  ABImemcpy.o [12]
__aeabi_memcpy4              0x184d         Code  Gb  ABImemcpy.o [12]
__aeabi_memcpy8              0x184d         Code  Gb  ABImemcpy.o [12]
__aeabi_memset               0x2db5         Code  Gb  ABImemset.o [12]
__aeabi_ui2d                 0x2001         Code  Gb  U32ToDbl.o [11]
__aeabi_uldivmod             0x21c9         Code  Gb  I64DivMod.o [12]
__cmain                      0x4399         Code  Gb  cmain.o [12]
__exit                       0x2405         Code  Gb  XXexit.o [12]
__iar_Fail_s                 0x175d   0x1c  Code  Gb  xfail_s.o [10]
__iar_Memchr                 0x17d5         Code  Gb  memchr.o [12]
__iar_Memset                 0x2db5         Code  Gb  ABImemset.o [12]
__iar_Memset_word            0x2dbd         Code  Gb  ABImemset.o [12]
__iar_Stolx                  0x3add   0x92  Code  Gb  iar_Stolx.o [10]
__iar_Stoulx                 0x3d05  0x13e  Code  Gb  iar_Stoulx.o [10]
__iar_Strchr                 0x173d         Code  Gb  strchr.o [12]
__iar_copy_init3             0x1713   0x2a  Code  Gb  copy_init3.o [12]
__iar_data_init3             0x42fd   0x28  Code  Gb  data_init.o [12]
__iar_frexp                  0x18e1         Code  Gb  frexp.o [11]
__iar_frexp64                0x18d5         Code  Gb  frexp.o [11]
__iar_frexpl                 0x18e1         Code  Gb  frexp.o [11]
__iar_ldexp64                0x19ad         Code  Gb  ldexp.o [11]
__iar_program_start          0x4421         Code  Gb  cstartup_M.o [12]
__iar_scalbln64              0x19ad         Code  Gb  ldexp.o [11]
__iar_scalbn64               0x19ad         Code  Gb  ldexp.o [11]
__iar_zero_init3             0x41d9   0x38  Code  Gb  zero_init3.o [12]
__low_level_init             0x43b7    0x4  Code  Gb  low_level_init.o [10]
__vector_table                  0x0         Data  Gb  startup_ADuCM3029.o [4]
__vector_table_0x1c            0x1c         Data  Gb  startup_ADuCM3029.o [4]
_call_main                   0x43a5         Code  Gb  cmain.o [12]
_exit                        0x43c1         Code  Gb  cexit.o [12]
abort                        0x23f9    0x6  Code  Gb  abort.o [10]
adi_dma_Init                 0x2e39   0x58  Code  Gb  adi_dma.o [5]
adi_dma_RegisterCallback
                             0x2e91   0x48  Code  Gb  adi_dma.o [5]
adi_initComponents           0x4369    0xe  Code  Gb  adi_initialize.o [9]
adi_initpinmux               0x42d1   0x2c  Code  Gb  pinmux_config.o [9]
adi_pwr_EnterLowPowerMode
                             0x31b9   0xae  Code  Gb  adi_pwr.o [6]
adi_pwr_ExitLowPowerMode
                             0x3267   0x2a  Code  Gb  adi_pwr.o [6]
adi_pwr_GetClockFrequency
                             0x303d   0x44  Code  Gb  adi_pwr.o [6]
adi_pwr_Init                 0x2fa3   0x9a  Code  Gb  adi_pwr.o [6]
adi_pwr_SetClockDivider
                             0x3081   0x4c  Code  Gb  adi_pwr.o [6]
adi_system_EnableRetention
                             0x3383   0x28  Code  Gb  system_ADuCM3029.o [4]
adi_uart_Close               0x267b   0x3a  Code  Gb  adi_uart.o [7]
adi_uart_ConfigBaudRate
                             0x296f   0x22  Code  Gb  adi_uart.o [7]
adi_uart_IsTxBufferAvailable
                             0x292d   0x20  Code  Gb  adi_uart.o [7]
adi_uart_Open                0x2523  0x158  Code  Gb  adi_uart.o [7]
adi_uart_Read                0x288d   0x52  Code  Gb  adi_uart.o [7]
adi_uart_SetConfiguration
                             0x294d   0x22  Code  Gb  adi_uart.o [7]
adi_uart_SubmitTxBuffer
                             0x26b5   0x4e  Code  Gb  adi_uart.o [7]
adi_uart_Write               0x283b   0x52  Code  Gb  adi_uart.o [7]
baudrate_divc_26mhz          0x4498   0x14  Data  Gb  Communication.o [2]
baudrate_divm_26mhz          0x4504    0xc  Data  Gb  Communication.o [2]
baudrate_divn_26mhz          0x44ac   0x14  Data  Gb  Communication.o [2]
baudrate_osr_26mhz           0x44f8    0xc  Data  Gb  Communication.o [2]
digits                       0x3ffc   0x28  Data  Lc  iar_Stoulx.o [10]
exit                         0x43bb    0x4  Code  Gb  exit.o [10]
frexp                        0x18d5         Code  Gb  frexp.o [11]
frexpl                       0x18d5         Code  Gb  frexp.o [11]
gChannelControlDataArray
                        0x2000'0400  0x400  Data  Lc  adi_dma.o [5]
gUARTCfg                     0x44c0   0x10  Data  Lc  adi_uart.o [7]
gnLowPowerIntOccFlag    0x2000'0e98    0x4  Data  Lc  adi_pwr.o [6]
gpPowcbParam            0x2000'0e94    0x4  Data  Lc  adi_pwr.o [6]
gpfCallbackFunction     0x2000'0e90    0x4  Data  Lc  adi_pwr.o [6]
gpioClock               0x2000'0ed4    0x4  Data  Gb  system_ADuCM3029.o [4]
hfClock                 0x2000'0ed0    0x4  Data  Gb  system_ADuCM3029.o [4]
kwnUrtMonCmd            0x2000'0010   0x20  Data  Gb  Cli.o [2]
ldexp                        0x19ad         Code  Gb  ldexp.o [11]
ldexpl                       0x19ad         Code  Gb  ldexp.o [11]
main                         0x4349   0x20  Code  Gb  ADuCM3029_demo_cli.o [2]
memchr                       0x17d5         Code  Gb  memchr.o [12]
ndigs                        0x3fd4   0x28  Data  Lc  iar_Stoulx.o [10]
pDMA_DevData                 0x4554    0x4  Data  Lc  adi_dma.o [5]
pPrimaryCCD                  0x4550    0x4  Data  Gb  adi_dma.o [5]
p_device_handler        0x2000'0eb4    0x4  Data  Gb  Communication.o [2]
sFifoTriggers                0x4558    0x4  Data  Lc  adi_uart.o [7]
scalbln                      0x19ad         Code  Gb  ldexp.o [11]
scalblnl                     0x19ad         Code  Gb  ldexp.o [11]
scalbn                       0x19ad         Code  Gb  ldexp.o [11]
scalbnl                      0x19ad         Code  Gb  ldexp.o [11]
scale                        0x1625   0x46  Code  Lc  xprintffull_nomb.o [10]
sec_hand                0x2000'0ee0    0x4  Data  Lc  xfail_s.o [10]
strchr                       0x173d         Code  Gb  strchr.o [12]
strlen                       0x179d         Code  Gb  strlen.o [12]
strncmp                      0x3ca9   0x28  Code  Gb  strncmp.o [10]
strtol                       0x3b6f    0x4  Code  Gb  iar_Stolx.o [10]
timer_delayCount        0x2000'0edc    0x4  Data  Gb  Timer.o [2]
timer_start                  0x3f2f   0x14  Code  Gb  Timer.o [2]
timer_tick                   0x3f43   0x10  Code  Gb  Timer.o [2]
uart_ManageProcessedBuffer
                             0x2c5b   0xe4  Code  Lc  adi_uart.o [7]
uart_PendForBuffer           0x28df   0x4e  Code  Lc  adi_uart.o [7]
uart_RxDataHandler           0x2b95   0x76  Code  Lc  adi_uart.o [7]
uart_TxDataHandler           0x2c0b   0x50  Code  Lc  adi_uart.o [7]
uart_buffer             0x2000'0de0   0xb0  Data  Gb  Communication.o [2]
uart_cmd                0x2000'0ec4    0x4  Data  Gb  Communication.o [2]
uart_ctrlc              0x2000'0ec8    0x4  Data  Gb  Communication.o [2]
uart_device_info        0x2000'0000   0x10  Data  Lc  adi_uart.o [7]
uart_init                    0x2d3f   0x34  Code  Lc  adi_uart.o [7]
uart_rcnt               0x2000'0eb8    0x4  Data  Gb  Communication.o [2]
uart_rx_buffer          0x2000'0c00  0x100  Data  Gb  Communication.o [2]
uart_submitrxbuffer          0x27a1   0x9a  Code  Lc  adi_uart.o [7]
uart_submittxbuffer          0x2705   0x9a  Code  Lc  adi_uart.o [7]
uart_tbusy              0x2000'0ecc    0x4  Data  Gb  Communication.o [2]
uart_tcnt               0x2000'0ec0    0x4  Data  Gb  Communication.o [2]
uart_tpos               0x2000'0ebc    0x4  Data  Gb  Communication.o [2]
uart_tx_buffer          0x2000'0800  0x400  Data  Gb  Communication.o [2]
ucInterrupted           0x2000'0e9c    0x4  Data  Lc  ADICUP3029Port.o [1]
urtMonCmdFun            0x2000'0030   0x20  Data  Gb  Cli.o [2]
vsprintf                     0x3cd1   0x34  Code  Gb  vsprintf.o [10]


[1] = C:\Users\papuz\OneDrive\Desktop\IMSI_Project\WorkSpace\Terminal1\Debug\Obj\AD5940lib
[2] = C:\Users\papuz\OneDrive\Desktop\IMSI_Project\WorkSpace\Terminal1\Debug\Obj\Application
[3] = C:\Users\papuz\OneDrive\Desktop\IMSI_Project\WorkSpace\Terminal1\Debug\Obj\CMSIS-Pack\Device Cycle Count
[4] = C:\Users\papuz\OneDrive\Desktop\IMSI_Project\WorkSpace\Terminal1\Debug\Obj\CMSIS-Pack\Device Startup
[5] = C:\Users\papuz\OneDrive\Desktop\IMSI_Project\WorkSpace\Terminal1\Debug\Obj\CMSIS-Pack\Device.Drivers DMA
[6] = C:\Users\papuz\OneDrive\Desktop\IMSI_Project\WorkSpace\Terminal1\Debug\Obj\CMSIS-Pack\Device.Drivers Power
[7] = C:\Users\papuz\OneDrive\Desktop\IMSI_Project\WorkSpace\Terminal1\Debug\Obj\CMSIS-Pack\Device.Drivers UART
[8] = C:\Users\papuz\OneDrive\Desktop\IMSI_Project\WorkSpace\Terminal1\Debug\Obj\CMSIS-Pack\Device.Drivers WDT
[9] = C:\Users\papuz\OneDrive\Desktop\IMSI_Project\WorkSpace\Terminal1\Debug\Obj\Inizialize
[10] = dl7M_tln.a
[11] = m7M_tl.a
[12] = rt7M_tl.a

  15'037 bytes of readonly  code memory
   1'243 bytes of readonly  data memory
   4'846 bytes of readwrite data memory

Errors: none
Warnings: none
