###############################################################################
#
# IAR ELF Linker V9.20.4.327/W64 for ARM                  04/Apr/2022  23:42:46
# Copyright 2007-2022 IAR Systems AB.
#
#    Output file  =
#        C:\Users\papuz\OneDrive\Desktop\IMSI_Project\WorkSpace\Terminal2\Debug\Exe\Terminal2.out
#    Map file     =
#        C:\Users\papuz\OneDrive\Desktop\IMSI_Project\WorkSpace\Terminal2\Debug\List\Terminal2.map
#    Command line =
#        -f
#        C:\Users\papuz\OneDrive\Desktop\IMSI_Project\WorkSpace\Terminal2\Debug\Exe\Terminal2.out.rsp
#        (C:\Users\papuz\OneDrive\Desktop\IMSI_Project\WorkSpace\Terminal2\Debug\Obj\AD5940lib\ad5940.o
#        C:\Users\papuz\OneDrive\Desktop\IMSI_Project\WorkSpace\Terminal2\Debug\Obj\Application\AD5940Main.o
#        "C:\Users\papuz\OneDrive\Desktop\IMSI_Project\WorkSpace\Terminal2\Debug\Obj\CMSIS-Pack\Device
#        Cycle Count\adi_cyclecount.o"
#        C:\Users\papuz\OneDrive\Desktop\IMSI_Project\WorkSpace\Terminal2\Debug\Obj\AD5940lib\ADICUP3029Port.o
#        C:\Users\papuz\OneDrive\Desktop\IMSI_Project\WorkSpace\Terminal2\Debug\Obj\Application\main.o
#        "C:\Users\papuz\OneDrive\Desktop\IMSI_Project\WorkSpace\Terminal2\Debug\Obj\CMSIS-Pack\Device
#        Startup\startup_ADuCM3029.o"
#        "C:\Users\papuz\OneDrive\Desktop\IMSI_Project\WorkSpace\Terminal2\Debug\Obj\CMSIS-Pack\Device
#        Startup\system_ADuCM3029.o"
#        C:\Users\papuz\OneDrive\Desktop\IMSI_Project\WorkSpace\Terminal2\Debug\Obj\Application\UARTCmd.o
#        --redirect _Printf=_PrintfFullNoMb --redirect _Scanf=_ScanfFullNoMb
#        --no_out_extension -o
#        C:\Users\papuz\OneDrive\Desktop\IMSI_Project\WorkSpace\Terminal2\Debug\Exe\Terminal2.out
#        --map
#        C:\Users\papuz\OneDrive\Desktop\IMSI_Project\WorkSpace\Terminal2\Debug\List\Terminal2.map
#        --config
#        C:/Users/papuz/IAR-CMSIS-Packs/AnalogDevices/ADuCM302x_DFP/3.2.0/\ARM\config\linker\AnalogDevices\ADuCM3029.icf
#        --entry __iar_program_start --vfe --text_out locale)
#
###############################################################################

*******************************************************************************
*** RUNTIME MODEL ATTRIBUTES
***

CppFlavor       = *
__CPP_Runtime   = 1
__SystemLibrary = DLib
__dlib_version  = 6


*******************************************************************************
*** HEAP SELECTION
***

The basic heap was selected because some modules are built with
size limitations (and not runtime checking), and --advanced_heap
was not specified.


*******************************************************************************
*** PLACEMENT SUMMARY
***

"A3":  place at address 0x180 { ro section .security_options };
define block CHECKSUM with size = 4, alignment = 4 { ro section .checksum };
"A4":  place at address 0x7fc { block CHECKSUM };
"A5":  place at start of [from 0x0 to 0x17f] { ro section .intvec };
"P2":  place in [from 0x800 to 0x3'ffff] { ro };
define block CSTACK with size = 1K, alignment = 8 { };
"A6":  place at end of [from 0x2000'0000 to 0x2000'1fff] { block CSTACK };
define block HEAP with size = 512, alignment = 8 { };
"P3":  place in [from 0x2000'0000 to 0x2000'1fff] { rw, block HEAP };
initialize by copy { rw };

No sections matched the following patterns:

  ro section .checksum                 in block CHECKSUM
  ro section CRC_ReadProtectedKeyHash  in "A1"
  ro section NumCRCPages               in "A2"
  ro section Page0_region              in "P1"
  ro section ReadProtectedKeyHash      in "A0"
  rw section bank1_retained_ram        in "P5"
  rw section never_retained_ram        in "P6"
  section ISRAM_REGION                 in "P4"


  Section            Kind         Address    Size  Object
  -------            ----         -------    ----  ------
"A5":                                       0x140
  .intvec            ro code          0x0   0x140  startup_ADuCM3029.o [4]
                                  - 0x140   0x140

"A3":                                        0x20
  .security_options  const          0x180    0x20  system_ADuCM3029.o [4]
                                  - 0x1a0    0x20

"A4":                                         0x4
  CHECKSUM                          0x7fc     0x4  <Block>
    CHECKSUM         uninit         0x7fc     0x4  <Block tail>
                                  - 0x800     0x4

"P2":                                      0x3da0
  .text              ro code        0x800   0xf12  xprintffull_nomb.o [5]
  .text              ro code       0x1712    0x2a  copy_init3.o [7]
  .text              ro code       0x173c    0x16  strchr.o [7]
  .text              ro code       0x1754    0x40  xfail_s.o [5]
  .text              ro code       0x1794    0x36  strlen.o [7]
  .text              ro code       0x17cc    0x58  memchr.o [7]
  .text              ro code       0x1824    0xa6  ABImemcpy.o [7]
  .text              ro code       0x18cc    0x70  frexp.o [6]
  .text              ro code       0x193c    0x34  DblCmpLe.o [6]
  .text              ro code       0x1970    0x34  DblCmpGe.o [6]
  .text              ro code       0x19a4   0x13a  ldexp.o [6]
  .text              ro code       0x1ae0    0x36  DblToS32.o [6]
  .text              ro code       0x1b18    0x22  S32ToDbl.o [6]
  .text              ro code       0x1b3c   0x24e  DblAddSub.o [6]
  .text              ro code       0x1d8c   0x246  DblDiv.o [6]
  .text              ro code       0x1fd4    0x22  DblToU32.o [6]
  .text              ro code       0x1ff8    0x1c  U32ToDbl.o [6]
  .text              ro code       0x2014   0x1aa  DblMul.o [6]
  .text              ro code       0x21c0   0x230  I64DivMod.o [7]
  .text              ro code       0x23f0     0x6  abort.o [5]
  .text              ro code       0x23f8     0x2  I64DivZer.o [7]
  .text              ro code       0x23fc     0xc  XXexit.o [7]
  .text              ro code       0x2408   0xbf4  ad5940.o [1]
  .text              ro code       0x2ffc   0x1c8  ADICUP3029Port.o [1]
  .text              ro code       0x31c4    0x28  FltCmpLe.o [6]
  .text              ro code       0x31ec    0xd8  FltMul.o [6]
  .text              ro code       0x32c4   0x162  FltAddSub.o [6]
  .text              ro code       0x3428    0x18  FltToU32.o [6]
  .text              ro code       0x3440    0x1a  U32ToFlt.o [6]
  .text              ro code       0x345c   0x118  FltDiv.o [6]
  .text              ro code       0x3574   0x388  UARTCmd.o [2]
  .text              ro code       0x38fc    0x28  printf.o [5]
  .text              ro code       0x3924    0x12  strcmp.o [7]
  .text              ro code       0x3936    0x96  iar_Stolx.o [5]
  .text              ro code       0x39cc   0x144  iar_Stoulx.o [5]
  .text              ro code       0x3b10   0x26c  main.o [2]
  .text              ro code       0x3d7c   0x11c  AD5940Main.o [2]
  .rodata            const         0x3e98    0x70  ad5940.o [1]
  .text              ro code       0x3f08    0x6c  system_ADuCM3029.o [4]
  Initializer bytes  const         0x3f74    0x60  <for P3-1>
  .rodata            const         0x3fd4    0x50  iar_Stoulx.o [5]
  .rodata            const         0x4024    0x44  UARTCmd.o [2]
  .rodata            const         0x4068    0x38  UARTCmd.o [2]
  .text              ro code       0x40a0    0x38  zero_init3.o [7]
  .rodata            const         0x40d8    0x34  UARTCmd.o [2]
  .rodata            const         0x410c    0x30  AD5940Main.o [2]
  .rodata            const         0x413c    0x30  AD5940Main.o [2]
  .rodata            const         0x416c    0x2c  UARTCmd.o [2]
  .rodata            const         0x4198    0x28  main.o [2]
  .rodata            const         0x41c0    0x28  UARTCmd.o [2]
  .text              ro code       0x41e8    0x28  data_init.o [7]
  .rodata            const         0x4210    0x24  UARTCmd.o [2]
  .rodata            const         0x4234    0x24  UARTCmd.o [2]
  .rodata            const         0x4258    0x24  UARTCmd.o [2]
  .iar.init_table    const         0x427c    0x24  - Linker created -
  .rodata            const         0x42a0    0x20  UARTCmd.o [2]
  .text              ro code       0x42c0    0x20  startup_ADuCM3029.o [4]
  .text              ro code       0x42e0    0x1e  cmain.o [7]
  .text              ro code       0x42fe     0x4  low_level_init.o [5]
  .text              ro code       0x4302     0x4  exit.o [5]
  .text              ro code       0x4308     0xa  cexit.o [7]
  .rodata            const         0x4314    0x1c  UARTCmd.o [2]
  .rodata            const         0x4330    0x1c  UARTCmd.o [2]
  .rodata            const         0x434c    0x1c  UARTCmd.o [2]
  .rodata            const         0x4368    0x1c  UARTCmd.o [2]
  .rodata            const         0x4384    0x1c  UARTCmd.o [2]
  .text              ro code       0x43a0    0x1c  cstartup_M.o [7]
  .rodata            const         0x43bc    0x18  UARTCmd.o [2]
  .text              ro code       0x43d4    0x16  xprout.o [5]
  .rodata            const         0x43ec    0x14  UARTCmd.o [2]
  .rodata            const         0x4400    0x10  UARTCmd.o [2]
  .rodata            const         0x4410     0xc  main.o [2]
  .rodata            const         0x441c     0xc  UARTCmd.o [2]
  .rodata            const         0x4428     0xc  UARTCmd.o [2]
  .rodata            const         0x4434     0xc  UARTCmd.o [2]
  .rodata            const         0x4440     0xc  UARTCmd.o [2]
  .rodata            const         0x444c     0x8  ad5940.o [1]
  .rodata            const         0x4454     0x8  UARTCmd.o [2]
  .rodata            const         0x445c     0x8  UARTCmd.o [2]
  .rodata            const         0x4464     0x8  UARTCmd.o [2]
  .rodata            const         0x446c     0x8  UARTCmd.o [2]
  .rodata            const         0x4474     0x8  UARTCmd.o [2]
  .rodata            const         0x447c     0x8  UARTCmd.o [2]
  .rodata            const         0x4484     0x8  UARTCmd.o [2]
  .rodata            const         0x448c     0x8  UARTCmd.o [2]
  .rodata            const         0x4494     0x8  UARTCmd.o [2]
  .rodata            const         0x449c     0x4  ad5940.o [1]
  .rodata            const         0x44a0     0x4  ad5940.o [1]
  .text              ro code       0x44a4     0x4  startup_ADuCM3029.o [4]
  .text              ro code       0x44a8     0x4  startup_ADuCM3029.o [4]
  .text              ro code       0x44ac     0x4  startup_ADuCM3029.o [4]
  .text              ro code       0x44b0     0x4  startup_ADuCM3029.o [4]
  .text              ro code       0x44b4     0x4  startup_ADuCM3029.o [4]
  .text              ro code       0x44b8     0x4  startup_ADuCM3029.o [4]
  .text              ro code       0x44bc     0x4  startup_ADuCM3029.o [4]
  .text              ro code       0x44c0     0x4  startup_ADuCM3029.o [4]
  .text              ro code       0x44c4     0x4  startup_ADuCM3029.o [4]
  .text              ro code       0x44c8     0x4  startup_ADuCM3029.o [4]
  .text              ro code       0x44cc     0x4  startup_ADuCM3029.o [4]
  .text              ro code       0x44d0     0x4  startup_ADuCM3029.o [4]
  .text              ro code       0x44d4     0x4  startup_ADuCM3029.o [4]
  .text              ro code       0x44d8     0x4  startup_ADuCM3029.o [4]
  .text              ro code       0x44dc     0x4  startup_ADuCM3029.o [4]
  .text              ro code       0x44e0     0x4  startup_ADuCM3029.o [4]
  .text              ro code       0x44e4     0x4  startup_ADuCM3029.o [4]
  .text              ro code       0x44e8     0x4  startup_ADuCM3029.o [4]
  .text              ro code       0x44ec     0x4  startup_ADuCM3029.o [4]
  .text              ro code       0x44f0     0x4  startup_ADuCM3029.o [4]
  .text              ro code       0x44f4     0x4  startup_ADuCM3029.o [4]
  .text              ro code       0x44f8     0x4  startup_ADuCM3029.o [4]
  .text              ro code       0x44fc     0x4  startup_ADuCM3029.o [4]
  .text              ro code       0x4500     0x4  startup_ADuCM3029.o [4]
  .text              ro code       0x4504     0x4  startup_ADuCM3029.o [4]
  .text              ro code       0x4508     0x4  startup_ADuCM3029.o [4]
  .text              ro code       0x450c     0x4  startup_ADuCM3029.o [4]
  .text              ro code       0x4510     0x4  startup_ADuCM3029.o [4]
  .text              ro code       0x4514     0x4  startup_ADuCM3029.o [4]
  .text              ro code       0x4518     0x4  startup_ADuCM3029.o [4]
  .text              ro code       0x451c     0x4  startup_ADuCM3029.o [4]
  .text              ro code       0x4520     0x4  startup_ADuCM3029.o [4]
  .text              ro code       0x4524     0x4  startup_ADuCM3029.o [4]
  .text              ro code       0x4528     0x4  startup_ADuCM3029.o [4]
  .text              ro code       0x452c     0x4  startup_ADuCM3029.o [4]
  .text              ro code       0x4530     0x4  startup_ADuCM3029.o [4]
  .text              ro code       0x4534     0x4  startup_ADuCM3029.o [4]
  .text              ro code       0x4538     0x4  startup_ADuCM3029.o [4]
  .text              ro code       0x453c     0x4  startup_ADuCM3029.o [4]
  .text              ro code       0x4540     0x4  startup_ADuCM3029.o [4]
  .text              ro code       0x4544     0x4  startup_ADuCM3029.o [4]
  .text              ro code       0x4548     0x4  startup_ADuCM3029.o [4]
  .text              ro code       0x454c     0x4  startup_ADuCM3029.o [4]
  .text              ro code       0x4550     0x4  startup_ADuCM3029.o [4]
  .text              ro code       0x4554     0x4  startup_ADuCM3029.o [4]
  .text              ro code       0x4558     0x4  startup_ADuCM3029.o [4]
  .text              ro code       0x455c     0x4  startup_ADuCM3029.o [4]
  .text              ro code       0x4560     0x4  startup_ADuCM3029.o [4]
  .text              ro code       0x4564     0x4  startup_ADuCM3029.o [4]
  .text              ro code       0x4568     0x4  startup_ADuCM3029.o [4]
  .text              ro code       0x456c     0x4  startup_ADuCM3029.o [4]
  .text              ro code       0x4570     0x4  startup_ADuCM3029.o [4]
  .text              ro code       0x4574     0x4  startup_ADuCM3029.o [4]
  .text              ro code       0x4578     0x4  startup_ADuCM3029.o [4]
  .text              ro code       0x457c     0x4  startup_ADuCM3029.o [4]
  .text              ro code       0x4580     0x4  startup_ADuCM3029.o [4]
  .text              ro code       0x4584     0x4  startup_ADuCM3029.o [4]
  .text              ro code       0x4588     0x4  startup_ADuCM3029.o [4]
  .text              ro code       0x458c     0x4  startup_ADuCM3029.o [4]
  .text              ro code       0x4590     0x4  startup_ADuCM3029.o [4]
  .text              ro code       0x4594     0x4  startup_ADuCM3029.o [4]
  .text              ro code       0x4598     0x4  startup_ADuCM3029.o [4]
  .text              ro code       0x459c     0x4  startup_ADuCM3029.o [4]
  .rodata            const         0x45a0     0x0  zero_init3.o [7]
  .rodata            const         0x45a0     0x0  copy_init3.o [7]
                                 - 0x45a0  0x3da0

"P3", part 1 of 2:                           0x60
  P3-1                        0x2000'0000    0x60  <Init block>
    .data            inited   0x2000'0000    0x60  UARTCmd.o [2]
                            - 0x2000'0060    0x60

"P3", part 2 of 2:                           0xd0
  .bss               zero     0x2000'0060    0x80  UARTCmd.o [2]
  .bss               zero     0x2000'00e0    0x1c  ad5940.o [1]
  .bss               zero     0x2000'00fc     0x4  AD5940Main.o [2]
  .bss               zero     0x2000'0100     0x4  ADICUP3029Port.o [1]
  .bss               zero     0x2000'0104     0x4  UARTCmd.o [2]
  .bss               zero     0x2000'0108     0x4  UARTCmd.o [2]
  .bss               zero     0x2000'010c     0x4  UARTCmd.o [2]
  .bss               zero     0x2000'0110     0x4  UARTCmd.o [2]
  .bss               zero     0x2000'0114     0x4  UARTCmd.o [2]
  .bss               zero     0x2000'0118     0x4  UARTCmd.o [2]
  .bss               zero     0x2000'011c     0x4  UARTCmd.o [2]
  .bss               zero     0x2000'0120     0x4  UARTCmd.o [2]
  .bss               zero     0x2000'0124     0x4  UARTCmd.o [2]
  .bss               zero     0x2000'0128     0x4  xfail_s.o [5]
  .bss               zero     0x2000'012c     0x1  ad5940.o [1]
                            - 0x2000'012d    0xcd

"A6":                                       0x400
  CSTACK                      0x2000'1c00   0x400  <Block>
    CSTACK           uninit   0x2000'1c00   0x400  <Block tail>
                            - 0x2000'2000   0x400

Unused ranges:

         From           To      Size
         ----           --      ----
       0x45a0     0x3'ffff  0x3'ba60
  0x2000'0130  0x2000'1bff    0x1ad0


*******************************************************************************
*** INIT TABLE
***

          Address      Size
          -------      ----
Zero (__iar_zero_init3)
    1 destination range, total size 0xcd:
          0x2000'0060  0xcd

Copy (__iar_copy_init3)
    1 source range, total size 0x60:
               0x3f74  0x60
    1 destination range, total size 0x60:
          0x2000'0000  0x60



*******************************************************************************
*** MODULE SUMMARY
***

    Module               ro code  ro data  rw data
    ------               -------  -------  -------
command line/config:
    ----------------------------------------------
    Total:

C:\Users\papuz\OneDrive\Desktop\IMSI_Project\WorkSpace\Terminal2\Debug\Obj\AD5940lib: [1]
    ADICUP3029Port.o         456                 4
    ad5940.o               3'060      128       29
    ----------------------------------------------
    Total:                 3'516      128       33

C:\Users\papuz\OneDrive\Desktop\IMSI_Project\WorkSpace\Terminal2\Debug\Obj\Application: [2]
    AD5940Main.o             284       96        4
    UARTCmd.o                904      816      260
    main.o                   620       52
    ----------------------------------------------
    Total:                 1'808      964      264

C:\Users\papuz\OneDrive\Desktop\IMSI_Project\WorkSpace\Terminal2\Debug\Obj\CMSIS-Pack\Device Cycle Count: [3]
    ----------------------------------------------
    Total:

C:\Users\papuz\OneDrive\Desktop\IMSI_Project\WorkSpace\Terminal2\Debug\Obj\CMSIS-Pack\Device Startup: [4]
    startup_ADuCM3029.o      604
    system_ADuCM3029.o       108       32
    ----------------------------------------------
    Total:                   712       32

dl7M_tln.a: [5]
    abort.o                    6
    exit.o                     4
    iar_Stolx.o              150
    iar_Stoulx.o             324       80
    low_level_init.o           4
    printf.o                  40
    xfail_s.o                 64                 4
    xprintffull_nomb.o     3'858
    xprout.o                  22
    ----------------------------------------------
    Total:                 4'472       80        4

m7M_tl.a: [6]
    DblAddSub.o              590
    DblCmpGe.o                52
    DblCmpLe.o                52
    DblDiv.o                 582
    DblMul.o                 426
    DblToS32.o                54
    DblToU32.o                34
    FltAddSub.o              354
    FltCmpLe.o                40
    FltDiv.o                 280
    FltMul.o                 216
    FltToU32.o                24
    S32ToDbl.o                34
    U32ToDbl.o                28
    U32ToFlt.o                26
    frexp.o                  112
    ldexp.o                  314
    ----------------------------------------------
    Total:                 3'218

rt7M_tl.a: [7]
    ABImemcpy.o              166
    I64DivMod.o              560
    I64DivZer.o                2
    XXexit.o                  12
    cexit.o                   10
    cmain.o                   30
    copy_init3.o              42
    cstartup_M.o              28
    data_init.o               40
    memchr.o                  88
    strchr.o                  22
    strcmp.o                  18
    strlen.o                  54
    zero_init3.o              56
    ----------------------------------------------
    Total:                 1'128

    Gaps                      30        4
    Linker created                     36    1'028
--------------------------------------------------
    Grand Total:          14'884    1'244    1'329


*******************************************************************************
*** ENTRY LIST
***

Entry                       Address   Size  Type      Object
-----                       -------   ----  ----      ------
.iar.init_table$$Base        0x427c          --   Gb  - Linker created -
.iar.init_table$$Limit       0x42a0          --   Gb  - Linker created -
?main                        0x42e1         Code  Gb  cmain.o [7]
AD5940PlatformCfg            0x3d7d   0xe4  Code  Lc  AD5940Main.o [2]
AD5940_AGPIOCfg              0x2da9   0x26  Code  Gb  ad5940.o [1]
AD5940_AGPIOFuncCfg          0x2dcf    0xc  Code  Gb  ad5940.o [1]
AD5940_AGPIOIen              0x2de7    0xc  Code  Gb  ad5940.o [1]
AD5940_AGPIOOen              0x2ddb    0xc  Code  Gb  ad5940.o [1]
AD5940_AGPIOPen              0x2df3    0xc  Code  Gb  ad5940.o [1]
AD5940_CLKCfg                0x2b99  0x112  Code  Gb  ad5940.o [1]
AD5940_CsClr                 0x3069    0xa  Code  Gb  ADICUP3029Port.o [1]
AD5940_CsSet                 0x3073    0xa  Code  Gb  ADICUP3029Port.o [1]
AD5940_Delay10us             0x308d   0x46  Code  Gb  ADICUP3029Port.o [1]
AD5940_FIFOCfg               0x2771   0x58  Code  Gb  ad5940.o [1]
AD5940_HFOSC32MHzCtrl        0x2cab   0x7e  Code  Gb  ad5940.o [1]
AD5940_HWReset               0x2e0d   0x1a  Code  Gb  ad5940.o [1]
AD5940_INTCCfg               0x2d29   0x34  Code  Gb  ad5940.o [1]
AD5940_INTCClrFlag           0x2d77    0xe  Code  Gb  ad5940.o [1]
AD5940_INTCGetCfg            0x2d5d   0x1a  Code  Gb  ad5940.o [1]
AD5940_INTCTestFlag          0x2d85   0x24  Code  Gb  ad5940.o [1]
AD5940_Initialize            0x26e1   0x82  Code  Gb  ad5940.o [1]
AD5940_LFOSCMeasure          0x2e27  0x1c8  Code  Gb  ad5940.o [1]
AD5940_LFOSCMeasure::SeqA
                             0x449c    0x4  Data  Lc  ad5940.o [1]
AD5940_LFOSCMeasure::SeqB
                             0x44a0    0x4  Data  Lc  ad5940.o [1]
AD5940_LFOSCMeasure::SeqBB
                             0x444c    0x8  Data  Lc  ad5940.o [1]
AD5940_MCUResourceInit       0x30d3   0x7e  Code  Gb  ADICUP3029Port.o [1]
AD5940_Main                  0x3e61   0x1a  Code  Gb  AD5940Main.o [2]
AD5940_ReadReg               0x26c5   0x1c  Code  Gb  ad5940.o [1]
AD5940_ReadWrite16B          0x258d   0x2c  Code  Lc  ad5940.o [1]
AD5940_ReadWrite32B          0x25b9   0x3e  Code  Lc  ad5940.o [1]
AD5940_ReadWrite8B           0x2575   0x18  Code  Lc  ad5940.o [1]
AD5940_ReadWriteNBytes       0x3019   0x50  Code  Gb  ADICUP3029Port.o [1]
AD5940_RstClr                0x3085    0x8  Code  Gb  ADICUP3029Port.o [1]
AD5940_RstSet                0x307d    0x8  Code  Gb  ADICUP3029Port.o [1]
AD5940_SEQCfg                0x27c9   0x74  Code  Gb  ad5940.o [1]
AD5940_SEQCmdWrite           0x289d   0x2c  Code  Gb  ad5940.o [1]
AD5940_SEQCtrlS              0x2875   0x28  Code  Gb  ad5940.o [1]
AD5940_SEQGenGetRegDefault
                             0x2463   0x10  Code  Lc  ad5940.o [1]
AD5940_SEQGenInsert          0x2409   0x28  Code  Gb  ad5940.o [1]
AD5940_SEQGenSearchReg       0x2431   0x32  Code  Lc  ad5940.o [1]
AD5940_SEQGetCfg             0x283d   0x38  Code  Gb  ad5940.o [1]
AD5940_SEQInfoCfg            0x28c9   0x70  Code  Gb  ad5940.o [1]
AD5940_SEQReadReg            0x24b9   0x3c  Code  Lc  ad5940.o [1]
AD5940_SEQRegInfoInsert
                             0x2473   0x46  Code  Lc  ad5940.o [1]
AD5940_SEQTimeOutRd          0x2939    0xc  Code  Gb  ad5940.o [1]
AD5940_SEQWriteReg           0x24f5   0x7c  Code  Lc  ad5940.o [1]
AD5940_SPIReadReg            0x2641   0x54  Code  Lc  ad5940.o [1]
AD5940_SPIWriteReg           0x25f7   0x4a  Code  Lc  ad5940.o [1]
AD5940_SleepKeyCtrlS         0x2dff    0xe  Code  Gb  ad5940.o [1]
AD5940_WUPTCfg               0x2945  0x154  Code  Gb  ad5940.o [1]
AD5940_WUPTCtrl              0x2a99   0x2a  Code  Gb  ad5940.o [1]
AD5940_WUPTTime              0x2ac3   0xd6  Code  Gb  ad5940.o [1]
AD5940_WriteReg              0x26a9   0x1c  Code  Gb  ad5940.o [1]
CHECKSUM$$Base                0x7fc          --   Gb  - Linker created -
CHECKSUM$$Limit               0x800          --   Gb  - Linker created -
CSTACK$$Base            0x2000'1c00          --   Gb  - Linker created -
CSTACK$$Limit           0x2000'2000          --   Gb  - Linker created -
Cli_CmdDump                  0x3601   0x60  Code  Gb  UARTCmd.o [2]
Cli_CmdDump::ix         0x2000'0118    0x4  Data  Lc  UARTCmd.o [2]
Cli_CmdDumpAD5940            0x3693   0x1e  Code  Gb  UARTCmd.o [2]
Cli_CmdDumpAD5940::ix   0x2000'0120    0x4  Data  Lc  UARTCmd.o [2]
Cli_CmdPush                  0x3661   0x2a  Code  Gb  UARTCmd.o [2]
Cli_CmdPush::ix         0x2000'011c    0x4  Data  Lc  UARTCmd.o [2]
Cli_CmdPushAD5940            0x36b1   0x38  Code  Gb  UARTCmd.o [2]
Cli_CmdPushAD5940::ix   0x2000'0124    0x4  Data  Lc  UARTCmd.o [2]
Cli_CmdReset                 0x368b    0x8  Code  Gb  UARTCmd.o [2]
Cli_CmdVersion               0x35d9   0x12  Code  Gb  UARTCmd.o [2]
Ext_Int0_Handler             0x3151    0xe  Code  Gb  ADICUP3029Port.o [1]
LFOSCFreq               0x2000'00fc    0x4  Data  Gb  AD5940Main.o [2]
MCUPlatformInit              0x3b4b   0x3e  Code  Gb  main.o [2]
Region$$Table$$Base          0x427c          --   Gb  - Linker created -
Region$$Table$$Limit         0x42a0          --   Gb  - Linker created -
SPIReadReg                   0x2695    0xa  Code  Gb  ad5940.o [1]
SPIWriteReg                  0x269f    0xa  Code  Gb  ad5940.o [1]
SeqGenDB                0x2000'00e0   0x1c  Data  Gb  ad5940.o [1]
Str2Num                      0x3791   0x12  Code  Lc  UARTCmd.o [2]
SystemInit                   0x3f09   0x2c  Code  Gb  system_ADuCM3029.o [4]
UARTCmd_MatchCommand         0x373f   0x52  Code  Gb  UARTCmd.o [2]
UARTCmd_Process              0x3809   0x80  Code  Gb  UARTCmd.o [2]
UARTCmd_RemoveSpaces         0x36e9   0x56  Code  Gb  UARTCmd.o [2]
UARTCmd_TranslateParas       0x37a3   0x5c  Code  Gb  UARTCmd.o [2]
UART_Int_Handler             0x3cc7   0x54  Code  Gb  main.o [2]
UrtCfg                       0x3b89  0x130  Code  Gb  main.o [2]
_LitobFullNoMb               0x1519  0x10c  Code  Lc  xprintffull_nomb.o [5]
_PrintfFullNoMb               0x801  0xce8  Code  Gb  xprintffull_nomb.o [5]
_Prout                       0x43d5   0x16  Code  Gb  xprout.o [5]
_PutcharFullNoMb             0x167d   0x20  Code  Lc  xprintffull_nomb.o [5]
_PutcharsFullNoMb            0x169d   0x2e  Code  Lc  xprintffull_nomb.o [5]
__NVIC_EnableIRQ             0x2ffd   0x1c  Code  Lc  ADICUP3029Port.o [1]
__NVIC_EnableIRQ             0x3b11   0x1c  Code  Lc  main.o [2]
__NVIC_SystemReset           0x3575   0x1e  Code  Lc  UARTCmd.o [2]
__Vectors                       0x0          --   Gb  startup_ADuCM3029.o [4]
__Vectors_End                 0x140         Data  Gb  startup_ADuCM3029.o [4]
__Vectors_Size {Abs}          0x140          --   Gb  startup_ADuCM3029.o [4]
__aeabi_cdcmple              0x193d         Code  Gb  DblCmpLe.o [6]
__aeabi_cdrcmple             0x1971         Code  Gb  DblCmpGe.o [6]
__aeabi_cfcmple              0x31c5         Code  Gb  FltCmpLe.o [6]
__aeabi_d2iz                 0x1ae1         Code  Gb  DblToS32.o [6]
__aeabi_d2uiz                0x1fd5         Code  Gb  DblToU32.o [6]
__aeabi_ddiv                 0x1d8d         Code  Gb  DblDiv.o [6]
__aeabi_dmul                 0x2015         Code  Gb  DblMul.o [6]
__aeabi_dsub                 0x1ca9         Code  Gb  DblAddSub.o [6]
__aeabi_f2uiz                0x3429         Code  Gb  FltToU32.o [6]
__aeabi_fadd                 0x32c5         Code  Gb  FltAddSub.o [6]
__aeabi_fdiv                 0x345d         Code  Gb  FltDiv.o [6]
__aeabi_fmul                 0x31ed         Code  Gb  FltMul.o [6]
__aeabi_i2d                  0x1b19         Code  Gb  S32ToDbl.o [6]
__aeabi_ldiv0                0x23f9         Code  Gb  I64DivZer.o [7]
__aeabi_memcpy               0x1825         Code  Gb  ABImemcpy.o [7]
__aeabi_memcpy4              0x1845         Code  Gb  ABImemcpy.o [7]
__aeabi_memcpy8              0x1845         Code  Gb  ABImemcpy.o [7]
__aeabi_ui2d                 0x1ff9         Code  Gb  U32ToDbl.o [6]
__aeabi_ui2f                 0x3441         Code  Gb  U32ToFlt.o [6]
__aeabi_uldivmod             0x21c1         Code  Gb  I64DivMod.o [7]
__cmain                      0x42e1         Code  Gb  cmain.o [7]
__exit                       0x23fd         Code  Gb  XXexit.o [7]
__iar_Fail_s                 0x1755   0x1c  Code  Gb  xfail_s.o [5]
__iar_Memchr                 0x17cd         Code  Gb  memchr.o [7]
__iar_Stolx                  0x3937   0x92  Code  Gb  iar_Stolx.o [5]
__iar_Stoulx                 0x39cd  0x13e  Code  Gb  iar_Stoulx.o [5]
__iar_Strchr                 0x173d         Code  Gb  strchr.o [7]
__iar_copy_init3             0x1713   0x2a  Code  Gb  copy_init3.o [7]
__iar_data_init3             0x41e9   0x28  Code  Gb  data_init.o [7]
__iar_frexp                  0x18d9         Code  Gb  frexp.o [6]
__iar_frexp64                0x18cd         Code  Gb  frexp.o [6]
__iar_frexpl                 0x18d9         Code  Gb  frexp.o [6]
__iar_ldexp64                0x19a5         Code  Gb  ldexp.o [6]
__iar_program_start          0x43a1         Code  Gb  cstartup_M.o [7]
__iar_scalbln64              0x19a5         Code  Gb  ldexp.o [6]
__iar_scalbn64               0x19a5         Code  Gb  ldexp.o [6]
__iar_zero_init3             0x40a1   0x38  Code  Gb  zero_init3.o [7]
__low_level_init             0x42ff    0x4  Code  Gb  low_level_init.o [5]
__vector_table                  0x0         Data  Gb  startup_ADuCM3029.o [4]
__vector_table_0x1c            0x1c         Data  Gb  startup_ADuCM3029.o [4]
_call_main                   0x42ed         Code  Gb  cmain.o [7]
_exit                        0x4309         Code  Gb  cexit.o [7]
abort                        0x23f1    0x6  Code  Gb  abort.o [5]
adi_system_EnableRetention
                             0x3f35   0x28  Code  Gb  system_ADuCM3029.o [4]
bIsS2silicon            0x2000'012c    0x1  Data  Lc  ad5940.o [1]
digits                       0x3ffc   0x28  Data  Lc  iar_Stoulx.o [5]
exit                         0x4303    0x4  Code  Gb  exit.o [5]
frexp                        0x18cd         Code  Gb  frexp.o [6]
frexpl                       0x18cd         Code  Gb  frexp.o [6]
help                         0x3593   0x46  Code  Gb  UARTCmd.o [2]
ldexp                        0x19a5         Code  Gb  ldexp.o [6]
ldexpl                       0x19a5         Code  Gb  ldexp.o [6]
line_buffer             0x2000'0060   0x80  Data  Gb  UARTCmd.o [2]
line_buffer_index       0x2000'0104    0x4  Data  Gb  UARTCmd.o [2]
main                         0x3b2d   0x1e  Code  Gb  main.o [2]
memchr                       0x17cd         Code  Gb  memchr.o [7]
ndigs                        0x3fd4   0x28  Data  Lc  iar_Stoulx.o [5]
pObjFound               0x2000'010c    0x4  Data  Gb  UARTCmd.o [2]
parameter1              0x2000'0110    0x4  Data  Gb  UARTCmd.o [2]
parameter2              0x2000'0114    0x4  Data  Gb  UARTCmd.o [2]
printf                       0x38fd   0x28  Code  Gb  printf.o [5]
putchar                      0x3cb9    0xe  Code  Gb  main.o [2]
say_hello                    0x35eb   0x16  Code  Gb  UARTCmd.o [2]
scalbln                      0x19a5         Code  Gb  ldexp.o [6]
scalblnl                     0x19a5         Code  Gb  ldexp.o [6]
scalbn                       0x19a5         Code  Gb  ldexp.o [6]
scalbnl                      0x19a5         Code  Gb  ldexp.o [6]
scale                        0x1625   0x46  Code  Lc  xprintffull_nomb.o [5]
sec_hand                0x2000'0128    0x4  Data  Lc  xfail_s.o [5]
strchr                       0x173d         Code  Gb  strchr.o [7]
strcmp                       0x3925         Code  Gb  strcmp.o [7]
strlen                       0x1795         Code  Gb  strlen.o [7]
strtol                       0x39c9    0x4  Code  Gb  iar_Stolx.o [5]
token_count             0x2000'0108    0x4  Data  Gb  UARTCmd.o [2]
uart_cmd_table          0x2000'0000   0x60  Data  Gb  UARTCmd.o [2]
ucInterrupted           0x2000'0100    0x4  Data  Lc  ADICUP3029Port.o [1]


[1] = C:\Users\papuz\OneDrive\Desktop\IMSI_Project\WorkSpace\Terminal2\Debug\Obj\AD5940lib
[2] = C:\Users\papuz\OneDrive\Desktop\IMSI_Project\WorkSpace\Terminal2\Debug\Obj\Application
[3] = C:\Users\papuz\OneDrive\Desktop\IMSI_Project\WorkSpace\Terminal2\Debug\Obj\CMSIS-Pack\Device Cycle Count
[4] = C:\Users\papuz\OneDrive\Desktop\IMSI_Project\WorkSpace\Terminal2\Debug\Obj\CMSIS-Pack\Device Startup
[5] = dl7M_tln.a
[6] = m7M_tl.a
[7] = rt7M_tl.a

  14'884 bytes of readonly  code memory
   1'244 bytes of readonly  data memory
   1'329 bytes of readwrite data memory

Errors: none
Warnings: none
